wrote 22 configs to configs/ablation/
=== abl_attn_ema_tgt4_seed0 (done, skipping) ===
=== abl_attn_ema_tgt4_seed1 (done, skipping) ===
=== abl_attn_ema_tgt4_seed2 (done, skipping) ===
=== abl_attnc8_ema_tgt4_seed0 (done, skipping) ===
=== abl_attnc8_ema_tgt4_seed1 (done, skipping) ===
=== abl_attnc8_ema_tgt4_seed2 (done, skipping) ===
=== abl_c4_ema_tgt4_seed0 (done, skipping) ===
=== abl_c4_ema_tgt4_seed1 (done, skipping) ===
=== abl_c4_ema_tgt4_seed2 (done, skipping) ===
=== abl_c8_ema_tgt4_seed0 (done, skipping) ===
=== abl_c8_ema_tgt4_seed1 (done, skipping) ===
=== abl_c8_ema_tgt4_seed2 (done, skipping) ===
=== abl_ema_tgt1_seed0 (done, skipping) ===
=== abl_ema_tgt1_seed1 (done, skipping) ===
=== abl_ema_tgt1_seed2 (done, skipping) ===
=== abl_ema_tgt2_seed0 (done, skipping) ===
=== abl_ema_tgt2_seed1 (done, skipping) ===
=== abl_ema_tgt2_seed2 (done, skipping) ===
=== abl_ema_tgt6_seed0 (done, skipping) ===
=== abl_ema_tgt6_seed1 (done, skipping) ===
=== abl_ema_tgt6_seed2 (done, skipping) ===
=== abl_infonce_ema_tgt4_seed0 (done, skipping) ===
=== abl_infonce_ema_tgt4_seed1 (done, skipping) ===
=== abl_infonce_ema_tgt4_seed2 (done, skipping) ===
=== abl_k16_ema_tgt4_seed0 (done, skipping) ===
=== abl_k16_ema_tgt4_seed1 (done, skipping) ===
=== abl_k16_ema_tgt4_seed2 (done, skipping) ===
=== abl_k32_ema_tgt4_seed0 (done, skipping) ===
=== abl_k32_ema_tgt4_seed1 (done, skipping) ===
=== abl_k32_ema_tgt4_seed2 (done, skipping) ===
=== abl_k4_ema_tgt4_seed0 (done, skipping) ===
=== abl_k4_ema_tgt4_seed1 (done, skipping) ===
=== abl_k4_ema_tgt4_seed2 (done, skipping) ===
=== abl_l2_ema_tgt4_seed0 (done, skipping) ===
=== abl_l2_ema_tgt4_seed1 (done, skipping) ===
=== abl_l2_ema_tgt4_seed2 (done, skipping) ===
=== abl_m16_ema_tgt4_seed0 (done, skipping) ===
=== abl_m16_ema_tgt4_seed1 (done, skipping) ===
=== abl_m16_ema_tgt4_seed2 (done, skipping) ===
=== abl_m8_ema_tgt4_seed0 (done, skipping) ===
=== abl_m8_ema_tgt4_seed1 (done, skipping) ===
=== abl_m8_ema_tgt4_seed2 (done, skipping) ===
=== abl_mtp_k8_seed0 (done, skipping) ===
=== abl_mtp_k8_seed1 (done, skipping) ===
=== abl_mtp_k8_seed2 (done, skipping) ===
=== abl_s2_combo_seed0 ===
step   4000 loss 0.6714 [ntp=0.046 jepa_pooled=0.626] path_acc 0.648 decision_acc 0.711 erank 51.2 (285.7k tok/s)
SUMMARY {"run": "abl_s2_combo_seed0", "config": "configs/ablation/abl_s2_combo.yaml", "device": "cuda", "params": 4994816, "steps": 4000, "final": {"path_acc": 0.6484375, "decision_acc": 0.7114624505928854}, "best": {"path_acc": 0.66796875, "decision_acc": 0.7114624505928854}, "eranks": {"erank_0": 32.76, "erank_1": 46.69, "erank_2": 61.66, "erank_3": 57.52, "erank_4": 58.25, "erank_5": 56.61, "erank_6": 51.18}, "wall_s": 263.4}
=== abl_s2_combo_seed1 ===
step   4000 loss 0.6556 [ntp=0.043 jepa_pooled=0.613] path_acc 0.688 decision_acc 0.776 erank 46.4 (280.5k tok/s)
SUMMARY {"run": "abl_s2_combo_seed1", "config": "configs/ablation/abl_s2_combo.yaml", "device": "cuda", "params": 4994816, "steps": 4000, "final": {"path_acc": 0.6875, "decision_acc": 0.7764705882352941}, "best": {"path_acc": 0.6875, "decision_acc": 0.7764705882352941}, "eranks": {"erank_0": 32.31, "erank_1": 39.34, "erank_2": 49.11, "erank_3": 50.49, "erank_4": 48.56, "erank_5": 46.57, "erank_6": 46.38}, "wall_s": 268.3}
=== abl_s2_combo_seed2 ===
step   4000 loss 0.6611 [ntp=0.051 jepa_pooled=0.610] path_acc 0.684 decision_acc 0.751 erank 59.8 (285.0k tok/s)
SUMMARY {"run": "abl_s2_combo_seed2", "config": "configs/ablation/abl_s2_combo.yaml", "device": "cuda", "params": 4994816, "steps": 4000, "final": {"path_acc": 0.68359375, "decision_acc": 0.7509881422924901}, "best": {"path_acc": 0.68359375, "decision_acc": 0.7549407114624506}, "eranks": {"erank_0": 33.37, "erank_1": 50.63, "erank_2": 65.96, "erank_3": 68.64, "erank_4": 67.96, "erank_5": 63.51, "erank_6": 59.79}, "wall_s": 264.1}
=== abl_s2_mtp8jepa_seed0 ===
step   4000 loss 0.6124 [ntp=0.034 mtp=0.546 jepa_pooled=0.032] path_acc 0.773 decision_acc 0.798 erank 5.6 (257.4k tok/s)
SUMMARY {"run": "abl_s2_mtp8jepa_seed0", "config": "configs/ablation/abl_s2_mtp8jepa.yaml", "device": "cuda", "params": 5070080, "steps": 4000, "final": {"path_acc": 0.7734375, "decision_acc": 0.7984189723320159}, "best": {"path_acc": 0.7734375, "decision_acc": 0.8142292490118577}, "eranks": {"erank_0": 30.13, "erank_1": 21.8, "erank_2": 2.74, "erank_3": 2.78, "erank_4": 2.57, "erank_5": 3.6, "erank_6": 5.57}, "wall_s": 292.4}
=== abl_s2_mtp8jepa_seed1 ===
