wrote 22 configs to configs/ablation/
=== abl_attn_ema_tgt4_seed0 ===
step   4000 loss 0.0618 [ntp=0.053 jepa_pooled=0.009] path_acc 0.625 decision_acc 0.696 erank 38.6 (294.8k tok/s)
SUMMARY {"run": "abl_attn_ema_tgt4_seed0", "config": "configs/ablation/abl_attn_ema_tgt4.yaml", "device": "cuda", "params": 4995072, "steps": 4000, "final": {"path_acc": 0.625, "decision_acc": 0.6956521739130435}, "best": {"path_acc": 0.65234375, "decision_acc": 0.7114624505928854}, "eranks": {"erank_0": 25.57, "erank_1": 16.78, "erank_2": 23.07, "erank_3": 28.35, "erank_4": 30.37, "erank_5": 33.58, "erank_6": 38.61}, "wall_s": 255.3}
=== abl_attn_ema_tgt4_seed1 ===
step   4000 loss 0.0565 [ntp=0.049 jepa_pooled=0.007] path_acc 0.672 decision_acc 0.773 erank 31.8 (286.1k tok/s)
SUMMARY {"run": "abl_attn_ema_tgt4_seed1", "config": "configs/ablation/abl_attn_ema_tgt4.yaml", "device": "cuda", "params": 4995072, "steps": 4000, "final": {"path_acc": 0.671875, "decision_acc": 0.7725490196078432}, "best": {"path_acc": 0.67578125, "decision_acc": 0.7725490196078432}, "eranks": {"erank_0": 26.46, "erank_1": 9.34, "erank_2": 12.59, "erank_3": 16.35, "erank_4": 18.59, "erank_5": 20.72, "erank_6": 31.79}, "wall_s": 263.1}
=== abl_attn_ema_tgt4_seed2 ===
step   4000 loss 0.0711 [ntp=0.059 jepa_pooled=0.013] path_acc 0.621 decision_acc 0.708 erank 46.7 (276.5k tok/s)
SUMMARY {"run": "abl_attn_ema_tgt4_seed2", "config": "configs/ablation/abl_attn_ema_tgt4.yaml", "device": "cuda", "params": 4995072, "steps": 4000, "final": {"path_acc": 0.62109375, "decision_acc": 0.7075098814229249}, "best": {"path_acc": 0.66796875, "decision_acc": 0.7628458498023716}, "eranks": {"erank_0": 27.83, "erank_1": 24.46, "erank_2": 27.83, "erank_3": 35.08, "erank_4": 38.38, "erank_5": 44.23, "erank_6": 46.67}, "wall_s": 272.2}
=== abl_attnc8_ema_tgt4_seed0 ===
step   4000 loss 0.0667 [ntp=0.057 jepa_pooled=0.010] path_acc 0.625 decision_acc 0.696 erank 27.9 (280.7k tok/s)
SUMMARY {"run": "abl_attnc8_ema_tgt4_seed0", "config": "configs/ablation/abl_attnc8_ema_tgt4.yaml", "device": "cuda", "params": 4995072, "steps": 4000, "final": {"path_acc": 0.625, "decision_acc": 0.6956521739130435}, "best": {"path_acc": 0.6328125, "decision_acc": 0.6956521739130435}, "eranks": {"erank_0": 24.15, "erank_1": 7.62, "erank_2": 11.74, "erank_3": 14.07, "erank_4": 15.68, "erank_5": 19.51, "erank_6": 27.93}, "wall_s": 268.1}
=== abl_attnc8_ema_tgt4_seed1 ===
step   4000 loss 0.0699 [ntp=0.057 jepa_pooled=0.013] path_acc 0.609 decision_acc 0.722 erank 34.4 (271.9k tok/s)
SUMMARY {"run": "abl_attnc8_ema_tgt4_seed1", "config": "configs/ablation/abl_attnc8_ema_tgt4.yaml", "device": "cuda", "params": 4995072, "steps": 4000, "final": {"path_acc": 0.609375, "decision_acc": 0.7215686274509804}, "best": {"path_acc": 0.609375, "decision_acc": 0.7215686274509804}, "eranks": {"erank_0": 24.41, "erank_1": 13.28, "erank_2": 21.22, "erank_3": 27.89, "erank_4": 32.36, "erank_5": 34.66, "erank_6": 34.37}, "wall_s": 276.8}
=== abl_attnc8_ema_tgt4_seed2 ===
step   4000 loss 0.0774 [ntp=0.066 jepa_pooled=0.011] path_acc 0.586 decision_acc 0.700 erank 35.2 (281.4k tok/s)
SUMMARY {"run": "abl_attnc8_ema_tgt4_seed2", "config": "configs/ablation/abl_attnc8_ema_tgt4.yaml", "device": "cuda", "params": 4995072, "steps": 4000, "final": {"path_acc": 0.5859375, "decision_acc": 0.6996047430830039}, "best": {"path_acc": 0.640625, "decision_acc": 0.7470355731225297}, "eranks": {"erank_0": 24.32, "erank_1": 7.77, "erank_2": 13.53, "erank_3": 15.99, "erank_4": 18.31, "erank_5": 22.14, "erank_6": 35.22}, "wall_s": 267.5}
=== abl_c4_ema_tgt4_seed0 ===
step   4000 loss 0.1289 [ntp=0.051 jepa_pooled=0.078] path_acc 0.703 decision_acc 0.747 erank 28.1 (299.2k tok/s)
SUMMARY {"run": "abl_c4_ema_tgt4_seed0", "config": "configs/ablation/abl_c4_ema_tgt4.yaml", "device": "cuda", "params": 4994816, "steps": 4000, "final": {"path_acc": 0.703125, "decision_acc": 0.7470355731225297}, "best": {"path_acc": 0.703125, "decision_acc": 0.7470355731225297}, "eranks": {"erank_0": 28.19, "erank_1": 22.86, "erank_2": 32.9, "erank_3": 35.03, "erank_4": 29.33, "erank_5": 27.87, "erank_6": 28.09}, "wall_s": 251.6}
=== abl_c4_ema_tgt4_seed1 ===
step   4000 loss 0.1260 [ntp=0.048 jepa_pooled=0.078] path_acc 0.676 decision_acc 0.765 erank 37.1 (328.0k tok/s)
SUMMARY {"run": "abl_c4_ema_tgt4_seed1", "config": "configs/ablation/abl_c4_ema_tgt4.yaml", "device": "cuda", "params": 4994816, "steps": 4000, "final": {"path_acc": 0.67578125, "decision_acc": 0.7647058823529411}, "best": {"path_acc": 0.6796875, "decision_acc": 0.7647058823529411}, "eranks": {"erank_0": 27.51, "erank_1": 20.68, "erank_2": 32.54, "erank_3": 37.18, "erank_4": 33.83, "erank_5": 32.77, "erank_6": 37.12}, "wall_s": 229.4}
=== abl_c4_ema_tgt4_seed2 ===
step   4000 loss 0.1433 [ntp=0.058 jepa_pooled=0.086] path_acc 0.648 decision_acc 0.727 erank 41.8 (295.0k tok/s)
SUMMARY {"run": "abl_c4_ema_tgt4_seed2", "config": "configs/ablation/abl_c4_ema_tgt4.yaml", "device": "cuda", "params": 4994816, "steps": 4000, "final": {"path_acc": 0.6484375, "decision_acc": 0.7272727272727273}, "best": {"path_acc": 0.66015625, "decision_acc": 0.7509881422924901}, "eranks": {"erank_0": 29.32, "erank_1": 27.18, "erank_2": 38.25, "erank_3": 40.73, "erank_4": 43.31, "erank_5": 41.82, "erank_6": 41.78}, "wall_s": 255.1}
=== abl_c8_ema_tgt4_seed0 ===
step   4000 loss 0.1215 [ntp=0.046 jepa_pooled=0.075] path_acc 0.656 decision_acc 0.708 erank 24.6 (289.3k tok/s)
SUMMARY {"run": "abl_c8_ema_tgt4_seed0", "config": "configs/ablation/abl_c8_ema_tgt4.yaml", "device": "cuda", "params": 4994816, "steps": 4000, "final": {"path_acc": 0.65625, "decision_acc": 0.7075098814229249}, "best": {"path_acc": 0.66015625, "decision_acc": 0.7075098814229249}, "eranks": {"erank_0": 27.29, "erank_1": 13.92, "erank_2": 20.44, "erank_3": 22.62, "erank_4": 19.51, "erank_5": 20.96, "erank_6": 24.62}, "wall_s": 260.1}
=== abl_c8_ema_tgt4_seed1 ===
step   4000 loss 0.1159 [ntp=0.046 jepa_pooled=0.070] path_acc 0.668 decision_acc 0.761 erank 25.7 (292.6k tok/s)
SUMMARY {"run": "abl_c8_ema_tgt4_seed1", "config": "configs/ablation/abl_c8_ema_tgt4.yaml", "device": "cuda", "params": 4994816, "steps": 4000, "final": {"path_acc": 0.66796875, "decision_acc": 0.7607843137254902}, "best": {"path_acc": 0.66796875, "decision_acc": 0.7607843137254902}, "eranks": {"erank_0": 27.15, "erank_1": 14.6, "erank_2": 22.25, "erank_3": 26.4, "erank_4": 24.03, "erank_5": 23.87, "erank_6": 25.69}, "wall_s": 257.3}
=== abl_c8_ema_tgt4_seed2 ===
step   4000 loss 0.1445 [ntp=0.053 jepa_pooled=0.091] path_acc 0.676 decision_acc 0.763 erank 42.8 (290.1k tok/s)
SUMMARY {"run": "abl_c8_ema_tgt4_seed2", "config": "configs/ablation/abl_c8_ema_tgt4.yaml", "device": "cuda", "params": 4994816, "steps": 4000, "final": {"path_acc": 0.67578125, "decision_acc": 0.7628458498023716}, "best": {"path_acc": 0.68359375, "decision_acc": 0.7747035573122529}, "eranks": {"erank_0": 30.09, "erank_1": 20.13, "erank_2": 34.36, "erank_3": 39.63, "erank_4": 40.94, "erank_5": 39.71, "erank_6": 42.81}, "wall_s": 259.4}
=== abl_ema_tgt1_seed0 ===
step   4000 loss 0.1079 [ntp=0.051 jepa_pooled=0.057] path_acc 0.645 decision_acc 0.711 erank 50.3 (291.8k tok/s)
SUMMARY {"run": "abl_ema_tgt1_seed0", "config": "configs/ablation/abl_ema_tgt1.yaml", "device": "cuda", "params": 4994816, "steps": 4000, "final": {"path_acc": 0.64453125, "decision_acc": 0.7114624505928854}, "best": {"path_acc": 0.65625, "decision_acc": 0.7114624505928854}, "eranks": {"erank_0": 27.82, "erank_1": 27.17, "erank_2": 39.29, "erank_3": 45.22, "erank_4": 47.95, "erank_5": 51.92, "erank_6": 50.26}, "wall_s": 257.9}
=== abl_ema_tgt1_seed1 ===
step   4000 loss 0.0976 [ntp=0.047 jepa_pooled=0.051] path_acc 0.641 decision_acc 0.729 erank 56.1 (295.8k tok/s)
SUMMARY {"run": "abl_ema_tgt1_seed1", "config": "configs/ablation/abl_ema_tgt1.yaml", "device": "cuda", "params": 4994816, "steps": 4000, "final": {"path_acc": 0.640625, "decision_acc": 0.7294117647058823}, "best": {"path_acc": 0.640625, "decision_acc": 0.7294117647058823}, "eranks": {"erank_0": 29.7, "erank_1": 32.63, "erank_2": 43.63, "erank_3": 48.82, "erank_4": 54.67, "erank_5": 58.04, "erank_6": 56.14}, "wall_s": 254.4}
=== abl_ema_tgt1_seed2 ===
step   4000 loss 0.1023 [ntp=0.057 jepa_pooled=0.046] path_acc 0.621 decision_acc 0.735 erank 58.6 (301.9k tok/s)
SUMMARY {"run": "abl_ema_tgt1_seed2", "config": "configs/ablation/abl_ema_tgt1.yaml", "device": "cuda", "params": 4994816, "steps": 4000, "final": {"path_acc": 0.62109375, "decision_acc": 0.7351778656126482}, "best": {"path_acc": 0.66015625, "decision_acc": 0.7549407114624506}, "eranks": {"erank_0": 30.69, "erank_1": 33.91, "erank_2": 35.3, "erank_3": 43.0, "erank_4": 46.73, "erank_5": 52.6, "erank_6": 58.62}, "wall_s": 249.3}
=== abl_ema_tgt2_seed0 ===
step   4000 loss 0.1005 [ntp=0.053 jepa_pooled=0.047] path_acc 0.645 decision_acc 0.700 erank 47.0 (293.5k tok/s)
SUMMARY {"run": "abl_ema_tgt2_seed0", "config": "configs/ablation/abl_ema_tgt2.yaml", "device": "cuda", "params": 4994816, "steps": 4000, "final": {"path_acc": 0.64453125, "decision_acc": 0.6996047430830039}, "best": {"path_acc": 0.64453125, "decision_acc": 0.6996047430830039}, "eranks": {"erank_0": 28.5, "erank_1": 26.51, "erank_2": 37.7, "erank_3": 40.72, "erank_4": 41.19, "erank_5": 44.5, "erank_6": 47.05}, "wall_s": 256.4}
=== abl_ema_tgt2_seed1 ===
step   4000 loss 0.0943 [ntp=0.047 jepa_pooled=0.048] path_acc 0.684 decision_acc 0.765 erank 51.6 (293.1k tok/s)
SUMMARY {"run": "abl_ema_tgt2_seed1", "config": "configs/ablation/abl_ema_tgt2.yaml", "device": "cuda", "params": 4994816, "steps": 4000, "final": {"path_acc": 0.68359375, "decision_acc": 0.7647058823529411}, "best": {"path_acc": 0.6953125, "decision_acc": 0.7843137254901961}, "eranks": {"erank_0": 30.1, "erank_1": 20.02, "erank_2": 33.33, "erank_3": 40.94, "erank_4": 46.38, "erank_5": 49.69, "erank_6": 51.65}, "wall_s": 256.8}
=== abl_ema_tgt2_seed2 ===
step   4000 loss 0.1058 [ntp=0.058 jepa_pooled=0.047] path_acc 0.672 decision_acc 0.735 erank 47.4 (297.6k tok/s)
SUMMARY {"run": "abl_ema_tgt2_seed2", "config": "configs/ablation/abl_ema_tgt2.yaml", "device": "cuda", "params": 4994816, "steps": 4000, "final": {"path_acc": 0.671875, "decision_acc": 0.7351778656126482}, "best": {"path_acc": 0.67578125, "decision_acc": 0.766798418972332}, "eranks": {"erank_0": 29.96, "erank_1": 30.72, "erank_2": 30.99, "erank_3": 34.52, "erank_4": 39.08, "erank_5": 43.98, "erank_6": 47.35}, "wall_s": 252.9}
=== abl_ema_tgt6_seed0 ===
step   4000 loss 0.1202 [ntp=0.053 jepa_pooled=0.067] path_acc 0.641 decision_acc 0.700 erank 47.5 (274.2k tok/s)
SUMMARY {"run": "abl_ema_tgt6_seed0", "config": "configs/ablation/abl_ema_tgt6.yaml", "device": "cuda", "params": 4994816, "steps": 4000, "final": {"path_acc": 0.640625, "decision_acc": 0.6996047430830039}, "best": {"path_acc": 0.640625, "decision_acc": 0.7035573122529645}, "eranks": {"erank_0": 27.6, "erank_1": 27.55, "erank_2": 36.86, "erank_3": 42.52, "erank_4": 43.64, "erank_5": 47.28, "erank_6": 47.55}, "wall_s": 274.5}
=== abl_ema_tgt6_seed1 ===
step   4000 loss 0.0991 [ntp=0.047 jepa_pooled=0.052] path_acc 0.648 decision_acc 0.753 erank 55.6 (293.1k tok/s)
SUMMARY {"run": "abl_ema_tgt6_seed1", "config": "configs/ablation/abl_ema_tgt6.yaml", "device": "cuda", "params": 4994816, "steps": 4000, "final": {"path_acc": 0.6484375, "decision_acc": 0.7529411764705882}, "best": {"path_acc": 0.66015625, "decision_acc": 0.7607843137254902}, "eranks": {"erank_0": 27.75, "erank_1": 24.84, "erank_2": 37.6, "erank_3": 42.24, "erank_4": 46.62, "erank_5": 50.12, "erank_6": 55.64}, "wall_s": 256.8}
=== abl_ema_tgt6_seed2 ===
step   4000 loss 0.1244 [ntp=0.057 jepa_pooled=0.067] path_acc 0.633 decision_acc 0.735 erank 61.7 (292.6k tok/s)
SUMMARY {"run": "abl_ema_tgt6_seed2", "config": "configs/ablation/abl_ema_tgt6.yaml", "device": "cuda", "params": 4994816, "steps": 4000, "final": {"path_acc": 0.6328125, "decision_acc": 0.7351778656126482}, "best": {"path_acc": 0.64453125, "decision_acc": 0.7549407114624506}, "eranks": {"erank_0": 30.37, "erank_1": 34.31, "erank_2": 44.0, "erank_3": 49.32, "erank_4": 51.89, "erank_5": 59.63, "erank_6": 61.67}, "wall_s": 257.2}
=== abl_infonce_ema_tgt4_seed0 ===
step   4000 loss 0.5889 [ntp=0.048 jepa_pooled=0.541] path_acc 0.633 decision_acc 0.700 erank 87.5 (287.9k tok/s)
SUMMARY {"run": "abl_infonce_ema_tgt4_seed0", "config": "configs/ablation/abl_infonce_ema_tgt4.yaml", "device": "cuda", "params": 4994816, "steps": 4000, "final": {"path_acc": 0.6328125, "decision_acc": 0.6996047430830039}, "best": {"path_acc": 0.66796875, "decision_acc": 0.7312252964426877}, "eranks": {"erank_0": 32.4, "erank_1": 51.16, "erank_2": 63.26, "erank_3": 67.29, "erank_4": 73.77, "erank_5": 80.43, "erank_6": 87.54}, "wall_s": 261.4}
=== abl_infonce_ema_tgt4_seed1 ===
step   4000 loss 0.6399 [ntp=0.043 jepa_pooled=0.597] path_acc 0.703 decision_acc 0.788 erank 83.3 (312.2k tok/s)
SUMMARY {"run": "abl_infonce_ema_tgt4_seed1", "config": "configs/ablation/abl_infonce_ema_tgt4.yaml", "device": "cuda", "params": 4994816, "steps": 4000, "final": {"path_acc": 0.703125, "decision_acc": 0.788235294117647}, "best": {"path_acc": 0.703125, "decision_acc": 0.788235294117647}, "eranks": {"erank_0": 32.77, "erank_1": 50.01, "erank_2": 56.54, "erank_3": 61.42, "erank_4": 65.58, "erank_5": 75.84, "erank_6": 83.33}, "wall_s": 241.1}
=== abl_infonce_ema_tgt4_seed2 ===
step   4000 loss 0.6293 [ntp=0.053 jepa_pooled=0.576] path_acc 0.664 decision_acc 0.763 erank 84.3 (289.9k tok/s)
SUMMARY {"run": "abl_infonce_ema_tgt4_seed2", "config": "configs/ablation/abl_infonce_ema_tgt4.yaml", "device": "cuda", "params": 4994816, "steps": 4000, "final": {"path_acc": 0.6640625, "decision_acc": 0.7628458498023716}, "best": {"path_acc": 0.6640625, "decision_acc": 0.7628458498023716}, "eranks": {"erank_0": 32.68, "erank_1": 48.92, "erank_2": 57.45, "erank_3": 64.03, "erank_4": 69.54, "erank_5": 76.18, "erank_6": 84.35}, "wall_s": 259.6}
=== abl_k16_ema_tgt4_seed0 ===
step   4000 loss 0.1089 [ntp=0.055 jepa_pooled=0.054] path_acc 0.645 decision_acc 0.708 erank 47.6 (301.9k tok/s)
SUMMARY {"run": "abl_k16_ema_tgt4_seed0", "config": "configs/ablation/abl_k16_ema_tgt4.yaml", "device": "cuda", "params": 4994816, "steps": 4000, "final": {"path_acc": 0.64453125, "decision_acc": 0.7075098814229249}, "best": {"path_acc": 0.64453125, "decision_acc": 0.7075098814229249}, "eranks": {"erank_0": 28.09, "erank_1": 29.05, "erank_2": 35.96, "erank_3": 40.96, "erank_4": 41.5, "erank_5": 44.75, "erank_6": 47.6}, "wall_s": 249.3}
=== abl_k16_ema_tgt4_seed1 ===
step   4000 loss 0.0991 [ntp=0.047 jepa_pooled=0.052] path_acc 0.680 decision_acc 0.773 erank 51.0 (292.9k tok/s)
SUMMARY {"run": "abl_k16_ema_tgt4_seed1", "config": "configs/ablation/abl_k16_ema_tgt4.yaml", "device": "cuda", "params": 4994816, "steps": 4000, "final": {"path_acc": 0.6796875, "decision_acc": 0.7725490196078432}, "best": {"path_acc": 0.6796875, "decision_acc": 0.7725490196078432}, "eranks": {"erank_0": 28.61, "erank_1": 25.72, "erank_2": 37.16, "erank_3": 42.67, "erank_4": 46.12, "erank_5": 49.75, "erank_6": 51.02}, "wall_s": 256.9}
=== abl_k16_ema_tgt4_seed2 ===
step   4000 loss 0.1067 [ntp=0.057 jepa_pooled=0.049] path_acc 0.656 decision_acc 0.755 erank 49.7 (298.5k tok/s)
SUMMARY {"run": "abl_k16_ema_tgt4_seed2", "config": "configs/ablation/abl_k16_ema_tgt4.yaml", "device": "cuda", "params": 4994816, "steps": 4000, "final": {"path_acc": 0.65625, "decision_acc": 0.7549407114624506}, "best": {"path_acc": 0.65625, "decision_acc": 0.7549407114624506}, "eranks": {"erank_0": 28.58, "erank_1": 30.46, "erank_2": 31.93, "erank_3": 40.21, "erank_4": 44.89, "erank_5": 51.43, "erank_6": 49.66}, "wall_s": 252.2}
=== abl_k32_ema_tgt4_seed0 ===
step   4000 loss 0.0771 [ntp=0.051 jepa_pooled=0.026] path_acc 0.621 decision_acc 0.696 erank 39.0 (297.1k tok/s)
SUMMARY {"run": "abl_k32_ema_tgt4_seed0", "config": "configs/ablation/abl_k32_ema_tgt4.yaml", "device": "cuda", "params": 4994816, "steps": 4000, "final": {"path_acc": 0.62109375, "decision_acc": 0.6956521739130435}, "best": {"path_acc": 0.64453125, "decision_acc": 0.6996047430830039}, "eranks": {"erank_0": 26.16, "erank_1": 24.78, "erank_2": 24.34, "erank_3": 29.95, "erank_4": 33.88, "erank_5": 36.87, "erank_6": 38.99}, "wall_s": 253.3}
=== abl_k32_ema_tgt4_seed1 ===
step   4000 loss 0.0741 [ntp=0.048 jepa_pooled=0.026] path_acc 0.680 decision_acc 0.765 erank 43.9 (291.7k tok/s)
SUMMARY {"run": "abl_k32_ema_tgt4_seed1", "config": "configs/ablation/abl_k32_ema_tgt4.yaml", "device": "cuda", "params": 4994816, "steps": 4000, "final": {"path_acc": 0.6796875, "decision_acc": 0.7647058823529411}, "best": {"path_acc": 0.6796875, "decision_acc": 0.7843137254901961}, "eranks": {"erank_0": 27.65, "erank_1": 18.81, "erank_2": 28.21, "erank_3": 33.52, "erank_4": 36.29, "erank_5": 39.56, "erank_6": 43.91}, "wall_s": 258.0}
=== abl_k32_ema_tgt4_seed2 ===
step   4000 loss 0.0783 [ntp=0.057 jepa_pooled=0.021] path_acc 0.648 decision_acc 0.759 erank 40.4 (291.7k tok/s)
SUMMARY {"run": "abl_k32_ema_tgt4_seed2", "config": "configs/ablation/abl_k32_ema_tgt4.yaml", "device": "cuda", "params": 4994816, "steps": 4000, "final": {"path_acc": 0.6484375, "decision_acc": 0.758893280632411}, "best": {"path_acc": 0.67578125, "decision_acc": 0.7747035573122529}, "eranks": {"erank_0": 30.23, "erank_1": 26.15, "erank_2": 17.45, "erank_3": 19.64, "erank_4": 23.59, "erank_5": 27.65, "erank_6": 40.41}, "wall_s": 258.1}
=== abl_k4_ema_tgt4_seed0 ===
step   4000 loss 0.1417 [ntp=0.051 jepa_pooled=0.091] path_acc 0.645 decision_acc 0.715 erank 51.0 (291.3k tok/s)
SUMMARY {"run": "abl_k4_ema_tgt4_seed0", "config": "configs/ablation/abl_k4_ema_tgt4.yaml", "device": "cuda", "params": 4994816, "steps": 4000, "final": {"path_acc": 0.64453125, "decision_acc": 0.7154150197628458}, "best": {"path_acc": 0.64453125, "decision_acc": 0.7193675889328063}, "eranks": {"erank_0": 27.82, "erank_1": 27.5, "erank_2": 38.39, "erank_3": 45.24, "erank_4": 47.83, "erank_5": 51.7, "erank_6": 51.04}, "wall_s": 258.4}
=== abl_k4_ema_tgt4_seed1 ===
step   4000 loss 0.1196 [ntp=0.044 jepa_pooled=0.075] path_acc 0.656 decision_acc 0.757 erank 54.0 (293.3k tok/s)
SUMMARY {"run": "abl_k4_ema_tgt4_seed1", "config": "configs/ablation/abl_k4_ema_tgt4.yaml", "device": "cuda", "params": 4994816, "steps": 4000, "final": {"path_acc": 0.65625, "decision_acc": 0.7568627450980392}, "best": {"path_acc": 0.65625, "decision_acc": 0.7568627450980392}, "eranks": {"erank_0": 29.13, "erank_1": 25.02, "erank_2": 37.32, "erank_3": 45.24, "erank_4": 49.85, "erank_5": 52.87, "erank_6": 53.97}, "wall_s": 256.6}
=== abl_k4_ema_tgt4_seed2 ===
step   4000 loss 0.1546 [ntp=0.059 jepa_pooled=0.095] path_acc 0.633 decision_acc 0.723 erank 55.1 (296.3k tok/s)
SUMMARY {"run": "abl_k4_ema_tgt4_seed2", "config": "configs/ablation/abl_k4_ema_tgt4.yaml", "device": "cuda", "params": 4994816, "steps": 4000, "final": {"path_acc": 0.6328125, "decision_acc": 0.7233201581027668}, "best": {"path_acc": 0.671875, "decision_acc": 0.7509881422924901}, "eranks": {"erank_0": 30.18, "erank_1": 31.26, "erank_2": 40.67, "erank_3": 48.04, "erank_4": 49.15, "erank_5": 54.12, "erank_6": 55.14}, "wall_s": 254.0}
=== abl_l2_ema_tgt4_seed0 ===
step   4000 loss 1.1542 [ntp=0.052 jepa_pooled=1.102] path_acc 0.641 decision_acc 0.696 erank 52.0 (304.2k tok/s)
SUMMARY {"run": "abl_l2_ema_tgt4_seed0", "config": "configs/ablation/abl_l2_ema_tgt4.yaml", "device": "cuda", "params": 4994816, "steps": 4000, "final": {"path_acc": 0.640625, "decision_acc": 0.6956521739130435}, "best": {"path_acc": 0.66796875, "decision_acc": 0.7193675889328063}, "eranks": {"erank_0": 26.33, "erank_1": 24.4, "erank_2": 37.34, "erank_3": 42.32, "erank_4": 47.73, "erank_5": 50.25, "erank_6": 51.96}, "wall_s": 247.4}
=== abl_l2_ema_tgt4_seed1 ===
step   4000 loss 0.9864 [ntp=0.047 jepa_pooled=0.940] path_acc 0.680 decision_acc 0.769 erank 46.9 (292.5k tok/s)
SUMMARY {"run": "abl_l2_ema_tgt4_seed1", "config": "configs/ablation/abl_l2_ema_tgt4.yaml", "device": "cuda", "params": 4994816, "steps": 4000, "final": {"path_acc": 0.6796875, "decision_acc": 0.7686274509803922}, "best": {"path_acc": 0.6796875, "decision_acc": 0.7686274509803922}, "eranks": {"erank_0": 23.92, "erank_1": 22.28, "erank_2": 31.83, "erank_3": 35.21, "erank_4": 40.87, "erank_5": 43.27, "erank_6": 46.85}, "wall_s": 257.3}
=== abl_l2_ema_tgt4_seed2 ===
step   4000 loss 0.9943 [ntp=0.056 jepa_pooled=0.939] path_acc 0.699 decision_acc 0.763 erank 57.2 (294.6k tok/s)
SUMMARY {"run": "abl_l2_ema_tgt4_seed2", "config": "configs/ablation/abl_l2_ema_tgt4.yaml", "device": "cuda", "params": 4994816, "steps": 4000, "final": {"path_acc": 0.69921875, "decision_acc": 0.7628458498023716}, "best": {"path_acc": 0.69921875, "decision_acc": 0.7865612648221344}, "eranks": {"erank_0": 26.88, "erank_1": 28.71, "erank_2": 41.72, "erank_3": 47.17, "erank_4": 51.02, "erank_5": 55.19, "erank_6": 57.17}, "wall_s": 255.5}
=== abl_m16_ema_tgt4_seed0 ===
step   4000 loss 0.2137 [ntp=0.053 jepa_pertoken=0.161] path_acc 0.629 decision_acc 0.700 erank 37.2 (227.6k tok/s)
SUMMARY {"run": "abl_m16_ema_tgt4_seed0", "config": "configs/ablation/abl_m16_ema_tgt4.yaml", "device": "cuda", "params": 6960896, "steps": 4000, "final": {"path_acc": 0.62890625, "decision_acc": 0.6996047430830039}, "best": {"path_acc": 0.62890625, "decision_acc": 0.7114624505928854}, "eranks": {"erank_0": 25.86, "erank_1": 20.72, "erank_2": 23.88, "erank_3": 28.03, "erank_4": 29.7, "erank_5": 33.73, "erank_6": 37.22}, "wall_s": 330.7}
=== abl_m16_ema_tgt4_seed1 ===
step   4000 loss 0.2041 [ntp=0.055 jepa_pertoken=0.149] path_acc 0.676 decision_acc 0.749 erank 40.1 (215.2k tok/s)
SUMMARY {"run": "abl_m16_ema_tgt4_seed1", "config": "configs/ablation/abl_m16_ema_tgt4.yaml", "device": "cuda", "params": 6960896, "steps": 4000, "final": {"path_acc": 0.67578125, "decision_acc": 0.7490196078431373}, "best": {"path_acc": 0.67578125, "decision_acc": 0.7568627450980392}, "eranks": {"erank_0": 25.26, "erank_1": 12.39, "erank_2": 21.2, "erank_3": 26.65, "erank_4": 30.37, "erank_5": 32.86, "erank_6": 40.07}, "wall_s": 349.8}
=== abl_m16_ema_tgt4_seed2 ===
step   4000 loss 0.2234 [ntp=0.062 jepa_pertoken=0.161] path_acc 0.637 decision_acc 0.739 erank 30.7 (213.5k tok/s)
SUMMARY {"run": "abl_m16_ema_tgt4_seed2", "config": "configs/ablation/abl_m16_ema_tgt4.yaml", "device": "cuda", "params": 6960896, "steps": 4000, "final": {"path_acc": 0.63671875, "decision_acc": 0.7391304347826086}, "best": {"path_acc": 0.6640625, "decision_acc": 0.7628458498023716}, "eranks": {"erank_0": 25.93, "erank_1": 22.28, "erank_2": 15.41, "erank_3": 18.08, "erank_4": 22.43, "erank_5": 25.37, "erank_6": 30.75}, "wall_s": 352.6}
=== abl_m8_ema_tgt4_seed0 ===
step   4000 loss 0.1991 [ntp=0.051 jepa_pertoken=0.149] path_acc 0.645 decision_acc 0.708 erank 42.3 (250.5k tok/s)
SUMMARY {"run": "abl_m8_ema_tgt4_seed0", "config": "configs/ablation/abl_m8_ema_tgt4.yaml", "device": "cuda", "params": 5912320, "steps": 4000, "final": {"path_acc": 0.64453125, "decision_acc": 0.7075098814229249}, "best": {"path_acc": 0.64453125, "decision_acc": 0.7075098814229249}, "eranks": {"erank_0": 28.25, "erank_1": 23.08, "erank_2": 25.99, "erank_3": 31.13, "erank_4": 33.11, "erank_5": 35.68, "erank_6": 42.34}, "wall_s": 300.4}
=== abl_m8_ema_tgt4_seed1 ===
step   4000 loss 0.1945 [ntp=0.046 jepa_pertoken=0.148] path_acc 0.668 decision_acc 0.749 erank 46.0 (247.8k tok/s)
SUMMARY {"run": "abl_m8_ema_tgt4_seed1", "config": "configs/ablation/abl_m8_ema_tgt4.yaml", "device": "cuda", "params": 5912320, "steps": 4000, "final": {"path_acc": 0.66796875, "decision_acc": 0.7490196078431373}, "best": {"path_acc": 0.66796875, "decision_acc": 0.7490196078431373}, "eranks": {"erank_0": 26.73, "erank_1": 14.79, "erank_2": 23.14, "erank_3": 31.47, "erank_4": 35.28, "erank_5": 41.75, "erank_6": 46.01}, "wall_s": 303.7}
=== abl_m8_ema_tgt4_seed2 ===
step   4000 loss 0.2163 [ntp=0.057 jepa_pertoken=0.160] path_acc 0.648 decision_acc 0.759 erank 48.2 (254.8k tok/s)
SUMMARY {"run": "abl_m8_ema_tgt4_seed2", "config": "configs/ablation/abl_m8_ema_tgt4.yaml", "device": "cuda", "params": 5912320, "steps": 4000, "final": {"path_acc": 0.6484375, "decision_acc": 0.758893280632411}, "best": {"path_acc": 0.69140625, "decision_acc": 0.7905138339920948}, "eranks": {"erank_0": 28.98, "erank_1": 21.74, "erank_2": 29.67, "erank_3": 35.83, "erank_4": 40.98, "erank_5": 46.4, "erank_6": 48.18}, "wall_s": 295.4}
=== abl_mtp_k8_seed0 ===
step   4000 loss 0.4952 [ntp=0.035 mtp=0.461] path_acc 0.805 decision_acc 0.818 erank 6.4 (299.9k tok/s)
SUMMARY {"run": "abl_mtp_k8_seed0", "config": "configs/ablation/abl_mtp_k8.yaml", "device": "cuda", "params": 4807936, "steps": 4000, "final": {"path_acc": 0.8046875, "decision_acc": 0.8181818181818182}, "best": {"path_acc": 0.8046875, "decision_acc": 0.8260869565217391}, "eranks": {"erank_0": 27.73, "erank_1": 4.42, "erank_2": 5.5, "erank_3": 4.33, "erank_4": 3.03, "erank_5": 3.4, "erank_6": 6.36}, "wall_s": 251.0}
=== abl_mtp_k8_seed1 ===
step   4000 loss 0.4843 [ntp=0.032 mtp=0.452] path_acc 0.836 decision_acc 0.878 erank 8.9 (297.2k tok/s)
SUMMARY {"run": "abl_mtp_k8_seed1", "config": "configs/ablation/abl_mtp_k8.yaml", "device": "cuda", "params": 4807936, "steps": 4000, "final": {"path_acc": 0.8359375, "decision_acc": 0.8784313725490196}, "best": {"path_acc": 0.8359375, "decision_acc": 0.8784313725490196}, "eranks": {"erank_0": 26.27, "erank_1": 2.29, "erank_2": 2.6, "erank_3": 2.99, "erank_4": 3.3, "erank_5": 4.42, "erank_6": 8.85}, "wall_s": 253.3}
=== abl_mtp_k8_seed2 ===
step   4000 loss 0.4677 [ntp=0.034 mtp=0.434] path_acc 0.793 decision_acc 0.838 erank 47.0 (306.4k tok/s)
SUMMARY {"run": "abl_mtp_k8_seed2", "config": "configs/ablation/abl_mtp_k8.yaml", "device": "cuda", "params": 4807936, "steps": 4000, "final": {"path_acc": 0.79296875, "decision_acc": 0.8379446640316206}, "best": {"path_acc": 0.796875, "decision_acc": 0.841897233201581}, "eranks": {"erank_0": 29.11, "erank_1": 16.98, "erank_2": 24.09, "erank_3": 27.75, "erank_4": 27.57, "erank_5": 33.87, "erank_6": 46.99}, "wall_s": 245.6}
=== abl_same_tgt2_seed0 ===
step   4000 loss 0.0895 [ntp=0.058 jepa_pooled=0.031] path_acc 0.625 decision_acc 0.692 erank 34.3 (303.3k tok/s)
SUMMARY {"run": "abl_same_tgt2_seed0", "config": "configs/ablation/abl_same_tgt2.yaml", "device": "cuda", "params": 4994816, "steps": 4000, "final": {"path_acc": 0.625, "decision_acc": 0.691699604743083}, "best": {"path_acc": 0.625, "decision_acc": 0.691699604743083}, "eranks": {"erank_0": 24.38, "erank_1": 10.41, "erank_2": 17.85, "erank_3": 22.35, "erank_4": 25.81, "erank_5": 29.57, "erank_6": 34.31}, "wall_s": 248.2}
=== abl_same_tgt2_seed1 ===
step   4000 loss 0.0900 [ntp=0.055 jepa_pooled=0.035] path_acc 0.645 decision_acc 0.729 erank 31.8 (327.6k tok/s)
SUMMARY {"run": "abl_same_tgt2_seed1", "config": "configs/ablation/abl_same_tgt2.yaml", "device": "cuda", "params": 4994816, "steps": 4000, "final": {"path_acc": 0.64453125, "decision_acc": 0.7294117647058823}, "best": {"path_acc": 0.64453125, "decision_acc": 0.7294117647058823}, "eranks": {"erank_0": 24.08, "erank_1": 10.08, "erank_2": 16.6, "erank_3": 21.55, "erank_4": 25.05, "erank_5": 28.78, "erank_6": 31.83}, "wall_s": 229.7}
=== abl_same_tgt2_seed2 ===
step   4000 loss 0.0947 [ntp=0.062 jepa_pooled=0.032] path_acc 0.676 decision_acc 0.747 erank 30.3 (326.8k tok/s)
SUMMARY {"run": "abl_same_tgt2_seed2", "config": "configs/ablation/abl_same_tgt2.yaml", "device": "cuda", "params": 4994816, "steps": 4000, "final": {"path_acc": 0.67578125, "decision_acc": 0.7470355731225297}, "best": {"path_acc": 0.67578125, "decision_acc": 0.7470355731225297}, "eranks": {"erank_0": 23.36, "erank_1": 8.11, "erank_2": 11.43, "erank_3": 16.31, "erank_4": 20.4, "erank_5": 24.86, "erank_6": 30.33}, "wall_s": 230.3}
=== abl_same_tgt4_seed0 ===
step   4000 loss 0.1292 [ntp=0.060 jepa_pooled=0.069] path_acc 0.617 decision_acc 0.688 erank 34.4 (326.6k tok/s)
SUMMARY {"run": "abl_same_tgt4_seed0", "config": "configs/ablation/abl_same_tgt4.yaml", "device": "cuda", "params": 4994816, "steps": 4000, "final": {"path_acc": 0.6171875, "decision_acc": 0.6877470355731226}, "best": {"path_acc": 0.6171875, "decision_acc": 0.6996047430830039}, "eranks": {"erank_0": 23.55, "erank_1": 13.1, "erank_2": 19.89, "erank_3": 24.41, "erank_4": 28.56, "erank_5": 32.83, "erank_6": 34.43}, "wall_s": 230.5}
=== abl_same_tgt4_seed1 ===
step   4000 loss 0.0834 [ntp=0.047 jepa_pooled=0.036] path_acc 0.652 decision_acc 0.725 erank 37.2 (327.9k tok/s)
SUMMARY {"run": "abl_same_tgt4_seed1", "config": "configs/ablation/abl_same_tgt4.yaml", "device": "cuda", "params": 4994816, "steps": 4000, "final": {"path_acc": 0.65234375, "decision_acc": 0.7254901960784313}, "best": {"path_acc": 0.67578125, "decision_acc": 0.7333333333333333}, "eranks": {"erank_0": 29.29, "erank_1": 18.78, "erank_2": 25.44, "erank_3": 30.28, "erank_4": 33.71, "erank_5": 36.52, "erank_6": 37.17}, "wall_s": 229.5}
=== abl_same_tgt4_seed2 ===
step   4000 loss 0.1277 [ntp=0.066 jepa_pooled=0.061] path_acc 0.555 decision_acc 0.664 erank 41.8 (324.7k tok/s)
SUMMARY {"run": "abl_same_tgt4_seed2", "config": "configs/ablation/abl_same_tgt4.yaml", "device": "cuda", "params": 4994816, "steps": 4000, "final": {"path_acc": 0.5546875, "decision_acc": 0.6640316205533597}, "best": {"path_acc": 0.58203125, "decision_acc": 0.6877470355731226}, "eranks": {"erank_0": 24.61, "erank_1": 17.57, "erank_2": 26.0, "erank_3": 31.71, "erank_4": 36.35, "erank_5": 41.36, "erank_6": 41.78}, "wall_s": 231.8}
=== abl_same_tgt6_seed0 ===
step   4000 loss 0.0970 [ntp=0.059 jepa_pooled=0.038] path_acc 0.621 decision_acc 0.676 erank 25.5 (328.4k tok/s)
SUMMARY {"run": "abl_same_tgt6_seed0", "config": "configs/ablation/abl_same_tgt6.yaml", "device": "cuda", "params": 4994816, "steps": 4000, "final": {"path_acc": 0.62109375, "decision_acc": 0.6758893280632411}, "best": {"path_acc": 0.62109375, "decision_acc": 0.6837944664031621}, "eranks": {"erank_0": 25.61, "erank_1": 17.39, "erank_2": 24.81, "erank_3": 29.07, "erank_4": 30.68, "erank_5": 34.2, "erank_6": 25.53}, "wall_s": 229.2}
=== abl_same_tgt6_seed1 ===
step   4000 loss 0.0946 [ntp=0.062 jepa_pooled=0.033] path_acc 0.547 decision_acc 0.651 erank 28.3 (330.8k tok/s)
SUMMARY {"run": "abl_same_tgt6_seed1", "config": "configs/ablation/abl_same_tgt6.yaml", "device": "cuda", "params": 4994816, "steps": 4000, "final": {"path_acc": 0.546875, "decision_acc": 0.6509803921568628}, "best": {"path_acc": 0.546875, "decision_acc": 0.6784313725490196}, "eranks": {"erank_0": 24.91, "erank_1": 12.96, "erank_2": 22.73, "erank_3": 30.01, "erank_4": 34.13, "erank_5": 34.22, "erank_6": 28.29}, "wall_s": 227.5}
=== abl_same_tgt6_seed2 ===
step   4000 loss 0.0992 [ntp=0.066 jepa_pooled=0.033] path_acc 0.629 decision_acc 0.731 erank 19.2 (333.1k tok/s)
SUMMARY {"run": "abl_same_tgt6_seed2", "config": "configs/ablation/abl_same_tgt6.yaml", "device": "cuda", "params": 4994816, "steps": 4000, "final": {"path_acc": 0.62890625, "decision_acc": 0.7312252964426877}, "best": {"path_acc": 0.62890625, "decision_acc": 0.7312252964426877}, "eranks": {"erank_0": 26.32, "erank_1": 19.03, "erank_2": 28.3, "erank_3": 32.75, "erank_4": 36.43, "erank_5": 40.57, "erank_6": 19.15}, "wall_s": 225.9}
=== abl_sigreg_ema_tgt4_seed0 ===
step   4000 loss 1.0314 [ntp=0.056 jepa_pooled=0.975] path_acc 0.605 decision_acc 0.676 erank 53.3 (288.1k tok/s)
SUMMARY {"run": "abl_sigreg_ema_tgt4_seed0", "config": "configs/ablation/abl_sigreg_ema_tgt4.yaml", "device": "cuda", "params": 4994816, "steps": 4000, "final": {"path_acc": 0.60546875, "decision_acc": 0.6758893280632411}, "best": {"path_acc": 0.6171875, "decision_acc": 0.6837944664031621}, "eranks": {"erank_0": 25.06, "erank_1": 25.45, "erank_2": 39.31, "erank_3": 44.25, "erank_4": 50.12, "erank_5": 54.32, "erank_6": 53.33}, "wall_s": 261.2}
=== abl_sigreg_ema_tgt4_seed1 ===
step   4000 loss 1.0836 [ntp=0.049 jepa_pooled=1.035] path_acc 0.660 decision_acc 0.745 erank 49.9 (284.7k tok/s)
SUMMARY {"run": "abl_sigreg_ema_tgt4_seed1", "config": "configs/ablation/abl_sigreg_ema_tgt4.yaml", "device": "cuda", "params": 4994816, "steps": 4000, "final": {"path_acc": 0.66015625, "decision_acc": 0.7450980392156863}, "best": {"path_acc": 0.66015625, "decision_acc": 0.7490196078431373}, "eranks": {"erank_0": 24.02, "erank_1": 22.93, "erank_2": 33.6, "erank_3": 39.69, "erank_4": 45.51, "erank_5": 46.55, "erank_6": 49.95}, "wall_s": 264.4}
=== abl_sigreg_ema_tgt4_seed2 ===
step   4000 loss 1.0856 [ntp=0.061 jepa_pooled=1.024] path_acc 0.598 decision_acc 0.696 erank 60.9 (292.5k tok/s)
SUMMARY {"run": "abl_sigreg_ema_tgt4_seed2", "config": "configs/ablation/abl_sigreg_ema_tgt4.yaml", "device": "cuda", "params": 4994816, "steps": 4000, "final": {"path_acc": 0.59765625, "decision_acc": 0.6956521739130435}, "best": {"path_acc": 0.6171875, "decision_acc": 0.7233201581027668}, "eranks": {"erank_0": 26.79, "erank_1": 30.59, "erank_2": 44.48, "erank_3": 49.91, "erank_4": 53.78, "erank_5": 59.46, "erank_6": 60.93}, "wall_s": 257.3}
=== abl_src2_ema_tgt4_seed0 ===
step   4000 loss 0.1173 [ntp=0.049 jepa_pooled=0.069] path_acc 0.621 decision_acc 0.696 erank 36.6 (293.2k tok/s)
SUMMARY {"run": "abl_src2_ema_tgt4_seed0", "config": "configs/ablation/abl_src2_ema_tgt4.yaml", "device": "cuda", "params": 4994816, "steps": 4000, "final": {"path_acc": 0.62109375, "decision_acc": 0.6956521739130435}, "best": {"path_acc": 0.6484375, "decision_acc": 0.7075098814229249}, "eranks": {"erank_0": 26.19, "erank_1": 26.36, "erank_2": 27.13, "erank_3": 33.14, "erank_4": 35.77, "erank_5": 39.56, "erank_6": 36.57}, "wall_s": 256.7}
=== abl_src2_ema_tgt4_seed1 ===
step   4000 loss 0.1113 [ntp=0.050 jepa_pooled=0.062] path_acc 0.660 decision_acc 0.741 erank 35.7 (293.8k tok/s)
SUMMARY {"run": "abl_src2_ema_tgt4_seed1", "config": "configs/ablation/abl_src2_ema_tgt4.yaml", "device": "cuda", "params": 4994816, "steps": 4000, "final": {"path_acc": 0.66015625, "decision_acc": 0.7411764705882353}, "best": {"path_acc": 0.66015625, "decision_acc": 0.7411764705882353}, "eranks": {"erank_0": 27.0, "erank_1": 25.74, "erank_2": 27.34, "erank_3": 32.11, "erank_4": 32.82, "erank_5": 35.69, "erank_6": 35.7}, "wall_s": 256.2}
=== abl_src2_ema_tgt4_seed2 ===
step   4000 loss 0.1255 [ntp=0.057 jepa_pooled=0.068] path_acc 0.656 decision_acc 0.751 erank 41.2 (277.6k tok/s)
SUMMARY {"run": "abl_src2_ema_tgt4_seed2", "config": "configs/ablation/abl_src2_ema_tgt4.yaml", "device": "cuda", "params": 4994816, "steps": 4000, "final": {"path_acc": 0.65625, "decision_acc": 0.7509881422924901}, "best": {"path_acc": 0.6796875, "decision_acc": 0.7707509881422925}, "eranks": {"erank_0": 28.78, "erank_1": 27.9, "erank_2": 32.08, "erank_3": 37.84, "erank_4": 39.08, "erank_5": 44.74, "erank_6": 41.16}, "wall_s": 271.1}
=== abl_src4_ema_tgt4_seed0 ===
step   4000 loss 0.0983 [ntp=0.051 jepa_pooled=0.047] path_acc 0.625 decision_acc 0.680 erank 32.3 (279.0k tok/s)
SUMMARY {"run": "abl_src4_ema_tgt4_seed0", "config": "configs/ablation/abl_src4_ema_tgt4.yaml", "device": "cuda", "params": 4994816, "steps": 4000, "final": {"path_acc": 0.625, "decision_acc": 0.6798418972332015}, "best": {"path_acc": 0.64453125, "decision_acc": 0.7035573122529645}, "eranks": {"erank_0": 25.98, "erank_1": 23.38, "erank_2": 29.83, "erank_3": 33.3, "erank_4": 35.56, "erank_5": 35.04, "erank_6": 32.29}, "wall_s": 269.8}
=== abl_src4_ema_tgt4_seed1 ===
step   4000 loss 0.1029 [ntp=0.051 jepa_pooled=0.052] path_acc 0.676 decision_acc 0.769 erank 37.0 (291.2k tok/s)
SUMMARY {"run": "abl_src4_ema_tgt4_seed1", "config": "configs/ablation/abl_src4_ema_tgt4.yaml", "device": "cuda", "params": 4994816, "steps": 4000, "final": {"path_acc": 0.67578125, "decision_acc": 0.7686274509803922}, "best": {"path_acc": 0.67578125, "decision_acc": 0.7686274509803922}, "eranks": {"erank_0": 25.71, "erank_1": 23.13, "erank_2": 31.24, "erank_3": 36.62, "erank_4": 42.8, "erank_5": 43.64, "erank_6": 36.96}, "wall_s": 258.4}
=== abl_src4_ema_tgt4_seed2 ===
step   4000 loss 0.1007 [ntp=0.056 jepa_pooled=0.045] path_acc 0.633 decision_acc 0.747 erank 38.9 (279.0k tok/s)
SUMMARY {"run": "abl_src4_ema_tgt4_seed2", "config": "configs/ablation/abl_src4_ema_tgt4.yaml", "device": "cuda", "params": 4994816, "steps": 4000, "final": {"path_acc": 0.6328125, "decision_acc": 0.7470355731225297}, "best": {"path_acc": 0.66796875, "decision_acc": 0.7628458498023716}, "eranks": {"erank_0": 29.03, "erank_1": 29.63, "erank_2": 26.28, "erank_3": 33.77, "erank_4": 39.59, "erank_5": 40.52, "erank_6": 38.92}, "wall_s": 269.7}
=== abl_vicreg_ema_tgt4_seed0 ===
step   4000 loss 1.0091 [ntp=0.052 jepa_pooled=0.957] path_acc 0.652 decision_acc 0.704 erank 54.5 (280.7k tok/s)
SUMMARY {"run": "abl_vicreg_ema_tgt4_seed0", "config": "configs/ablation/abl_vicreg_ema_tgt4.yaml", "device": "cuda", "params": 4994816, "steps": 4000, "final": {"path_acc": 0.65234375, "decision_acc": 0.7035573122529645}, "best": {"path_acc": 0.65625, "decision_acc": 0.7035573122529645}, "eranks": {"erank_0": 25.76, "erank_1": 24.26, "erank_2": 34.59, "erank_3": 41.53, "erank_4": 46.67, "erank_5": 50.3, "erank_6": 54.46}, "wall_s": 268.1}
=== abl_vicreg_ema_tgt4_seed1 ===
step   4000 loss 0.8671 [ntp=0.043 jepa_pooled=0.824] path_acc 0.664 decision_acc 0.753 erank 55.1 (276.7k tok/s)
SUMMARY {"run": "abl_vicreg_ema_tgt4_seed1", "config": "configs/ablation/abl_vicreg_ema_tgt4.yaml", "device": "cuda", "params": 4994816, "steps": 4000, "final": {"path_acc": 0.6640625, "decision_acc": 0.7529411764705882}, "best": {"path_acc": 0.6640625, "decision_acc": 0.7529411764705882}, "eranks": {"erank_0": 25.74, "erank_1": 23.14, "erank_2": 33.9, "erank_3": 39.3, "erank_4": 45.72, "erank_5": 49.73, "erank_6": 55.07}, "wall_s": 272.0}
=== abl_vicreg_ema_tgt4_seed2 ===
step   4000 loss 0.7769 [ntp=0.053 jepa_pooled=0.724] path_acc 0.641 decision_acc 0.731 erank 63.6 (274.1k tok/s)
SUMMARY {"run": "abl_vicreg_ema_tgt4_seed2", "config": "configs/ablation/abl_vicreg_ema_tgt4.yaml", "device": "cuda", "params": 4994816, "steps": 4000, "final": {"path_acc": 0.640625, "decision_acc": 0.7312252964426877}, "best": {"path_acc": 0.703125, "decision_acc": 0.7905138339920948}, "eranks": {"erank_0": 28.46, "erank_1": 31.63, "erank_2": 44.03, "erank_3": 49.35, "erank_4": 53.66, "erank_5": 57.35, "erank_6": 63.64}, "wall_s": 274.6}
--- results ---
method                        n     decision_acc         path_acc         val_loss          val_ppl  erank_last  wall_s
abl_attn_ema_tgt4             3    0.725 ±0.034    0.639 ±0.023                                          39.0     264
abl_attnc8_ema_tgt4           3    0.706 ±0.011    0.607 ±0.016                                          32.5     271
abl_c4_ema_tgt4               3    0.746 ±0.015    0.676 ±0.022                                          35.7     245
abl_c8_ema_tgt4               3    0.744 ±0.026    0.667 ±0.008                                          31.0     259
abl_ema_tgt1                  3    0.725 ±0.010    0.635 ±0.010                                          55.0     254
abl_ema_tgt2                  3    0.733 ±0.027    0.667 ±0.016                                          48.7     255
abl_ema_tgt6                  3    0.729 ±0.022    0.641 ±0.006                                          55.0     263
abl_infonce_ema_tgt4          3    0.750 ±0.037    0.667 ±0.029                                          85.1     254
abl_k16_ema_tgt4              3    0.745 ±0.027    0.660 ±0.015                                          49.4     253
abl_k32_ema_tgt4              3    0.740 ±0.031    0.650 ±0.024                                          41.1     256
abl_k4_ema_tgt4               3    0.732 ±0.018    0.645 ±0.010                                          53.4     256
abl_l2_ema_tgt4               3    0.742 ±0.033    0.673 ±0.024                                          52.0     253
abl_m16_ema_tgt4              3    0.729 ±0.021    0.647 ±0.021                                          36.0     344
abl_m8_ema_tgt4               3    0.738 ±0.022    0.654 ±0.010                                          45.5     300
abl_mtp_k8                    3    0.845 ±0.025    0.811 ±0.018                                          20.7     250
abl_same_tgt2                 3    0.723 ±0.023    0.648 ±0.021                                          32.2     236
abl_same_tgt4                 3    0.692 ±0.025    0.608 ±0.040                                          37.8     231
abl_same_tgt6                 3    0.686 ±0.034    0.599 ±0.037                                          24.3     228
abl_sigreg_ema_tgt4           3    0.706 ±0.029    0.621 ±0.028                                          54.7     261
abl_src2_ema_tgt4             3    0.729 ±0.024    0.646 ±0.018                                          37.8     261
abl_src4_ema_tgt4             3    0.732 ±0.038    0.645 ±0.022                                          36.1     266
abl_vicreg_ema_tgt4           3    0.729 ±0.020    0.652 ±0.010                                          57.7     272
maze2_jepa_ans                3    0.736 ±0.040    0.645 ±0.031                                          24.9     386
maze2_jepa_ema                3    0.744 ±0.020    0.663 ±0.018                                          51.1     446
maze2_jepa_k16                3    0.714 ±0.021    0.629 ±0.017                                          36.1     382
maze2_pyramid_hi              3    0.720 ±0.024    0.639 ±0.037                                          55.1     465
maze_jepa                     3    0.712 ±0.009    0.639 ±0.013                                          39.7     233
maze_mtp                      3    0.821 ±0.014    0.780 ±0.016                                          16.3     234
maze_nitp                     3    0.709 ±0.025    0.637 ±0.025                                          43.7     218
maze_ntp                      3    0.696 ±0.043    0.605 ±0.031                                          27.4     222
maze_pertoken                 3    0.712 ±0.029    0.643 ±0.023                                          37.1     240
maze_pyramid                  3    0.731 ±0.025    0.656 ±0.016                                          44.6     249
stargraph_jepa                3    0.094 ±0.072    0.065 ±0.092                                          40.3     175
stargraph_mtp                 3    0.185 ±0.040    0.185 ±0.040                                           3.4     182
stargraph_nitp                3    0.049 ±0.013    0.000 ±0.000                                          24.1     170
stargraph_ntp                 3    0.076 ±0.057    0.052 ±0.074                                          17.7     167
stargraph_pertoken            3    0.134 ±0.079    0.125 ±0.091                                          17.6     193
stargraph_pyramid             3    0.109 ±0.081    0.074 ±0.105                                          34.2     213
tinystories_jepa              2                                      1.295 ±0.011    3.649 ±0.040       187.1    3626
tinystories_mtp               3                                      1.310 ±0.008    3.706 ±0.030       239.4    4194
tinystories_nitp              1                                      1.306 ±0.000    3.692 ±0.000       190.4    3632
tinystories_ntp               3                                      1.297 ±0.010    3.660 ±0.037       185.0    4229
tinystories_pertoken          1                                      1.302 ±0.000    3.678 ±0.000       193.3    3871
tinystories_pyramid           1                                      1.306 ±0.000    3.690 ±0.000       196.6    3991
