wrote 32 configs to configs/ablation/
=== abl_attn_ema_tgt4_seed0 (done, skipping) ===
=== abl_attn_ema_tgt4_seed1 (done, skipping) ===
=== abl_attn_ema_tgt4_seed2 (done, skipping) ===
=== abl_attnc8_ema_tgt4_seed0 (done, skipping) ===
=== abl_attnc8_ema_tgt4_seed1 (done, skipping) ===
=== abl_attnc8_ema_tgt4_seed2 (done, skipping) ===
=== abl_c4_ema_tgt4_seed0 (done, skipping) ===
=== abl_c4_ema_tgt4_seed1 (done, skipping) ===
=== abl_c4_ema_tgt4_seed2 (done, skipping) ===
=== abl_c8_ema_tgt4_seed0 (done, skipping) ===
=== abl_c8_ema_tgt4_seed1 (done, skipping) ===
=== abl_c8_ema_tgt4_seed2 (done, skipping) ===
=== abl_ema_tgt1_seed0 (done, skipping) ===
=== abl_ema_tgt1_seed1 (done, skipping) ===
=== abl_ema_tgt1_seed2 (done, skipping) ===
=== abl_ema_tgt2_seed0 (done, skipping) ===
=== abl_ema_tgt2_seed1 (done, skipping) ===
=== abl_ema_tgt2_seed2 (done, skipping) ===
=== abl_ema_tgt6_seed0 (done, skipping) ===
=== abl_ema_tgt6_seed1 (done, skipping) ===
=== abl_ema_tgt6_seed2 (done, skipping) ===
=== abl_h_d2v25_seed0 (done, skipping) ===
=== abl_h_d2v25_seed1 (done, skipping) ===
=== abl_h_d2v25_seed2 (done, skipping) ===
=== abl_h_d2v50_seed0 (done, skipping) ===
=== abl_h_d2v50_seed1 (done, skipping) ===
=== abl_h_d2v50_seed2 (done, skipping) ===
=== abl_h_d2vctl25_seed0 (done, skipping) ===
=== abl_h_d2vctl25_seed1 (done, skipping) ===
=== abl_h_d2vctl25_seed2 (done, skipping) ===
=== abl_h_d2vctl50_seed0 (done, skipping) ===
=== abl_h_d2vctl50_seed1 (done, skipping) ===
=== abl_h_d2vctl50_seed2 (done, skipping) ===
=== abl_h_entw_seed0 (done, skipping) ===
=== abl_h_entw_seed1 (done, skipping) ===
=== abl_h_entw_seed2 (done, skipping) ===
=== abl_h_gap16_seed0 (done, skipping) ===
=== abl_h_gap16_seed1 (done, skipping) ===
=== abl_h_gap16_seed2 (done, skipping) ===
=== abl_h_gap8_seed0 (done, skipping) ===
=== abl_h_gap8_seed1 (done, skipping) ===
=== abl_h_gap8_seed2 (done, skipping) ===
=== abl_h_lsh_seed0 (done, skipping) ===
=== abl_h_lsh_seed1 (done, skipping) ===
=== abl_h_lsh_seed2 (done, skipping) ===
=== abl_h_nceh_seed0 (done, skipping) ===
=== abl_h_nceh_seed1 (done, skipping) ===
=== abl_h_nceh_seed2 (done, skipping) ===
=== abl_h_noisytgt50_seed0 (done, skipping) ===
=== abl_h_noisytgt50_seed1 (done, skipping) ===
=== abl_h_noisytgt50_seed2 (done, skipping) ===
=== abl_infonce_ema_tgt4_seed0 (done, skipping) ===
=== abl_infonce_ema_tgt4_seed1 (done, skipping) ===
=== abl_infonce_ema_tgt4_seed2 (done, skipping) ===
=== abl_k16_ema_tgt4_seed0 (done, skipping) ===
=== abl_k16_ema_tgt4_seed1 (done, skipping) ===
=== abl_k16_ema_tgt4_seed2 (done, skipping) ===
=== abl_k32_ema_tgt4_seed0 (done, skipping) ===
=== abl_k32_ema_tgt4_seed1 (done, skipping) ===
=== abl_k32_ema_tgt4_seed2 (done, skipping) ===
=== abl_k4_ema_tgt4_seed0 (done, skipping) ===
=== abl_k4_ema_tgt4_seed1 (done, skipping) ===
=== abl_k4_ema_tgt4_seed2 (done, skipping) ===
=== abl_l2_ema_tgt4_seed0 (done, skipping) ===
=== abl_l2_ema_tgt4_seed1 (done, skipping) ===
=== abl_l2_ema_tgt4_seed2 (done, skipping) ===
=== abl_m16_ema_tgt4_seed0 (done, skipping) ===
=== abl_m16_ema_tgt4_seed1 (done, skipping) ===
=== abl_m16_ema_tgt4_seed2 (done, skipping) ===
=== abl_m8_ema_tgt4_seed0 (done, skipping) ===
=== abl_m8_ema_tgt4_seed1 (done, skipping) ===
=== abl_m8_ema_tgt4_seed2 (done, skipping) ===
=== abl_mtp_k8_seed0 (done, skipping) ===
=== abl_mtp_k8_seed1 (done, skipping) ===
=== abl_mtp_k8_seed2 (done, skipping) ===
=== abl_s2_combo_seed0 (done, skipping) ===
=== abl_s2_combo_seed1 (done, skipping) ===
=== abl_s2_combo_seed2 (done, skipping) ===
=== abl_s2_mtp8jepa_seed0 (done, skipping) ===
=== abl_s2_mtp8jepa_seed1 (done, skipping) ===
=== abl_s2_mtp8jepa_seed2 (done, skipping) ===
=== abl_s2_sg_combo_seed0 (done, skipping) ===
=== abl_s2_sg_combo_seed1 (done, skipping) ===
=== abl_s2_sg_combo_seed2 (done, skipping) ===
=== abl_s2_sg_mtp8_seed0 (done, skipping) ===
=== abl_s2_sg_mtp8_seed1 (done, skipping) ===
=== abl_s2_sg_mtp8_seed2 (done, skipping) ===
=== abl_same_tgt2_seed0 (done, skipping) ===
=== abl_same_tgt2_seed1 (done, skipping) ===
=== abl_same_tgt2_seed2 (done, skipping) ===
=== abl_same_tgt4_seed0 (done, skipping) ===
=== abl_same_tgt4_seed1 (done, skipping) ===
=== abl_same_tgt4_seed2 (done, skipping) ===
=== abl_same_tgt6_seed0 (done, skipping) ===
=== abl_same_tgt6_seed1 (done, skipping) ===
=== abl_same_tgt6_seed2 (done, skipping) ===
=== abl_sigreg_ema_tgt4_seed0 (done, skipping) ===
=== abl_sigreg_ema_tgt4_seed1 (done, skipping) ===
=== abl_sigreg_ema_tgt4_seed2 (done, skipping) ===
=== abl_src2_ema_tgt4_seed0 (done, skipping) ===
=== abl_src2_ema_tgt4_seed1 (done, skipping) ===
=== abl_src2_ema_tgt4_seed2 (done, skipping) ===
=== abl_src4_ema_tgt4_seed0 (done, skipping) ===
=== abl_src4_ema_tgt4_seed1 (done, skipping) ===
=== abl_src4_ema_tgt4_seed2 (done, skipping) ===
=== abl_vicreg_ema_tgt4_seed0 (done, skipping) ===
=== abl_vicreg_ema_tgt4_seed1 (done, skipping) ===
=== abl_vicreg_ema_tgt4_seed2 (done, skipping) ===
--- results ---
method                        n     decision_acc         path_acc         val_loss          val_ppl  erank_last  wall_s
abl_attn_ema_tgt4             3    0.725 ±0.034    0.639 ±0.023                                          39.0     264
abl_attnc8_ema_tgt4           3    0.706 ±0.011    0.607 ±0.016                                          32.5     271
abl_c4_ema_tgt4               3    0.746 ±0.015    0.676 ±0.022                                          35.7     245
abl_c8_ema_tgt4               3    0.744 ±0.026    0.667 ±0.008                                          31.0     259
abl_ema_tgt1                  3    0.725 ±0.010    0.635 ±0.010                                          55.0     254
abl_ema_tgt2                  3    0.733 ±0.027    0.667 ±0.016                                          48.7     255
abl_ema_tgt6                  3    0.729 ±0.022    0.641 ±0.006                                          55.0     263
abl_h_d2v25                   3    0.589 ±0.028    0.458 ±0.056                                          20.2     248
abl_h_d2v50                   3    0.428 ±0.045    0.092 ±0.073                                          13.3     258
abl_h_d2vctl25                3    0.603 ±0.015    0.479 ±0.010                                          20.8     222
abl_h_d2vctl50                3    0.536 ±0.012    0.367 ±0.018                                          21.9     226
abl_h_entw                    3    0.737 ±0.037    0.664 ±0.022                                          54.0     268
abl_h_gap16                   3    0.735 ±0.015    0.638 ±0.012                                          33.4     259
abl_h_gap8                    3    0.745 ±0.030    0.659 ±0.013                                          45.5     250
abl_h_lsh                     3    0.745 ±0.021    0.672 ±0.006                                          56.6     259
abl_h_nceh                    3    0.745 ±0.016    0.676 ±0.008                                          75.0     257
abl_h_noisytgt50              3    0.715 ±0.017    0.624 ±0.018                                          37.8     261
abl_infonce_ema_tgt4          3    0.750 ±0.037    0.667 ±0.029                                          85.1     254
abl_k16_ema_tgt4              3    0.745 ±0.027    0.660 ±0.015                                          49.4     253
abl_k32_ema_tgt4              3    0.740 ±0.031    0.650 ±0.024                                          41.1     256
abl_k4_ema_tgt4               3    0.732 ±0.018    0.645 ±0.010                                          53.4     256
abl_l2_ema_tgt4               3    0.742 ±0.033    0.673 ±0.024                                          52.0     253
abl_m16_ema_tgt4              3    0.729 ±0.021    0.647 ±0.021                                          36.0     344
abl_m8_ema_tgt4               3    0.738 ±0.022    0.654 ±0.010                                          45.5     300
abl_mtp_k8                    3    0.845 ±0.025    0.811 ±0.018                                          20.7     250
abl_s2_combo                  3    0.746 ±0.027    0.673 ±0.018                                          52.4     265
abl_s2_mtp8jepa               3    0.795 ±0.009    0.747 ±0.019                                          27.5     289
abl_s2_sg_combo               3    0.198 ±0.026    0.198 ±0.026                                           9.6     195
abl_s2_sg_mtp8                3    0.190 ±0.019    0.190 ±0.019                                          30.0     204
abl_same_tgt2                 3    0.723 ±0.023    0.648 ±0.021                                          32.2     236
abl_same_tgt4                 3    0.692 ±0.025    0.608 ±0.040                                          37.8     231
abl_same_tgt6                 3    0.686 ±0.034    0.599 ±0.037                                          24.3     228
abl_sigreg_ema_tgt4           3    0.706 ±0.029    0.621 ±0.028                                          54.7     261
abl_src2_ema_tgt4             3    0.729 ±0.024    0.646 ±0.018                                          37.8     261
abl_src4_ema_tgt4             3    0.732 ±0.038    0.645 ±0.022                                          36.1     266
abl_vicreg_ema_tgt4           3    0.729 ±0.020    0.652 ±0.010                                          57.7     272
maze2_jepa_ans                3    0.736 ±0.040    0.645 ±0.031                                          24.9     386
maze2_jepa_ema                3    0.744 ±0.020    0.663 ±0.018                                          51.1     446
maze2_jepa_k16                3    0.714 ±0.021    0.629 ±0.017                                          36.1     382
maze2_pyramid_hi              3    0.720 ±0.024    0.639 ±0.037                                          55.1     465
maze_jepa                     3    0.712 ±0.009    0.639 ±0.013                                          39.7     233
maze_mtp                      3    0.821 ±0.014    0.780 ±0.016                                          16.3     234
maze_nitp                     3    0.709 ±0.025    0.637 ±0.025                                          43.7     218
maze_ntp                      3    0.696 ±0.043    0.605 ±0.031                                          27.4     222
maze_pertoken                 3    0.712 ±0.029    0.643 ±0.023                                          37.1     240
maze_pyramid                  3    0.731 ±0.025    0.656 ±0.016                                          44.6     249
stargraph_jepa                3    0.094 ±0.072    0.065 ±0.092                                          40.3     175
stargraph_mtp                 3    0.185 ±0.040    0.185 ±0.040                                           3.4     182
stargraph_nitp                3    0.049 ±0.013    0.000 ±0.000                                          24.1     170
stargraph_ntp                 3    0.076 ±0.057    0.052 ±0.074                                          17.7     167
stargraph_pertoken            3    0.134 ±0.079    0.125 ±0.091                                          17.6     193
stargraph_pyramid             3    0.109 ±0.081    0.074 ±0.105                                          34.2     213
tinystories_jepa              2                                      1.295 ±0.011    3.649 ±0.040       187.1    3626
tinystories_mtp               3                                      1.310 ±0.008    3.706 ±0.030       239.4    4194
tinystories_nitp              1                                      1.306 ±0.000    3.692 ±0.000       190.4    3632
tinystories_ntp               3                                      1.297 ±0.010    3.660 ±0.037       185.0    4229
tinystories_pertoken          1                                      1.302 ±0.000    3.678 ±0.000       193.3    3871
tinystories_pyramid           1                                      1.306 ±0.000    3.690 ±0.000       196.6    3991
