[32mActivated conda/uv virtual environment at [36m/venv/main[0m
[abl_ge4_ntp_seed0] device=cuda params=4.73M vocab=25 seq_len=98
step    200 loss 1.1155 [ntp=1.116] embed_acc 0.000 perm_valid 0.000 edge_f1 0.080 erank 2.4 (206.6k tok/s)
step    400 loss 0.8990 [ntp=0.899] embed_acc 0.000 perm_valid 0.465 edge_f1 0.137 erank 3.8 (219.9k tok/s)
step    600 loss 0.7903 [ntp=0.790] embed_acc 0.000 perm_valid 0.973 edge_f1 0.151 erank 5.7 (226.9k tok/s)
step    800 loss 0.6485 [ntp=0.649] embed_acc 0.000 perm_valid 0.891 edge_f1 0.204 erank 8.2 (229.5k tok/s)
step   1000 loss 0.2883 [ntp=0.288] embed_acc 0.008 perm_valid 0.312 edge_f1 0.719 erank 5.7 (231.6k tok/s)
step   1200 loss 0.2592 [ntp=0.259] embed_acc 0.016 perm_valid 0.215 edge_f1 0.733 erank 6.3 (237.4k tok/s)
step   1400 loss 0.2492 [ntp=0.249] embed_acc 0.004 perm_valid 0.293 edge_f1 0.749 erank 6.8 (244.1k tok/s)
step   1600 loss 0.2450 [ntp=0.245] embed_acc 0.027 perm_valid 0.289 edge_f1 0.768 erank 7.6 (249.4k tok/s)
step   1800 loss 0.2358 [ntp=0.236] embed_acc 0.020 perm_valid 0.246 edge_f1 0.756 erank 8.2 (253.6k tok/s)
step   2000 loss 0.2311 [ntp=0.231] embed_acc 0.027 perm_valid 0.254 edge_f1 0.750 erank 8.3 (256.9k tok/s)
step   2200 loss 0.2296 [ntp=0.230] embed_acc 0.020 perm_valid 0.211 edge_f1 0.760 erank 8.7 (255.5k tok/s)
step   2400 loss 0.2202 [ntp=0.220] embed_acc 0.031 perm_valid 0.332 edge_f1 0.777 erank 9.3 (254.2k tok/s)
step   2600 loss 0.2203 [ntp=0.220] embed_acc 0.035 perm_valid 0.277 edge_f1 0.770 erank 9.2 (253.8k tok/s)
step   2800 loss 0.2170 [ntp=0.217] embed_acc 0.016 perm_valid 0.148 edge_f1 0.740 erank 8.6 (254.0k tok/s)
step   3000 loss 0.2120 [ntp=0.212] embed_acc 0.027 perm_valid 0.219 edge_f1 0.754 erank 9.0 (254.7k tok/s)
step   3200 loss 0.2130 [ntp=0.213] embed_acc 0.066 perm_valid 0.258 edge_f1 0.786 erank 8.4 (256.8k tok/s)
step   3400 loss 0.2102 [ntp=0.210] embed_acc 0.031 perm_valid 0.227 edge_f1 0.771 erank 8.5 (256.8k tok/s)
step   3600 loss 0.2064 [ntp=0.206] embed_acc 0.031 perm_valid 0.215 edge_f1 0.771 erank 8.7 (256.6k tok/s)
step   3800 loss 0.2038 [ntp=0.204] embed_acc 0.031 perm_valid 0.262 edge_f1 0.757 erank 8.9 (258.0k tok/s)
step   4000 loss 0.2072 [ntp=0.207] embed_acc 0.023 perm_valid 0.223 edge_f1 0.734 erank 9.1 (258.6k tok/s)
SUMMARY {"run": "abl_ge4_ntp_seed0", "config": "configs/ablation/abl_ge4_ntp.yaml", "device": "cuda", "params": 4728576, "steps": 4000, "final": {"embed_acc": 0.0234375, "perm_valid": 0.22265625, "edge_f1": 0.7344988318646674}, "best": {"embed_acc": 0.06640625, "perm_valid": 0.97265625, "edge_f1": 0.785898515931191}, "eranks": {"erank_0": 16.35, "erank_1": 12.84, "erank_2": 10.21, "erank_3": 11.1, "erank_4": 15.61, "erank_5": 13.72, "erank_6": 9.12}, "wall_s": 194.0}
[abl_ge4_ntp_seed1] device=cuda params=4.73M vocab=25 seq_len=98
step    200 loss 1.1211 [ntp=1.121] embed_acc 0.000 perm_valid 0.000 edge_f1 0.069 erank 2.3 (211.3k tok/s)
step    400 loss 0.9056 [ntp=0.906] embed_acc 0.000 perm_valid 0.258 edge_f1 0.129 erank 3.4 (223.5k tok/s)
step    600 loss 0.7999 [ntp=0.800] embed_acc 0.000 perm_valid 0.914 edge_f1 0.128 erank 4.6 (227.4k tok/s)
step    800 loss 0.6855 [ntp=0.686] embed_acc 0.000 perm_valid 0.926 edge_f1 0.151 erank 7.4 (229.1k tok/s)
step   1000 loss 0.6492 [ntp=0.649] embed_acc 0.000 perm_valid 0.969 edge_f1 0.152 erank 7.2 (229.9k tok/s)
step   1200 loss 0.6329 [ntp=0.633] embed_acc 0.000 perm_valid 0.941 edge_f1 0.152 erank 7.3 (230.8k tok/s)
step   1400 loss 0.6314 [ntp=0.631] embed_acc 0.000 perm_valid 0.961 edge_f1 0.158 erank 7.7 (231.4k tok/s)
step   1600 loss 0.6160 [ntp=0.616] embed_acc 0.000 perm_valid 0.980 edge_f1 0.163 erank 7.7 (231.8k tok/s)
step   1800 loss 0.6011 [ntp=0.601] embed_acc 0.000 perm_valid 0.969 edge_f1 0.195 erank 8.2 (232.2k tok/s)
step   2000 loss 0.2369 [ntp=0.237] embed_acc 0.020 perm_valid 0.391 edge_f1 0.741 erank 8.2 (232.7k tok/s)
step   2200 loss 0.2330 [ntp=0.233] embed_acc 0.016 perm_valid 0.316 edge_f1 0.724 erank 7.9 (233.0k tok/s)
step   2400 loss 0.2209 [ntp=0.221] embed_acc 0.031 perm_valid 0.258 edge_f1 0.753 erank 7.8 (233.3k tok/s)
step   2600 loss 0.2211 [ntp=0.221] embed_acc 0.012 perm_valid 0.270 edge_f1 0.727 erank 8.1 (233.5k tok/s)
step   2800 loss 0.2176 [ntp=0.218] embed_acc 0.035 perm_valid 0.250 edge_f1 0.755 erank 7.9 (233.7k tok/s)
step   3000 loss 0.2168 [ntp=0.217] embed_acc 0.027 perm_valid 0.223 edge_f1 0.746 erank 7.5 (233.8k tok/s)
step   3200 loss 0.2111 [ntp=0.211] embed_acc 0.020 perm_valid 0.207 edge_f1 0.729 erank 7.9 (235.3k tok/s)
step   3400 loss 0.2065 [ntp=0.206] embed_acc 0.035 perm_valid 0.137 edge_f1 0.708 erank 7.7 (236.7k tok/s)
step   3600 loss 0.2069 [ntp=0.207] embed_acc 0.020 perm_valid 0.156 edge_f1 0.736 erank 7.3 (236.7k tok/s)
step   3800 loss 0.2068 [ntp=0.207] embed_acc 0.031 perm_valid 0.164 edge_f1 0.746 erank 7.4 (236.7k tok/s)
step   4000 loss 0.2110 [ntp=0.211] embed_acc 0.055 perm_valid 0.227 edge_f1 0.727 erank 7.5 (236.7k tok/s)
SUMMARY {"run": "abl_ge4_ntp_seed1", "config": "configs/ablation/abl_ge4_ntp.yaml", "device": "cuda", "params": 4728576, "steps": 4000, "final": {"embed_acc": 0.0546875, "perm_valid": 0.2265625, "edge_f1": 0.7273459239322347}, "best": {"embed_acc": 0.0546875, "perm_valid": 0.98046875, "edge_f1": 0.7552598744522849}, "eranks": {"erank_0": 15.43, "erank_1": 16.35, "erank_2": 16.49, "erank_3": 16.03, "erank_4": 15.69, "erank_5": 12.11, "erank_6": 7.46}, "wall_s": 212.0}
[abl_ge4_ntp_seed2] device=cuda params=4.73M vocab=25 seq_len=98
step    200 loss 1.1051 [ntp=1.105] embed_acc 0.000 perm_valid 0.000 edge_f1 0.062 erank 2.5 (211.1k tok/s)
step    400 loss 0.8975 [ntp=0.897] embed_acc 0.000 perm_valid 0.266 edge_f1 0.139 erank 3.1 (225.1k tok/s)
step    600 loss 0.8013 [ntp=0.801] embed_acc 0.000 perm_valid 0.969 edge_f1 0.121 erank 4.0 (234.9k tok/s)
step    800 loss 0.7148 [ntp=0.715] embed_acc 0.000 perm_valid 0.879 edge_f1 0.142 erank 6.6 (235.8k tok/s)
step   1000 loss 0.6635 [ntp=0.663] embed_acc 0.000 perm_valid 0.891 edge_f1 0.141 erank 7.6 (236.4k tok/s)
step   1200 loss 0.6520 [ntp=0.652] embed_acc 0.000 perm_valid 0.949 edge_f1 0.141 erank 7.7 (236.8k tok/s)
step   1400 loss 0.6323 [ntp=0.632] embed_acc 0.000 perm_valid 0.984 edge_f1 0.149 erank 7.3 (237.1k tok/s)
step   1600 loss 0.6295 [ntp=0.629] embed_acc 0.000 perm_valid 0.965 edge_f1 0.150 erank 7.9 (237.4k tok/s)
step   1800 loss 0.6182 [ntp=0.618] embed_acc 0.000 perm_valid 0.961 edge_f1 0.146 erank 8.4 (237.6k tok/s)
step   2000 loss 0.6108 [ntp=0.611] embed_acc 0.000 perm_valid 0.969 edge_f1 0.148 erank 8.0 (237.7k tok/s)
step   2200 loss 0.6070 [ntp=0.607] embed_acc 0.000 perm_valid 0.957 edge_f1 0.146 erank 8.2 (238.2k tok/s)
step   2400 loss 0.6050 [ntp=0.605] embed_acc 0.000 perm_valid 0.984 edge_f1 0.145 erank 8.3 (238.7k tok/s)
step   2600 loss 0.5917 [ntp=0.592] embed_acc 0.000 perm_valid 0.781 edge_f1 0.142 erank 8.5 (242.1k tok/s)
step   2800 loss 0.5910 [ntp=0.591] embed_acc 0.000 perm_valid 0.996 edge_f1 0.146 erank 8.2 (243.5k tok/s)
step   3000 loss 0.5967 [ntp=0.597] embed_acc 0.000 perm_valid 0.961 edge_f1 0.147 erank 8.1 (245.4k tok/s)
step   3200 loss 0.5898 [ntp=0.590] embed_acc 0.000 perm_valid 1.000 edge_f1 0.145 erank 8.1 (244.9k tok/s)
step   3400 loss 0.5869 [ntp=0.587] embed_acc 0.000 perm_valid 0.984 edge_f1 0.140 erank 8.2 (244.4k tok/s)
step   3600 loss 0.5842 [ntp=0.584] embed_acc 0.000 perm_valid 0.984 edge_f1 0.149 erank 8.1 (244.0k tok/s)
step   3800 loss 0.5800 [ntp=0.580] embed_acc 0.000 perm_valid 1.000 edge_f1 0.143 erank 8.0 (243.6k tok/s)
step   4000 loss 0.5786 [ntp=0.579] embed_acc 0.000 perm_valid 0.984 edge_f1 0.137 erank 8.1 (243.0k tok/s)
SUMMARY {"run": "abl_ge4_ntp_seed2", "config": "configs/ablation/abl_ge4_ntp.yaml", "device": "cuda", "params": 4728576, "steps": 4000, "final": {"embed_acc": 0.0, "perm_valid": 0.984375, "edge_f1": 0.13733836206896533}, "best": {"embed_acc": 0.0, "perm_valid": 1.0, "edge_f1": 0.15046318826473865}, "eranks": {"erank_0": 14.88, "erank_1": 14.39, "erank_2": 8.73, "erank_3": 7.76, "erank_4": 9.6, "erank_5": 10.14, "erank_6": 8.06}, "wall_s": 206.5}
[abl_ge4_mtp8_seed0] device=cuda params=4.77M vocab=25 seq_len=98
step    200 loss 1.6890 [ntp=1.106 mtp=0.583] embed_acc 0.000 perm_valid 0.000 edge_f1 0.075 erank 3.9 (180.1k tok/s)
step    400 loss 1.4455 [ntp=0.921 mtp=0.525] embed_acc 0.000 perm_valid 0.199 edge_f1 0.133 erank 8.5 (187.7k tok/s)
step    600 loss 1.1944 [ntp=0.742 mtp=0.453] embed_acc 0.000 perm_valid 0.855 edge_f1 0.142 erank 17.8 (199.6k tok/s)
step    800 loss 1.1093 [ntp=0.679 mtp=0.430] embed_acc 0.000 perm_valid 1.000 edge_f1 0.144 erank 23.8 (198.6k tok/s)
step   1000 loss 1.0768 [ntp=0.654 mtp=0.422] embed_acc 0.000 perm_valid 0.957 edge_f1 0.152 erank 24.0 (200.6k tok/s)
step   1200 loss 0.6919 [ntp=0.275 mtp=0.417] embed_acc 0.016 perm_valid 0.246 edge_f1 0.732 erank 30.7 (202.3k tok/s)
step   1400 loss 0.5245 [ntp=0.235 mtp=0.289] embed_acc 0.023 perm_valid 0.168 edge_f1 0.769 erank 38.7 (205.0k tok/s)
step   1600 loss 0.4631 [ntp=0.218 mtp=0.245] embed_acc 0.031 perm_valid 0.332 edge_f1 0.806 erank 38.8 (210.1k tok/s)
step   1800 loss 0.4622 [ntp=0.212 mtp=0.250] embed_acc 0.043 perm_valid 0.391 edge_f1 0.825 erank 43.1 (212.8k tok/s)
step   2000 loss 0.4187 [ntp=0.195 mtp=0.224] embed_acc 0.047 perm_valid 0.383 edge_f1 0.825 erank 43.9 (211.4k tok/s)
step   2200 loss 0.4135 [ntp=0.194 mtp=0.219] embed_acc 0.051 perm_valid 0.352 edge_f1 0.824 erank 43.3 (210.3k tok/s)
step   2400 loss 0.4052 [ntp=0.190 mtp=0.215] embed_acc 0.066 perm_valid 0.348 edge_f1 0.821 erank 44.0 (209.3k tok/s)
step   2600 loss 0.3872 [ntp=0.180 mtp=0.207] embed_acc 0.047 perm_valid 0.375 edge_f1 0.829 erank 42.3 (208.3k tok/s)
step   2800 loss 0.3899 [ntp=0.182 mtp=0.208] embed_acc 0.047 perm_valid 0.348 edge_f1 0.828 erank 40.8 (207.5k tok/s)
step   3000 loss 0.3816 [ntp=0.180 mtp=0.202] embed_acc 0.074 perm_valid 0.367 edge_f1 0.835 erank 40.7 (206.5k tok/s)
step   3200 loss 0.3703 [ntp=0.175 mtp=0.196] embed_acc 0.109 perm_valid 0.422 edge_f1 0.853 erank 40.5 (205.9k tok/s)
step   3400 loss 0.3701 [ntp=0.173 mtp=0.197] embed_acc 0.078 perm_valid 0.352 edge_f1 0.838 erank 38.4 (205.2k tok/s)
step   3600 loss 0.3666 [ntp=0.174 mtp=0.193] embed_acc 0.078 perm_valid 0.324 edge_f1 0.842 erank 39.4 (204.6k tok/s)
step   3800 loss 0.3642 [ntp=0.172 mtp=0.192] embed_acc 0.094 perm_valid 0.359 edge_f1 0.842 erank 38.5 (204.1k tok/s)
step   4000 loss 0.3625 [ntp=0.170 mtp=0.192] embed_acc 0.066 perm_valid 0.320 edge_f1 0.821 erank 39.4 (204.4k tok/s)
SUMMARY {"run": "abl_ge4_mtp8_seed0", "config": "configs/ablation/abl_ge4_mtp8.yaml", "device": "cuda", "params": 4773376, "steps": 4000, "final": {"embed_acc": 0.06640625, "perm_valid": 0.3203125, "edge_f1": 0.8207467259160116}, "best": {"embed_acc": 0.109375, "perm_valid": 1.0, "edge_f1": 0.8530912057063084}, "eranks": {"erank_0": 13.73, "erank_1": 25.77, "erank_2": 32.64, "erank_3": 37.44, "erank_4": 42.56, "erank_5": 50.49, "erank_6": 39.37}, "wall_s": 245.4}
[abl_ge4_mtp8_seed1] device=cuda params=4.77M vocab=25 seq_len=98
step    200 loss 1.7085 [ntp=1.121 mtp=0.587] embed_acc 0.000 perm_valid 0.000 edge_f1 0.080 erank 4.4 (181.3k tok/s)
step    400 loss 1.3683 [ntp=0.849 mtp=0.520] embed_acc 0.000 perm_valid 0.453 edge_f1 0.149 erank 13.4 (187.5k tok/s)
step    600 loss 1.1583 [ntp=0.717 mtp=0.441] embed_acc 0.000 perm_valid 0.906 edge_f1 0.148 erank 17.9 (190.2k tok/s)
step    800 loss 1.1456 [ntp=0.711 mtp=0.435] embed_acc 0.000 perm_valid 0.945 edge_f1 0.149 erank 20.1 (193.0k tok/s)
step   1000 loss 1.0725 [ntp=0.650 mtp=0.423] embed_acc 0.000 perm_valid 0.992 edge_f1 0.146 erank 26.7 (198.3k tok/s)
step   1200 loss 0.8955 [ntp=0.469 mtp=0.426] embed_acc 0.000 perm_valid 0.312 edge_f1 0.495 erank 29.9 (206.5k tok/s)
step   1400 loss 0.5597 [ntp=0.234 mtp=0.326] embed_acc 0.016 perm_valid 0.234 edge_f1 0.761 erank 32.4 (212.8k tok/s)
step   1600 loss 0.5191 [ntp=0.254 mtp=0.265] embed_acc 0.039 perm_valid 0.348 edge_f1 0.795 erank 33.8 (217.8k tok/s)
step   1800 loss 0.4432 [ntp=0.201 mtp=0.242] embed_acc 0.109 perm_valid 0.516 edge_f1 0.844 erank 36.8 (216.2k tok/s)
step   2000 loss 0.3977 [ntp=0.183 mtp=0.215] embed_acc 0.113 perm_valid 0.406 edge_f1 0.833 erank 37.5 (214.5k tok/s)
step   2200 loss 0.3785 [ntp=0.175 mtp=0.203] embed_acc 0.160 perm_valid 0.516 edge_f1 0.863 erank 36.8 (213.1k tok/s)
step   2400 loss 0.3666 [ntp=0.168 mtp=0.198] embed_acc 0.246 perm_valid 0.641 edge_f1 0.896 erank 36.9 (211.9k tok/s)
step   2600 loss 0.3566 [ntp=0.168 mtp=0.188] embed_acc 0.184 perm_valid 0.609 edge_f1 0.873 erank 35.8 (211.3k tok/s)
step   2800 loss 0.3520 [ntp=0.167 mtp=0.185] embed_acc 0.262 perm_valid 0.664 edge_f1 0.894 erank 36.0 (210.9k tok/s)
step   3000 loss 0.3467 [ntp=0.163 mtp=0.184] embed_acc 0.242 perm_valid 0.621 edge_f1 0.888 erank 34.8 (210.4k tok/s)
step   3200 loss 0.3348 [ntp=0.154 mtp=0.181] embed_acc 0.156 perm_valid 0.516 edge_f1 0.849 erank 34.4 (210.4k tok/s)
step   3400 loss 0.3291 [ntp=0.157 mtp=0.172] embed_acc 0.160 perm_valid 0.559 edge_f1 0.853 erank 33.5 (209.9k tok/s)
step   3600 loss 0.3225 [ntp=0.152 mtp=0.170] embed_acc 0.242 perm_valid 0.594 edge_f1 0.882 erank 32.4 (209.3k tok/s)
step   3800 loss 0.3288 [ntp=0.155 mtp=0.173] embed_acc 0.145 perm_valid 0.539 edge_f1 0.843 erank 32.6 (211.5k tok/s)
step   4000 loss 0.3259 [ntp=0.154 mtp=0.172] embed_acc 0.137 perm_valid 0.594 edge_f1 0.855 erank 31.8 (213.4k tok/s)
SUMMARY {"run": "abl_ge4_mtp8_seed1", "config": "configs/ablation/abl_ge4_mtp8.yaml", "device": "cuda", "params": 4773376, "steps": 4000, "final": {"embed_acc": 0.13671875, "perm_valid": 0.59375, "edge_f1": 0.8548542282487425}, "best": {"embed_acc": 0.26171875, "perm_valid": 0.9921875, "edge_f1": 0.8959909510601259}, "eranks": {"erank_0": 13.8, "erank_1": 16.18, "erank_2": 21.96, "erank_3": 18.72, "erank_4": 20.12, "erank_5": 32.84, "erank_6": 31.79}, "wall_s": 235.1}
[abl_ge4_mtp8_seed2] device=cuda params=4.77M vocab=25 seq_len=98
step    200 loss 1.6919 [ntp=1.109 mtp=0.583] embed_acc 0.000 perm_valid 0.000 edge_f1 0.065 erank 4.8 (189.8k tok/s)
step    400 loss 1.4149 [ntp=0.896 mtp=0.519] embed_acc 0.000 perm_valid 0.430 edge_f1 0.132 erank 10.8 (194.0k tok/s)
step    600 loss 1.1655 [ntp=0.721 mtp=0.444] embed_acc 0.000 perm_valid 0.875 edge_f1 0.160 erank 18.0 (196.2k tok/s)
step    800 loss 1.1081 [ntp=0.674 mtp=0.434] embed_acc 0.000 perm_valid 0.996 edge_f1 0.151 erank 23.0 (197.6k tok/s)
step   1000 loss 1.0610 [ntp=0.640 mtp=0.421] embed_acc 0.000 perm_valid 0.996 edge_f1 0.202 erank 27.6 (197.6k tok/s)
step   1200 loss 0.6667 [ntp=0.257 mtp=0.410] embed_acc 0.008 perm_valid 0.414 edge_f1 0.732 erank 30.3 (197.7k tok/s)
step   1400 loss 0.6125 [ntp=0.243 mtp=0.369] embed_acc 0.016 perm_valid 0.258 edge_f1 0.750 erank 28.1 (197.6k tok/s)
step   1600 loss 0.5472 [ntp=0.221 mtp=0.327] embed_acc 0.035 perm_valid 0.359 edge_f1 0.772 erank 23.6 (197.6k tok/s)
step   1800 loss 0.4675 [ntp=0.206 mtp=0.262] embed_acc 0.062 perm_valid 0.352 edge_f1 0.789 erank 19.9 (197.6k tok/s)
step   2000 loss 0.4301 [ntp=0.191 mtp=0.239] embed_acc 0.098 perm_valid 0.449 edge_f1 0.844 erank 19.9 (198.4k tok/s)
step   2200 loss 0.4035 [ntp=0.180 mtp=0.223] embed_acc 0.125 perm_valid 0.410 edge_f1 0.833 erank 18.3 (198.3k tok/s)
step   2400 loss 0.3746 [ntp=0.166 mtp=0.209] embed_acc 0.223 perm_valid 0.512 edge_f1 0.878 erank 16.9 (198.2k tok/s)
step   2600 loss 0.3729 [ntp=0.170 mtp=0.203] embed_acc 0.145 perm_valid 0.504 edge_f1 0.853 erank 16.1 (197.8k tok/s)
step   2800 loss 0.3560 [ntp=0.161 mtp=0.195] embed_acc 0.152 perm_valid 0.461 edge_f1 0.840 erank 15.7 (197.5k tok/s)
step   3000 loss 0.3572 [ntp=0.161 mtp=0.196] embed_acc 0.152 perm_valid 0.438 edge_f1 0.828 erank 15.4 (197.1k tok/s)
step   3200 loss 0.3383 [ntp=0.154 mtp=0.185] embed_acc 0.211 perm_valid 0.586 edge_f1 0.872 erank 15.5 (196.9k tok/s)
step   3400 loss 0.3486 [ntp=0.159 mtp=0.189] embed_acc 0.238 perm_valid 0.645 edge_f1 0.884 erank 15.5 (196.7k tok/s)
step   3600 loss 0.3311 [ntp=0.149 mtp=0.182] embed_acc 0.188 perm_valid 0.562 edge_f1 0.874 erank 15.5 (196.5k tok/s)
step   3800 loss 0.3343 [ntp=0.152 mtp=0.182] embed_acc 0.191 perm_valid 0.562 edge_f1 0.865 erank 15.7 (196.3k tok/s)
step   4000 loss 0.3312 [ntp=0.152 mtp=0.179] embed_acc 0.219 perm_valid 0.594 edge_f1 0.876 erank 15.3 (196.1k tok/s)
SUMMARY {"run": "abl_ge4_mtp8_seed2", "config": "configs/ablation/abl_ge4_mtp8.yaml", "device": "cuda", "params": 4773376, "steps": 4000, "final": {"embed_acc": 0.21875, "perm_valid": 0.59375, "edge_f1": 0.875979254184205}, "best": {"embed_acc": 0.23828125, "perm_valid": 0.99609375, "edge_f1": 0.8838572846381012}, "eranks": {"erank_0": 13.36, "erank_1": 9.66, "erank_2": 9.36, "erank_3": 6.16, "erank_4": 7.17, "erank_5": 9.01, "erank_6": 15.33}, "wall_s": 255.8}
[abl_ge4_jepa_seed0] device=cuda params=4.99M vocab=25 seq_len=98
step    200 loss 1.0423 [ntp=1.022 jepa_pooled=0.020] embed_acc 0.000 perm_valid 0.000 edge_f1 0.121 erank 5.5 (215.1k tok/s)
step    400 loss 0.8650 [ntp=0.847 jepa_pooled=0.018] embed_acc 0.000 perm_valid 0.969 edge_f1 0.131 erank 9.0 (226.2k tok/s)
step    600 loss 0.3532 [ntp=0.321 jepa_pooled=0.033] embed_acc 0.008 perm_valid 0.215 edge_f1 0.703 erank 14.8 (220.2k tok/s)
step    800 loss 0.2886 [ntp=0.255 jepa_pooled=0.034] embed_acc 0.020 perm_valid 0.238 edge_f1 0.756 erank 20.5 (217.3k tok/s)
step   1000 loss 0.2903 [ntp=0.258 jepa_pooled=0.032] embed_acc 0.016 perm_valid 0.266 edge_f1 0.763 erank 23.5 (215.7k tok/s)
step   1200 loss 0.2873 [ntp=0.252 jepa_pooled=0.036] embed_acc 0.027 perm_valid 0.219 edge_f1 0.774 erank 25.3 (214.7k tok/s)
step   1400 loss 0.2630 [ntp=0.229 jepa_pooled=0.034] embed_acc 0.004 perm_valid 0.254 edge_f1 0.764 erank 26.1 (214.0k tok/s)
step   1600 loss 0.2691 [ntp=0.233 jepa_pooled=0.036] embed_acc 0.031 perm_valid 0.316 edge_f1 0.766 erank 27.1 (214.6k tok/s)
step   1800 loss 0.2662 [ntp=0.228 jepa_pooled=0.038] embed_acc 0.043 perm_valid 0.336 edge_f1 0.791 erank 27.4 (218.5k tok/s)
step   2000 loss 0.2609 [ntp=0.220 jepa_pooled=0.041] embed_acc 0.016 perm_valid 0.320 edge_f1 0.783 erank 28.5 (221.7k tok/s)
step   2200 loss 0.2623 [ntp=0.219 jepa_pooled=0.043] embed_acc 0.008 perm_valid 0.230 edge_f1 0.765 erank 28.0 (221.4k tok/s)
step   2400 loss 0.2577 [ntp=0.213 jepa_pooled=0.044] embed_acc 0.047 perm_valid 0.344 edge_f1 0.785 erank 29.3 (220.3k tok/s)
step   2600 loss 0.2558 [ntp=0.209 jepa_pooled=0.047] embed_acc 0.023 perm_valid 0.277 edge_f1 0.790 erank 28.4 (219.4k tok/s)
step   2800 loss 0.2529 [ntp=0.205 jepa_pooled=0.048] embed_acc 0.023 perm_valid 0.289 edge_f1 0.784 erank 29.2 (218.7k tok/s)
step   3000 loss 0.2513 [ntp=0.201 jepa_pooled=0.050] embed_acc 0.031 perm_valid 0.352 edge_f1 0.800 erank 29.0 (217.9k tok/s)
step   3200 loss 0.2499 [ntp=0.199 jepa_pooled=0.051] embed_acc 0.074 perm_valid 0.348 edge_f1 0.802 erank 28.8 (217.4k tok/s)
step   3400 loss 0.2410 [ntp=0.190 jepa_pooled=0.051] embed_acc 0.043 perm_valid 0.336 edge_f1 0.786 erank 27.8 (216.9k tok/s)
step   3600 loss 0.2381 [ntp=0.184 jepa_pooled=0.054] embed_acc 0.043 perm_valid 0.344 edge_f1 0.798 erank 26.3 (216.4k tok/s)
step   3800 loss 0.2355 [ntp=0.182 jepa_pooled=0.054] embed_acc 0.059 perm_valid 0.348 edge_f1 0.792 erank 26.3 (216.0k tok/s)
step   4000 loss 0.2317 [ntp=0.178 jepa_pooled=0.053] embed_acc 0.059 perm_valid 0.355 edge_f1 0.803 erank 26.2 (215.5k tok/s)
SUMMARY {"run": "abl_ge4_jepa_seed0", "config": "configs/ablation/abl_ge4_jepa.yaml", "device": "cuda", "params": 4990720, "steps": 4000, "final": {"embed_acc": 0.05859375, "perm_valid": 0.35546875, "edge_f1": 0.8032173339022969}, "best": {"embed_acc": 0.07421875, "perm_valid": 0.96875, "edge_f1": 0.8032173339022969}, "eranks": {"erank_0": 12.92, "erank_1": 13.9, "erank_2": 21.07, "erank_3": 23.55, "erank_4": 25.69, "erank_5": 27.77, "erank_6": 26.23}, "wall_s": 232.8}
[abl_ge4_jepa_seed1] device=cuda params=4.99M vocab=25 seq_len=98
step    200 loss 0.9837 [ntp=0.963 jepa_pooled=0.021] embed_acc 0.000 perm_valid 0.133 edge_f1 0.129 erank 7.1 (188.3k tok/s)
step    400 loss 0.7278 [ntp=0.707 jepa_pooled=0.020] embed_acc 0.000 perm_valid 0.922 edge_f1 0.176 erank 13.1 (198.4k tok/s)
step    600 loss 0.3221 [ntp=0.288 jepa_pooled=0.035] embed_acc 0.016 perm_valid 0.164 edge_f1 0.743 erank 20.8 (213.6k tok/s)
step    800 loss 0.2846 [ntp=0.252 jepa_pooled=0.033] embed_acc 0.012 perm_valid 0.250 edge_f1 0.751 erank 22.9 (215.8k tok/s)
step   1000 loss 0.2727 [ntp=0.240 jepa_pooled=0.033] embed_acc 0.008 perm_valid 0.215 edge_f1 0.760 erank 24.2 (214.0k tok/s)
step   1200 loss 0.2792 [ntp=0.246 jepa_pooled=0.033] embed_acc 0.016 perm_valid 0.109 edge_f1 0.751 erank 24.8 (213.3k tok/s)
step   1400 loss 0.2626 [ntp=0.229 jepa_pooled=0.033] embed_acc 0.027 perm_valid 0.172 edge_f1 0.764 erank 25.4 (212.6k tok/s)
step   1600 loss 0.2673 [ntp=0.230 jepa_pooled=0.038] embed_acc 0.023 perm_valid 0.180 edge_f1 0.758 erank 23.8 (212.0k tok/s)
step   1800 loss 0.2613 [ntp=0.226 jepa_pooled=0.036] embed_acc 0.016 perm_valid 0.234 edge_f1 0.772 erank 25.6 (211.6k tok/s)
step   2000 loss 0.2567 [ntp=0.220 jepa_pooled=0.036] embed_acc 0.027 perm_valid 0.309 edge_f1 0.780 erank 26.2 (211.4k tok/s)
step   2200 loss 0.2586 [ntp=0.222 jepa_pooled=0.036] embed_acc 0.027 perm_valid 0.188 edge_f1 0.759 erank 26.5 (211.2k tok/s)
step   2400 loss 0.2543 [ntp=0.218 jepa_pooled=0.037] embed_acc 0.031 perm_valid 0.234 edge_f1 0.770 erank 25.7 (211.1k tok/s)
step   2600 loss 0.2532 [ntp=0.216 jepa_pooled=0.037] embed_acc 0.027 perm_valid 0.141 edge_f1 0.756 erank 25.6 (211.0k tok/s)
step   2800 loss 0.2523 [ntp=0.214 jepa_pooled=0.038] embed_acc 0.043 perm_valid 0.383 edge_f1 0.783 erank 25.0 (211.2k tok/s)
step   3000 loss 0.2527 [ntp=0.215 jepa_pooled=0.038] embed_acc 0.020 perm_valid 0.281 edge_f1 0.755 erank 24.5 (211.1k tok/s)
step   3200 loss 0.2459 [ntp=0.208 jepa_pooled=0.038] embed_acc 0.027 perm_valid 0.270 edge_f1 0.773 erank 24.8 (211.0k tok/s)
step   3400 loss 0.2409 [ntp=0.203 jepa_pooled=0.038] embed_acc 0.008 perm_valid 0.266 edge_f1 0.734 erank 23.6 (211.0k tok/s)
step   3600 loss 0.2425 [ntp=0.204 jepa_pooled=0.039] embed_acc 0.043 perm_valid 0.336 edge_f1 0.777 erank 23.3 (210.9k tok/s)
step   3800 loss 0.2409 [ntp=0.203 jepa_pooled=0.038] embed_acc 0.031 perm_valid 0.301 edge_f1 0.768 erank 23.7 (210.8k tok/s)
step   4000 loss 0.2403 [ntp=0.202 jepa_pooled=0.038] embed_acc 0.023 perm_valid 0.250 edge_f1 0.751 erank 22.7 (211.4k tok/s)
SUMMARY {"run": "abl_ge4_jepa_seed1", "config": "configs/ablation/abl_ge4_jepa.yaml", "device": "cuda", "params": 4990720, "steps": 4000, "final": {"embed_acc": 0.0234375, "perm_valid": 0.25, "edge_f1": 0.7510663119221234}, "best": {"embed_acc": 0.04296875, "perm_valid": 0.921875, "edge_f1": 0.7830780061877973}, "eranks": {"erank_0": 13.75, "erank_1": 9.85, "erank_2": 21.27, "erank_3": 24.14, "erank_4": 26.31, "erank_5": 26.14, "erank_6": 22.73}, "wall_s": 237.3}
[abl_ge4_jepa_seed2] device=cuda params=4.99M vocab=25 seq_len=98
step    200 loss 1.1224 [ntp=1.103 jepa_pooled=0.020] embed_acc 0.000 perm_valid 0.000 edge_f1 0.074 erank 4.1 (188.0k tok/s)
step    400 loss 0.8449 [ntp=0.829 jepa_pooled=0.016] embed_acc 0.000 perm_valid 0.887 edge_f1 0.166 erank 8.3 (195.6k tok/s)
step    600 loss 0.3262 [ntp=0.299 jepa_pooled=0.028] embed_acc 0.023 perm_valid 0.309 edge_f1 0.755 erank 16.4 (198.3k tok/s)
step    800 loss 0.2870 [ntp=0.255 jepa_pooled=0.032] embed_acc 0.008 perm_valid 0.215 edge_f1 0.753 erank 18.3 (199.9k tok/s)
step   1000 loss 0.2747 [ntp=0.242 jepa_pooled=0.032] embed_acc 0.020 perm_valid 0.246 edge_f1 0.757 erank 22.0 (200.7k tok/s)
step   1200 loss 0.2815 [ntp=0.247 jepa_pooled=0.035] embed_acc 0.020 perm_valid 0.219 edge_f1 0.791 erank 21.0 (201.3k tok/s)
step   1400 loss 0.2785 [ntp=0.239 jepa_pooled=0.040] embed_acc 0.020 perm_valid 0.141 edge_f1 0.768 erank 22.8 (201.7k tok/s)
step   1600 loss 0.2729 [ntp=0.230 jepa_pooled=0.043] embed_acc 0.016 perm_valid 0.258 edge_f1 0.764 erank 23.0 (202.9k tok/s)
step   1800 loss 0.2740 [ntp=0.228 jepa_pooled=0.046] embed_acc 0.043 perm_valid 0.199 edge_f1 0.771 erank 22.9 (203.8k tok/s)
step   2000 loss 0.2768 [ntp=0.227 jepa_pooled=0.050] embed_acc 0.027 perm_valid 0.164 edge_f1 0.775 erank 22.8 (204.5k tok/s)
step   2200 loss 0.2671 [ntp=0.214 jepa_pooled=0.053] embed_acc 0.023 perm_valid 0.203 edge_f1 0.772 erank 23.3 (205.0k tok/s)
step   2400 loss 0.2670 [ntp=0.212 jepa_pooled=0.055] embed_acc 0.035 perm_valid 0.172 edge_f1 0.778 erank 22.8 (205.4k tok/s)
step   2600 loss 0.2644 [ntp=0.209 jepa_pooled=0.055] embed_acc 0.027 perm_valid 0.219 edge_f1 0.778 erank 22.4 (205.8k tok/s)
step   2800 loss 0.2643 [ntp=0.207 jepa_pooled=0.057] embed_acc 0.016 perm_valid 0.211 edge_f1 0.767 erank 21.1 (206.1k tok/s)
step   3000 loss 0.2563 [ntp=0.199 jepa_pooled=0.058] embed_acc 0.023 perm_valid 0.191 edge_f1 0.769 erank 20.3 (206.3k tok/s)
step   3200 loss 0.2526 [ntp=0.195 jepa_pooled=0.058] embed_acc 0.043 perm_valid 0.191 edge_f1 0.776 erank 20.8 (206.5k tok/s)
step   3400 loss 0.2602 [ntp=0.201 jepa_pooled=0.059] embed_acc 0.031 perm_valid 0.227 edge_f1 0.779 erank 20.0 (206.7k tok/s)
step   3600 loss 0.2506 [ntp=0.191 jepa_pooled=0.059] embed_acc 0.078 perm_valid 0.254 edge_f1 0.782 erank 18.8 (207.5k tok/s)
step   3800 loss 0.2522 [ntp=0.193 jepa_pooled=0.059] embed_acc 0.047 perm_valid 0.242 edge_f1 0.766 erank 17.8 (209.5k tok/s)
step   4000 loss 0.2456 [ntp=0.187 jepa_pooled=0.059] embed_acc 0.062 perm_valid 0.207 edge_f1 0.777 erank 17.7 (211.4k tok/s)
SUMMARY {"run": "abl_ge4_jepa_seed2", "config": "configs/ablation/abl_ge4_jepa.yaml", "device": "cuda", "params": 4990720, "steps": 4000, "final": {"embed_acc": 0.0625, "perm_valid": 0.20703125, "edge_f1": 0.7772439790630891}, "best": {"embed_acc": 0.078125, "perm_valid": 0.88671875, "edge_f1": 0.7913405400474358}, "eranks": {"erank_0": 10.73, "erank_1": 19.62, "erank_2": 15.82, "erank_3": 21.45, "erank_4": 23.91, "erank_5": 23.02, "erank_6": 17.72}, "wall_s": 237.4}
[abl_ge5_mtp8_seed0] device=cuda params=4.79M vocab=34 seq_len=157
step    200 loss 1.8518 [ntp=1.212 mtp=0.640] embed_acc 0.000 perm_valid 0.000 edge_f1 0.054 erank 4.1 (248.9k tok/s)
step    400 loss 1.8002 [ntp=1.189 mtp=0.611] embed_acc 0.000 perm_valid 0.000 edge_f1 0.058 erank 4.4 (258.5k tok/s)
step    600 loss 1.7363 [ntp=1.135 mtp=0.601] embed_acc 0.000 perm_valid 0.000 edge_f1 0.070 erank 6.7 (262.2k tok/s)
step    800 loss 1.5164 [ntp=0.974 mtp=0.543] embed_acc 0.000 perm_valid 0.000 edge_f1 0.083 erank 14.8 (263.9k tok/s)
step   1000 loss 1.3734 [ntp=0.878 mtp=0.496] embed_acc 0.000 perm_valid 0.023 edge_f1 0.090 erank 19.5 (265.3k tok/s)
step   1200 loss 1.2939 [ntp=0.822 mtp=0.472] embed_acc 0.000 perm_valid 0.008 edge_f1 0.090 erank 26.1 (266.1k tok/s)
step   1400 loss 1.2733 [ntp=0.802 mtp=0.471] embed_acc 0.000 perm_valid 0.059 edge_f1 0.089 erank 29.3 (266.7k tok/s)
step   1600 loss 1.2364 [ntp=0.778 mtp=0.458] embed_acc 0.000 perm_valid 0.086 edge_f1 0.100 erank 29.6 (267.1k tok/s)
step   1800 loss 1.2097 [ntp=0.761 mtp=0.449] embed_acc 0.000 perm_valid 0.188 edge_f1 0.096 erank 31.6 (271.6k tok/s)
step   2000 loss 1.1801 [ntp=0.732 mtp=0.448] embed_acc 0.000 perm_valid 0.465 edge_f1 0.131 erank 37.8 (274.3k tok/s)
step   2200 loss 0.7025 [ntp=0.270 mtp=0.432] embed_acc 0.000 perm_valid 0.082 edge_f1 0.703 erank 38.3 (273.8k tok/s)
step   2400 loss 0.6179 [ntp=0.245 mtp=0.373] embed_acc 0.000 perm_valid 0.121 edge_f1 0.727 erank 39.6 (273.3k tok/s)
step   2600 loss 0.5332 [ntp=0.232 mtp=0.302] embed_acc 0.000 perm_valid 0.090 edge_f1 0.730 erank 39.3 (272.4k tok/s)
step   2800 loss 0.4979 [ntp=0.222 mtp=0.276] embed_acc 0.000 perm_valid 0.094 edge_f1 0.738 erank 38.4 (271.8k tok/s)
step   3000 loss 0.4752 [ntp=0.209 mtp=0.266] embed_acc 0.008 perm_valid 0.113 edge_f1 0.756 erank 36.9 (271.2k tok/s)
step   3200 loss 0.4704 [ntp=0.210 mtp=0.261] embed_acc 0.004 perm_valid 0.105 edge_f1 0.761 erank 37.3 (270.7k tok/s)
step   3400 loss 0.4534 [ntp=0.203 mtp=0.250] embed_acc 0.000 perm_valid 0.145 edge_f1 0.740 erank 37.2 (270.3k tok/s)
step   3600 loss 0.4468 [ntp=0.197 mtp=0.249] embed_acc 0.000 perm_valid 0.125 edge_f1 0.761 erank 36.2 (269.8k tok/s)
step   3800 loss 0.4483 [ntp=0.201 mtp=0.247] embed_acc 0.000 perm_valid 0.168 edge_f1 0.760 erank 37.2 (269.4k tok/s)
step   4000 loss 0.4444 [ntp=0.200 mtp=0.244] embed_acc 0.004 perm_valid 0.137 edge_f1 0.775 erank 37.7 (269.2k tok/s)
SUMMARY {"run": "abl_ge5_mtp8_seed0", "config": "configs/ablation/abl_ge5_mtp8.yaml", "device": "cuda", "params": 4791808, "steps": 4000, "final": {"embed_acc": 0.00390625, "perm_valid": 0.13671875, "edge_f1": 0.7750135417586627}, "best": {"embed_acc": 0.0078125, "perm_valid": 0.46484375, "edge_f1": 0.7750135417586627}, "eranks": {"erank_0": 17.74, "erank_1": 30.31, "erank_2": 34.28, "erank_3": 37.51, "erank_4": 36.92, "erank_5": 44.77, "erank_6": 37.72}, "wall_s": 298.6}
[abl_ge5_mtp8_seed1] device=cuda params=4.79M vocab=34 seq_len=157
step    200 loss 1.8538 [ntp=1.214 mtp=0.640] embed_acc 0.000 perm_valid 0.000 edge_f1 0.044 erank 3.8 (247.1k tok/s)
step    400 loss 1.8077 [ntp=1.197 mtp=0.611] embed_acc 0.000 perm_valid 0.000 edge_f1 0.053 erank 4.4 (254.5k tok/s)
step    600 loss 1.6823 [ntp=1.099 mtp=0.584] embed_acc 0.000 perm_valid 0.000 edge_f1 0.078 erank 9.1 (257.1k tok/s)
step    800 loss 1.3829 [ntp=0.883 mtp=0.500] embed_acc 0.000 perm_valid 0.008 edge_f1 0.087 erank 15.6 (258.2k tok/s)
step   1000 loss 1.3234 [ntp=0.846 mtp=0.477] embed_acc 0.000 perm_valid 0.094 edge_f1 0.083 erank 21.2 (259.2k tok/s)
step   1200 loss 1.2629 [ntp=0.798 mtp=0.465] embed_acc 0.000 perm_valid 0.199 edge_f1 0.088 erank 28.8 (259.8k tok/s)
step   1400 loss 1.2246 [ntp=0.769 mtp=0.456] embed_acc 0.000 perm_valid 0.938 edge_f1 0.101 erank 35.4 (260.1k tok/s)
step   1600 loss 0.7507 [ntp=0.286 mtp=0.465] embed_acc 0.000 perm_valid 0.180 edge_f1 0.704 erank 37.2 (260.5k tok/s)
step   1800 loss 0.6150 [ntp=0.250 mtp=0.365] embed_acc 0.000 perm_valid 0.121 edge_f1 0.723 erank 35.3 (260.8k tok/s)
step   2000 loss 0.5473 [ntp=0.239 mtp=0.308] embed_acc 0.000 perm_valid 0.117 edge_f1 0.733 erank 37.9 (261.6k tok/s)
step   2200 loss 0.4690 [ntp=0.213 mtp=0.256] embed_acc 0.016 perm_valid 0.070 edge_f1 0.752 erank 38.0 (262.3k tok/s)
step   2400 loss 0.4584 [ntp=0.214 mtp=0.245] embed_acc 0.004 perm_valid 0.086 edge_f1 0.758 erank 41.3 (262.8k tok/s)
step   2600 loss 0.4378 [ntp=0.199 mtp=0.239] embed_acc 0.012 perm_valid 0.078 edge_f1 0.805 erank 44.8 (264.6k tok/s)
step   2800 loss 0.4362 [ntp=0.200 mtp=0.236] embed_acc 0.008 perm_valid 0.074 edge_f1 0.795 erank 46.8 (268.2k tok/s)
step   3000 loss 0.4237 [ntp=0.195 mtp=0.229] embed_acc 0.004 perm_valid 0.055 edge_f1 0.757 erank 44.9 (271.3k tok/s)
step   3200 loss 0.4063 [ntp=0.182 mtp=0.225] embed_acc 0.012 perm_valid 0.113 edge_f1 0.824 erank 47.6 (274.0k tok/s)
step   3400 loss 0.3968 [ntp=0.177 mtp=0.219] embed_acc 0.004 perm_valid 0.094 edge_f1 0.788 erank 47.7 (274.6k tok/s)
step   3600 loss 0.3817 [ntp=0.171 mtp=0.211] embed_acc 0.016 perm_valid 0.148 edge_f1 0.826 erank 46.7 (275.2k tok/s)
step   3800 loss 0.3761 [ntp=0.169 mtp=0.208] embed_acc 0.000 perm_valid 0.145 edge_f1 0.826 erank 47.3 (274.9k tok/s)
step   4000 loss 0.3782 [ntp=0.172 mtp=0.206] embed_acc 0.012 perm_valid 0.125 edge_f1 0.819 erank 46.7 (274.6k tok/s)
SUMMARY {"run": "abl_ge5_mtp8_seed1", "config": "configs/ablation/abl_ge5_mtp8.yaml", "device": "cuda", "params": 4791808, "steps": 4000, "final": {"embed_acc": 0.01171875, "perm_valid": 0.125, "edge_f1": 0.8189906495490257}, "best": {"embed_acc": 0.015625, "perm_valid": 0.9375, "edge_f1": 0.8264857210059249}, "eranks": {"erank_0": 17.55, "erank_1": 21.36, "erank_2": 32.48, "erank_3": 33.76, "erank_4": 37.42, "erank_5": 50.49, "erank_6": 46.71}, "wall_s": 292.7}
[abl_ge5_mtp8_seed2] device=cuda params=4.79M vocab=34 seq_len=157
step    200 loss 1.8474 [ntp=1.210 mtp=0.638] embed_acc 0.000 perm_valid 0.000 edge_f1 0.050 erank 3.9 (246.5k tok/s)
step    400 loss 1.7963 [ntp=1.184 mtp=0.612] embed_acc 0.000 perm_valid 0.000 edge_f1 0.062 erank 4.3 (253.5k tok/s)
step    600 loss 1.6770 [ntp=1.088 mtp=0.589] embed_acc 0.000 perm_valid 0.000 edge_f1 0.075 erank 7.6 (256.0k tok/s)
step    800 loss 1.5740 [ntp=1.019 mtp=0.555] embed_acc 0.000 perm_valid 0.008 edge_f1 0.074 erank 12.4 (257.5k tok/s)
step   1000 loss 1.3570 [ntp=0.865 mtp=0.492] embed_acc 0.000 perm_valid 0.055 edge_f1 0.090 erank 20.7 (258.5k tok/s)
step   1200 loss 1.2964 [ntp=0.826 mtp=0.470] embed_acc 0.000 perm_valid 0.254 edge_f1 0.095 erank 21.2 (260.0k tok/s)
step   1400 loss 1.2368 [ntp=0.775 mtp=0.462] embed_acc 0.000 perm_valid 0.926 edge_f1 0.094 erank 26.2 (262.1k tok/s)
step   1600 loss 1.2088 [ntp=0.756 mtp=0.453] embed_acc 0.000 perm_valid 0.961 edge_f1 0.101 erank 28.4 (266.8k tok/s)
step   1800 loss 0.7398 [ntp=0.281 mtp=0.459] embed_acc 0.004 perm_valid 0.086 edge_f1 0.673 erank 36.8 (268.6k tok/s)
step   2000 loss 0.6467 [ntp=0.251 mtp=0.396] embed_acc 0.000 perm_valid 0.020 edge_f1 0.679 erank 40.0 (272.9k tok/s)
step   2200 loss 0.5551 [ntp=0.243 mtp=0.312] embed_acc 0.008 perm_valid 0.051 edge_f1 0.696 erank 40.5 (275.2k tok/s)
step   2400 loss 0.5048 [ntp=0.224 mtp=0.281] embed_acc 0.000 perm_valid 0.023 edge_f1 0.737 erank 43.0 (278.5k tok/s)
step   2600 loss 0.4595 [ntp=0.206 mtp=0.254] embed_acc 0.000 perm_valid 0.043 edge_f1 0.718 erank 41.9 (281.3k tok/s)
step   2800 loss 0.4488 [ntp=0.206 mtp=0.242] embed_acc 0.000 perm_valid 0.016 edge_f1 0.718 erank 42.1 (283.8k tok/s)
step   3000 loss 0.4474 [ntp=0.205 mtp=0.243] embed_acc 0.000 perm_valid 0.035 edge_f1 0.730 erank 40.6 (286.1k tok/s)
step   3200 loss 0.4338 [ntp=0.199 mtp=0.235] embed_acc 0.000 perm_valid 0.055 edge_f1 0.783 erank 40.2 (288.1k tok/s)
step   3400 loss 0.4375 [ntp=0.201 mtp=0.237] embed_acc 0.000 perm_valid 0.066 edge_f1 0.753 erank 36.7 (289.8k tok/s)
step   3600 loss 0.4193 [ntp=0.194 mtp=0.225] embed_acc 0.000 perm_valid 0.047 edge_f1 0.748 erank 37.0 (291.5k tok/s)
step   3800 loss 0.4190 [ntp=0.193 mtp=0.226] embed_acc 0.020 perm_valid 0.047 edge_f1 0.768 erank 37.7 (292.8k tok/s)
step   4000 loss 0.4130 [ntp=0.191 mtp=0.222] embed_acc 0.004 perm_valid 0.062 edge_f1 0.756 erank 35.3 (294.1k tok/s)
SUMMARY {"run": "abl_ge5_mtp8_seed2", "config": "configs/ablation/abl_ge5_mtp8.yaml", "device": "cuda", "params": 4791808, "steps": 4000, "final": {"embed_acc": 0.00390625, "perm_valid": 0.0625, "edge_f1": 0.7561927958267389}, "best": {"embed_acc": 0.01953125, "perm_valid": 0.9609375, "edge_f1": 0.7829740179924156}, "eranks": {"erank_0": 17.35, "erank_1": 26.32, "erank_2": 33.26, "erank_3": 39.21, "erank_4": 26.33, "erank_5": 29.75, "erank_6": 35.32}, "wall_s": 273.4}
GE GRID ALL DONE
