[32mActivated conda/uv virtual environment at [36m/venv/main[0m
[abl_sg_rev_ntp_seed0] device=cuda params=4.74M vocab=56 seq_len=87
step    200 loss 2.2116 [ntp=2.212] path_acc 0.000 decision_acc 0.023 erank 12.9 (216.9k tok/s)
step    400 loss 2.1016 [ntp=2.102] path_acc 0.000 decision_acc 0.074 erank 10.4 (227.0k tok/s)
step    600 loss 2.0221 [ntp=2.022] path_acc 0.000 decision_acc 0.051 erank 15.9 (225.8k tok/s)
step    800 loss 2.0019 [ntp=2.002] path_acc 0.000 decision_acc 0.059 erank 16.3 (228.5k tok/s)
step   1000 loss 1.9589 [ntp=1.959] path_acc 0.000 decision_acc 0.043 erank 8.2 (231.6k tok/s)
step   1200 loss 1.9316 [ntp=1.932] path_acc 0.000 decision_acc 0.059 erank 13.7 (231.0k tok/s)
step   1400 loss 1.9186 [ntp=1.919] path_acc 0.000 decision_acc 0.066 erank 12.3 (231.3k tok/s)
step   1600 loss 1.8711 [ntp=1.871] path_acc 0.000 decision_acc 0.055 erank 7.7 (233.9k tok/s)
step   1800 loss 1.8321 [ntp=1.832] path_acc 0.000 decision_acc 0.047 erank 4.6 (235.8k tok/s)
step   2000 loss 1.8333 [ntp=1.833] path_acc 0.000 decision_acc 0.059 erank 3.5 (240.6k tok/s)
step   2200 loss 1.8138 [ntp=1.814] path_acc 0.000 decision_acc 0.055 erank 3.7 (242.3k tok/s)
step   2400 loss 1.8081 [ntp=1.808] path_acc 0.000 decision_acc 0.035 erank 3.6 (246.5k tok/s)
step   2600 loss 1.8215 [ntp=1.822] path_acc 0.000 decision_acc 0.035 erank 3.7 (247.2k tok/s)
step   2800 loss 1.7791 [ntp=1.779] path_acc 0.000 decision_acc 0.047 erank 3.6 (247.3k tok/s)
step   3000 loss 1.7827 [ntp=1.783] path_acc 0.000 decision_acc 0.055 erank 3.5 (247.6k tok/s)
step   3200 loss 1.7645 [ntp=1.765] path_acc 0.000 decision_acc 0.055 erank 4.1 (248.3k tok/s)
step   3400 loss 1.7588 [ntp=1.759] path_acc 0.000 decision_acc 0.035 erank 3.8 (248.9k tok/s)
step   3600 loss 1.7501 [ntp=1.750] path_acc 0.000 decision_acc 0.059 erank 4.0 (249.0k tok/s)
step   3800 loss 1.7649 [ntp=1.765] path_acc 0.000 decision_acc 0.062 erank 4.0 (249.2k tok/s)
step   4000 loss 1.7653 [ntp=1.765] path_acc 0.000 decision_acc 0.078 erank 4.3 (249.6k tok/s)
SUMMARY {"run": "abl_sg_rev_ntp_seed0", "config": "configs/ablation/abl_sg_rev_ntp.yaml", "device": "cuda", "params": 4736512, "steps": 4000, "final": {"path_acc": 0.0, "decision_acc": 0.078125}, "best": {"path_acc": 0.0, "decision_acc": 0.078125}, "eranks": {"erank_0": 36.05, "erank_1": 7.76, "erank_2": 4.29, "erank_3": 3.27, "erank_4": 3.48, "erank_5": 3.44, "erank_6": 4.27}, "wall_s": 178.5}
[abl_sg_rev_ntp_seed1] device=cuda params=4.74M vocab=56 seq_len=87
step    200 loss 2.2204 [ntp=2.220] path_acc 0.000 decision_acc 0.031 erank 12.3 (231.5k tok/s)
step    400 loss 2.1089 [ntp=2.109] path_acc 0.000 decision_acc 0.047 erank 14.3 (242.6k tok/s)
step    600 loss 2.0198 [ntp=2.020] path_acc 0.000 decision_acc 0.051 erank 14.0 (247.6k tok/s)
step    800 loss 1.9853 [ntp=1.985] path_acc 0.000 decision_acc 0.066 erank 13.1 (250.8k tok/s)
step   1000 loss 1.9603 [ntp=1.960] path_acc 0.000 decision_acc 0.047 erank 12.0 (252.2k tok/s)
step   1200 loss 1.9365 [ntp=1.937] path_acc 0.000 decision_acc 0.047 erank 13.4 (251.5k tok/s)
step   1400 loss 1.9092 [ntp=1.909] path_acc 0.000 decision_acc 0.031 erank 11.6 (250.8k tok/s)
step   1600 loss 1.8795 [ntp=1.879] path_acc 0.000 decision_acc 0.059 erank 9.3 (250.6k tok/s)
step   1800 loss 1.8658 [ntp=1.866] path_acc 0.000 decision_acc 0.043 erank 9.5 (250.1k tok/s)
step   2000 loss 1.8670 [ntp=1.867] path_acc 0.000 decision_acc 0.043 erank 9.4 (250.2k tok/s)
step   2200 loss 1.8267 [ntp=1.827] path_acc 0.000 decision_acc 0.078 erank 10.7 (250.0k tok/s)
step   2400 loss 1.8055 [ntp=1.806] path_acc 0.000 decision_acc 0.066 erank 9.2 (255.3k tok/s)
step   2600 loss 1.8158 [ntp=1.816] path_acc 0.000 decision_acc 0.051 erank 8.1 (254.7k tok/s)
step   2800 loss 1.8063 [ntp=1.806] path_acc 0.000 decision_acc 0.043 erank 7.7 (254.3k tok/s)
step   3000 loss 1.7700 [ntp=1.770] path_acc 0.000 decision_acc 0.059 erank 8.1 (253.9k tok/s)
step   3200 loss 1.7712 [ntp=1.771] path_acc 0.000 decision_acc 0.047 erank 7.4 (253.3k tok/s)
step   3400 loss 1.7729 [ntp=1.773] path_acc 0.000 decision_acc 0.062 erank 7.9 (253.0k tok/s)
step   3600 loss 1.7550 [ntp=1.755] path_acc 0.000 decision_acc 0.062 erank 8.8 (252.7k tok/s)
step   3800 loss 1.7583 [ntp=1.758] path_acc 0.000 decision_acc 0.059 erank 8.6 (252.4k tok/s)
step   4000 loss 1.7482 [ntp=1.748] path_acc 0.000 decision_acc 0.055 erank 7.4 (252.0k tok/s)
SUMMARY {"run": "abl_sg_rev_ntp_seed1", "config": "configs/ablation/abl_sg_rev_ntp.yaml", "device": "cuda", "params": 4736512, "steps": 4000, "final": {"path_acc": 0.0, "decision_acc": 0.0546875}, "best": {"path_acc": 0.0, "decision_acc": 0.078125}, "eranks": {"erank_0": 36.45, "erank_1": 17.21, "erank_2": 2.28, "erank_3": 2.5, "erank_4": 3.13, "erank_5": 4.46, "erank_6": 7.38}, "wall_s": 176.7}
[abl_sg_rev_ntp_seed2] device=cuda params=4.74M vocab=56 seq_len=87
step    200 loss 2.2209 [ntp=2.221] path_acc 0.000 decision_acc 0.000 erank 6.0 (237.3k tok/s)
step    400 loss 2.1405 [ntp=2.140] path_acc 0.000 decision_acc 0.043 erank 6.7 (250.2k tok/s)
step    600 loss 2.0610 [ntp=2.061] path_acc 0.000 decision_acc 0.055 erank 4.1 (255.0k tok/s)
step    800 loss 1.9720 [ntp=1.972] path_acc 0.000 decision_acc 0.070 erank 3.5 (256.7k tok/s)
step   1000 loss 1.9436 [ntp=1.944] path_acc 0.000 decision_acc 0.062 erank 2.8 (255.0k tok/s)
step   1200 loss 1.9081 [ntp=1.908] path_acc 0.000 decision_acc 0.055 erank 3.2 (253.2k tok/s)
step   1400 loss 1.8979 [ntp=1.898] path_acc 0.000 decision_acc 0.035 erank 2.6 (252.6k tok/s)
step   1600 loss 1.8564 [ntp=1.856] path_acc 0.000 decision_acc 0.059 erank 2.5 (251.6k tok/s)
step   1800 loss 1.8450 [ntp=1.845] path_acc 0.000 decision_acc 0.047 erank 2.4 (250.7k tok/s)
step   2000 loss 1.8290 [ntp=1.829] path_acc 0.000 decision_acc 0.055 erank 2.0 (250.1k tok/s)
step   2200 loss 1.8060 [ntp=1.806] path_acc 0.000 decision_acc 0.043 erank 2.1 (249.7k tok/s)
step   2400 loss 1.8069 [ntp=1.807] path_acc 0.000 decision_acc 0.047 erank 2.0 (249.7k tok/s)
step   2600 loss 1.7921 [ntp=1.792] path_acc 0.000 decision_acc 0.090 erank 2.1 (249.5k tok/s)
step   2800 loss 1.7676 [ntp=1.768] path_acc 0.000 decision_acc 0.035 erank 1.9 (249.6k tok/s)
step   3000 loss 1.7577 [ntp=1.758] path_acc 0.000 decision_acc 0.039 erank 1.9 (250.7k tok/s)
step   3200 loss 1.7341 [ntp=1.734] path_acc 0.000 decision_acc 0.059 erank 1.9 (250.6k tok/s)
step   3400 loss 1.7425 [ntp=1.742] path_acc 0.000 decision_acc 0.066 erank 1.8 (250.6k tok/s)
step   3600 loss 1.7363 [ntp=1.736] path_acc 0.000 decision_acc 0.066 erank 1.7 (250.5k tok/s)
step   3800 loss 1.7253 [ntp=1.725] path_acc 0.000 decision_acc 0.066 erank 1.7 (250.3k tok/s)
step   4000 loss 1.7090 [ntp=1.709] path_acc 0.000 decision_acc 0.074 erank 1.7 (250.2k tok/s)
SUMMARY {"run": "abl_sg_rev_ntp_seed2", "config": "configs/ablation/abl_sg_rev_ntp.yaml", "device": "cuda", "params": 4736512, "steps": 4000, "final": {"path_acc": 0.0, "decision_acc": 0.07421875}, "best": {"path_acc": 0.0, "decision_acc": 0.08984375}, "eranks": {"erank_0": 33.75, "erank_1": 18.46, "erank_2": 3.82, "erank_3": 3.14, "erank_4": 1.72, "erank_5": 1.41, "erank_6": 1.73}, "wall_s": 178.0}
R10 ALL DONE
