[32mActivated conda/uv virtual environment at [36m/venv/main[0m
[abl_sg_bc_12k_seed3] device=cuda params=5.10M vocab=56 seq_len=87
step    400 loss 5.9331 [ntp=2.040 backchain=3.893 bc_g=2.405 bc_m=3.191 bc_a=2.190] path_acc 0.000 decision_acc 0.020 erank 21.7 (133.0k tok/s)
step    800 loss 2.5864 [ntp=0.409 backchain=2.177 bc_g=0.136 bc_m=3.005 bc_a=1.214] path_acc 0.199 decision_acc 0.199 erank 27.1 (135.0k tok/s)
step   1200 loss 2.2029 [ntp=0.375 backchain=1.828 bc_g=0.043 bc_m=2.827 bc_a=0.785] path_acc 0.199 decision_acc 0.199 erank 6.1 (134.5k tok/s)
step   1600 loss 1.9402 [ntp=0.326 backchain=1.615 bc_g=0.003 bc_m=2.455 bc_a=0.771] path_acc 0.250 decision_acc 0.250 erank 3.3 (134.6k tok/s)
step   2000 loss 1.8319 [ntp=0.304 backchain=1.528 bc_g=0.004 bc_m=2.350 bc_a=0.701] path_acc 0.191 decision_acc 0.191 erank 2.7 (134.4k tok/s)
step   2400 loss 1.7782 [ntp=0.273 backchain=1.505 bc_g=0.002 bc_m=2.263 bc_a=0.745] path_acc 0.230 decision_acc 0.234 erank 2.3 (134.2k tok/s)
step   2800 loss 1.5022 [ntp=0.267 backchain=1.235 bc_g=0.001 bc_m=1.581 bc_a=0.889] path_acc 0.207 decision_acc 0.207 erank 2.0 (134.1k tok/s)
step   3200 loss 1.5063 [ntp=0.247 backchain=1.259 bc_g=0.001 bc_m=1.496 bc_a=1.022] path_acc 0.203 decision_acc 0.203 erank 1.7 (134.1k tok/s)
step   3600 loss 1.5182 [ntp=0.252 backchain=1.266 bc_g=0.001 bc_m=1.393 bc_a=1.137] path_acc 0.184 decision_acc 0.184 erank 1.7 (133.9k tok/s)
step   4000 loss 1.5601 [ntp=0.242 backchain=1.319 bc_g=0.000 bc_m=1.348 bc_a=1.289] path_acc 0.211 decision_acc 0.211 erank 1.8 (133.8k tok/s)
step   4400 loss 1.6157 [ntp=0.258 backchain=1.357 bc_g=0.000 bc_m=1.335 bc_a=1.380] path_acc 0.250 decision_acc 0.250 erank 1.8 (133.7k tok/s)
step   4800 loss 1.5962 [ntp=0.237 backchain=1.359 bc_g=0.000 bc_m=1.288 bc_a=1.430] path_acc 0.207 decision_acc 0.207 erank 1.7 (133.7k tok/s)
step   5200 loss 1.6227 [ntp=0.253 backchain=1.370 bc_g=0.000 bc_m=1.296 bc_a=1.444] path_acc 0.227 decision_acc 0.227 erank 1.8 (133.6k tok/s)
step   5600 loss 1.6026 [ntp=0.235 backchain=1.367 bc_g=0.000 bc_m=1.247 bc_a=1.487] path_acc 0.176 decision_acc 0.176 erank 1.7 (133.9k tok/s)
step   6000 loss 1.6589 [ntp=0.248 backchain=1.411 bc_g=0.000 bc_m=1.244 bc_a=1.578] path_acc 0.191 decision_acc 0.191 erank 1.6 (134.2k tok/s)
step   6400 loss 1.6828 [ntp=0.243 backchain=1.440 bc_g=0.000 bc_m=1.190 bc_a=1.690] path_acc 0.211 decision_acc 0.211 erank 1.8 (134.5k tok/s)
step   6800 loss 1.7374 [ntp=0.247 backchain=1.490 bc_g=0.000 bc_m=1.192 bc_a=1.788] path_acc 0.207 decision_acc 0.207 erank 1.7 (134.4k tok/s)
step   7200 loss 1.7581 [ntp=0.246 backchain=1.513 bc_g=0.000 bc_m=1.179 bc_a=1.846] path_acc 0.168 decision_acc 0.168 erank 1.6 (134.4k tok/s)
step   7600 loss 1.7466 [ntp=0.234 backchain=1.512 bc_g=0.000 bc_m=1.144 bc_a=1.880] path_acc 0.227 decision_acc 0.227 erank 1.6 (134.3k tok/s)
step   8000 loss 1.7438 [ntp=0.233 backchain=1.511 bc_g=0.000 bc_m=1.139 bc_a=1.883] path_acc 0.234 decision_acc 0.234 erank 1.5 (134.3k tok/s)
step   8400 loss 1.7567 [ntp=0.236 backchain=1.520 bc_g=0.000 bc_m=1.124 bc_a=1.916] path_acc 0.211 decision_acc 0.211 erank 1.6 (134.3k tok/s)
step   8800 loss 1.7744 [ntp=0.233 backchain=1.541 bc_g=0.000 bc_m=1.104 bc_a=1.978] path_acc 0.191 decision_acc 0.191 erank 1.6 (134.2k tok/s)
step   9200 loss 1.7969 [ntp=0.239 backchain=1.558 bc_g=0.000 bc_m=1.118 bc_a=1.997] path_acc 0.172 decision_acc 0.172 erank 1.6 (134.3k tok/s)
step   9600 loss 1.7918 [ntp=0.233 backchain=1.559 bc_g=0.000 bc_m=1.092 bc_a=2.026] path_acc 0.184 decision_acc 0.184 erank 1.6 (134.2k tok/s)
step  10000 loss 1.8176 [ntp=0.235 backchain=1.582 bc_g=0.000 bc_m=1.071 bc_a=2.093] path_acc 0.176 decision_acc 0.176 erank 1.5 (134.2k tok/s)
step  10400 loss 1.8355 [ntp=0.236 backchain=1.599 bc_g=0.000 bc_m=1.071 bc_a=2.128] path_acc 0.246 decision_acc 0.246 erank 1.5 (134.1k tok/s)
step  10800 loss 1.8507 [ntp=0.238 backchain=1.612 bc_g=0.000 bc_m=1.074 bc_a=2.150] path_acc 0.234 decision_acc 0.234 erank 1.5 (134.1k tok/s)
step  11200 loss 1.8605 [ntp=0.233 backchain=1.628 bc_g=0.000 bc_m=1.079 bc_a=2.176] path_acc 0.184 decision_acc 0.184 erank 1.5 (134.1k tok/s)
step  11600 loss 1.8533 [ntp=0.233 backchain=1.620 bc_g=0.000 bc_m=1.078 bc_a=2.162] path_acc 0.211 decision_acc 0.211 erank 1.5 (134.0k tok/s)
step  12000 loss 1.8606 [ntp=0.229 backchain=1.632 bc_g=0.000 bc_m=1.075 bc_a=2.189] path_acc 0.223 decision_acc 0.223 erank 1.5 (134.5k tok/s)
SUMMARY {"run": "abl_sg_bc_12k_seed3", "config": "configs/ablation/abl_sg_bc_12k.yaml", "device": "cuda", "params": 5099008, "steps": 12000, "final": {"path_acc": 0.22265625, "decision_acc": 0.22265625}, "best": {"path_acc": 0.25, "decision_acc": 0.25}, "eranks": {"erank_0": 40.03, "erank_1": 3.61, "erank_2": 1.2, "erank_3": 1.23, "erank_4": 1.28, "erank_5": 1.35, "erank_6": 1.5}, "wall_s": 993.3}
[abl_sg_bc_12k_seed4] device=cuda params=5.10M vocab=56 seq_len=87
step    400 loss 5.9374 [ntp=2.037 backchain=3.900 bc_g=2.383 bc_m=3.265 bc_a=2.154] path_acc 0.000 decision_acc 0.051 erank 31.5 (128.4k tok/s)
step    800 loss 3.3084 [ntp=0.483 backchain=2.825 bc_g=1.265 bc_m=3.082 bc_a=1.303] path_acc 0.160 decision_acc 0.168 erank 13.8 (130.4k tok/s)
step   1200 loss 2.3033 [ntp=0.397 backchain=1.906 bc_g=0.007 bc_m=2.870 bc_a=0.935] path_acc 0.227 decision_acc 0.230 erank 8.5 (131.9k tok/s)
step   1600 loss 2.1672 [ntp=0.340 backchain=1.827 bc_g=0.004 bc_m=2.637 bc_a=1.013] path_acc 0.191 decision_acc 0.191 erank 3.4 (132.3k tok/s)
step   2000 loss 1.8185 [ntp=0.304 backchain=1.514 bc_g=0.002 bc_m=2.149 bc_a=0.877] path_acc 0.191 decision_acc 0.191 erank 2.2 (132.7k tok/s)
step   2400 loss 1.6830 [ntp=0.265 backchain=1.418 bc_g=0.001 bc_m=2.024 bc_a=0.811] path_acc 0.250 decision_acc 0.250 erank 1.9 (132.9k tok/s)
step   2800 loss 1.6855 [ntp=0.268 backchain=1.418 bc_g=0.000 bc_m=1.999 bc_a=0.836] path_acc 0.180 decision_acc 0.180 erank 1.8 (133.0k tok/s)
step   3200 loss 1.6240 [ntp=0.254 backchain=1.370 bc_g=0.001 bc_m=1.867 bc_a=0.872] path_acc 0.152 decision_acc 0.152 erank 1.7 (133.2k tok/s)
step   3600 loss 1.5679 [ntp=0.247 backchain=1.321 bc_g=0.001 bc_m=1.726 bc_a=0.914] path_acc 0.160 decision_acc 0.160 erank 1.6 (133.2k tok/s)
step   4000 loss 1.5562 [ntp=0.246 backchain=1.310 bc_g=0.001 bc_m=1.612 bc_a=1.007] path_acc 0.184 decision_acc 0.184 erank 1.6 (133.3k tok/s)
step   4400 loss 1.4680 [ntp=0.252 backchain=1.216 bc_g=0.001 bc_m=1.390 bc_a=1.042] path_acc 0.242 decision_acc 0.242 erank 1.6 (133.3k tok/s)
step   4800 loss 1.4678 [ntp=0.247 backchain=1.221 bc_g=0.001 bc_m=1.293 bc_a=1.149] path_acc 0.223 decision_acc 0.223 erank 1.5 (133.3k tok/s)
step   5200 loss 1.4739 [ntp=0.232 backchain=1.242 bc_g=0.000 bc_m=1.262 bc_a=1.221] path_acc 0.227 decision_acc 0.227 erank 1.6 (133.3k tok/s)
step   5600 loss 1.5098 [ntp=0.244 backchain=1.266 bc_g=0.000 bc_m=1.256 bc_a=1.276] path_acc 0.215 decision_acc 0.215 erank 1.5 (133.3k tok/s)
step   6000 loss 1.5185 [ntp=0.242 backchain=1.277 bc_g=0.000 bc_m=1.238 bc_a=1.315] path_acc 0.156 decision_acc 0.156 erank 1.6 (133.3k tok/s)
step   6400 loss 1.5310 [ntp=0.240 backchain=1.291 bc_g=0.000 bc_m=1.203 bc_a=1.380] path_acc 0.207 decision_acc 0.207 erank 1.5 (135.0k tok/s)
step   6800 loss 1.5360 [ntp=0.236 backchain=1.299 bc_g=0.000 bc_m=1.177 bc_a=1.421] path_acc 0.172 decision_acc 0.172 erank 1.5 (135.2k tok/s)
step   7200 loss 1.5385 [ntp=0.237 backchain=1.301 bc_g=0.000 bc_m=1.159 bc_a=1.444] path_acc 0.207 decision_acc 0.207 erank 1.4 (135.1k tok/s)
step   7600 loss 1.5561 [ntp=0.235 backchain=1.322 bc_g=0.000 bc_m=1.148 bc_a=1.495] path_acc 0.219 decision_acc 0.219 erank 1.5 (135.1k tok/s)
step   8000 loss 1.5635 [ntp=0.241 backchain=1.323 bc_g=0.000 bc_m=1.126 bc_a=1.520] path_acc 0.180 decision_acc 0.180 erank 1.5 (134.9k tok/s)
step   8400 loss 1.5608 [ntp=0.235 backchain=1.326 bc_g=0.000 bc_m=1.115 bc_a=1.537] path_acc 0.168 decision_acc 0.168 erank 1.5 (134.9k tok/s)
step   8800 loss 1.5540 [ntp=0.232 backchain=1.322 bc_g=0.000 bc_m=1.083 bc_a=1.562] path_acc 0.207 decision_acc 0.207 erank 1.5 (134.8k tok/s)
step   9200 loss 1.5691 [ntp=0.234 backchain=1.335 bc_g=0.000 bc_m=1.077 bc_a=1.593] path_acc 0.215 decision_acc 0.215 erank 1.5 (134.9k tok/s)
step   9600 loss 1.5890 [ntp=0.235 backchain=1.354 bc_g=0.000 bc_m=1.066 bc_a=1.643] path_acc 0.160 decision_acc 0.160 erank 1.5 (134.8k tok/s)
step  10000 loss 1.5888 [ntp=0.236 backchain=1.352 bc_g=0.000 bc_m=1.043 bc_a=1.662] path_acc 0.195 decision_acc 0.195 erank 1.5 (135.1k tok/s)
step  10400 loss 1.5944 [ntp=0.234 backchain=1.360 bc_g=0.000 bc_m=1.033 bc_a=1.688] path_acc 0.223 decision_acc 0.223 erank 1.5 (136.8k tok/s)
step  10800 loss 1.5913 [ntp=0.234 backchain=1.357 bc_g=0.000 bc_m=1.029 bc_a=1.685] path_acc 0.176 decision_acc 0.176 erank 1.5 (136.6k tok/s)
step  11200 loss 1.6025 [ntp=0.232 backchain=1.371 bc_g=0.000 bc_m=1.017 bc_a=1.724] path_acc 0.203 decision_acc 0.203 erank 1.5 (136.6k tok/s)
step  11600 loss 1.6003 [ntp=0.235 backchain=1.366 bc_g=0.000 bc_m=1.010 bc_a=1.722] path_acc 0.152 decision_acc 0.152 erank 1.5 (136.5k tok/s)
step  12000 loss 1.6100 [ntp=0.234 backchain=1.376 bc_g=0.000 bc_m=1.021 bc_a=1.730] path_acc 0.160 decision_acc 0.160 erank 1.5 (136.4k tok/s)
SUMMARY {"run": "abl_sg_bc_12k_seed4", "config": "configs/ablation/abl_sg_bc_12k.yaml", "device": "cuda", "params": 5099008, "steps": 12000, "final": {"path_acc": 0.16015625, "decision_acc": 0.16015625}, "best": {"path_acc": 0.25, "decision_acc": 0.25}, "eranks": {"erank_0": 40.75, "erank_1": 21.55, "erank_2": 1.16, "erank_3": 1.14, "erank_4": 1.25, "erank_5": 1.43, "erank_6": 1.52}, "wall_s": 980.0}
[abl_sg_bc_12k_seed5] device=cuda params=5.10M vocab=56 seq_len=87
step    400 loss 6.0848 [ntp=2.061 backchain=4.024 bc_g=2.406 bc_m=3.232 bc_a=2.410] path_acc 0.000 decision_acc 0.035 erank 28.4 (132.2k tok/s)
step    800 loss 5.4142 [ntp=1.942 backchain=3.472 bc_g=2.271 bc_m=2.938 bc_a=1.735] path_acc 0.000 decision_acc 0.047 erank 4.7 (134.9k tok/s)
step   1200 loss 5.2159 [ntp=1.900 backchain=3.315 bc_g=2.217 bc_m=2.850 bc_a=1.564] path_acc 0.000 decision_acc 0.031 erank 1.8 (152.6k tok/s)
step   1600 loss 2.4785 [ntp=0.380 backchain=2.099 bc_g=0.085 bc_m=2.807 bc_a=1.305] path_acc 0.172 decision_acc 0.180 erank 1.6 (163.3k tok/s)
step   2000 loss 2.1084 [ntp=0.316 backchain=1.792 bc_g=0.009 bc_m=2.636 bc_a=0.939] path_acc 0.188 decision_acc 0.188 erank 1.4 (166.1k tok/s)
step   2400 loss 1.7352 [ntp=0.302 backchain=1.433 bc_g=0.004 bc_m=2.125 bc_a=0.738] path_acc 0.164 decision_acc 0.164 erank 1.2 (159.9k tok/s)
step   2800 loss 1.4736 [ntp=0.279 backchain=1.195 bc_g=0.003 bc_m=1.782 bc_a=0.605] path_acc 0.203 decision_acc 0.203 erank 1.2 (155.8k tok/s)
step   3200 loss 1.4166 [ntp=0.278 backchain=1.139 bc_g=0.001 bc_m=1.705 bc_a=0.571] path_acc 0.156 decision_acc 0.156 erank 1.2 (152.8k tok/s)
step   3600 loss 1.3800 [ntp=0.264 backchain=1.116 bc_g=0.001 bc_m=1.682 bc_a=0.549] path_acc 0.215 decision_acc 0.215 erank 1.2 (150.5k tok/s)
step   4000 loss 1.3011 [ntp=0.267 backchain=1.034 bc_g=0.001 bc_m=1.520 bc_a=0.547] path_acc 0.219 decision_acc 0.219 erank 1.1 (150.7k tok/s)
step   4400 loss 1.2614 [ntp=0.253 backchain=1.008 bc_g=0.001 bc_m=1.448 bc_a=0.568] path_acc 0.164 decision_acc 0.164 erank 1.1 (150.6k tok/s)
step   4800 loss 1.2338 [ntp=0.245 backchain=0.988 bc_g=0.001 bc_m=1.396 bc_a=0.580] path_acc 0.168 decision_acc 0.168 erank 1.1 (151.3k tok/s)
step   5200 loss 1.2320 [ntp=0.253 backchain=0.979 bc_g=0.001 bc_m=1.372 bc_a=0.587] path_acc 0.227 decision_acc 0.227 erank 1.1 (149.9k tok/s)
step   5600 loss 1.2176 [ntp=0.237 backchain=0.981 bc_g=0.001 bc_m=1.340 bc_a=0.621] path_acc 0.254 decision_acc 0.254 erank 1.1 (150.6k tok/s)
step   6000 loss 1.2240 [ntp=0.237 backchain=0.987 bc_g=0.000 bc_m=1.303 bc_a=0.670] path_acc 0.219 decision_acc 0.219 erank 1.1 (149.7k tok/s)
step   6400 loss 1.2448 [ntp=0.242 backchain=1.003 bc_g=0.000 bc_m=1.307 bc_a=0.699] path_acc 0.164 decision_acc 0.164 erank 1.1 (149.9k tok/s)
step   6800 loss 1.2260 [ntp=0.236 backchain=0.990 bc_g=0.001 bc_m=1.271 bc_a=0.709] path_acc 0.223 decision_acc 0.223 erank 1.1 (148.9k tok/s)
step   7200 loss 1.2602 [ntp=0.243 backchain=1.017 bc_g=0.000 bc_m=1.288 bc_a=0.745] path_acc 0.230 decision_acc 0.230 erank 1.1 (148.2k tok/s)
step   7600 loss 1.2511 [ntp=0.238 backchain=1.013 bc_g=0.000 bc_m=1.248 bc_a=0.777] path_acc 0.195 decision_acc 0.195 erank 1.1 (147.4k tok/s)
step   8000 loss 1.2466 [ntp=0.231 backchain=1.015 bc_g=0.000 bc_m=1.238 bc_a=0.792] path_acc 0.180 decision_acc 0.180 erank 1.1 (146.9k tok/s)
step   8400 loss 1.2634 [ntp=0.237 backchain=1.027 bc_g=0.000 bc_m=1.228 bc_a=0.824] path_acc 0.211 decision_acc 0.211 erank 1.1 (146.6k tok/s)
step   8800 loss 1.2719 [ntp=0.233 backchain=1.039 bc_g=0.000 bc_m=1.210 bc_a=0.867] path_acc 0.242 decision_acc 0.242 erank 1.1 (146.6k tok/s)
step   9200 loss 1.2858 [ntp=0.234 backchain=1.051 bc_g=0.000 bc_m=1.206 bc_a=0.897] path_acc 0.191 decision_acc 0.191 erank 1.1 (146.3k tok/s)
step   9600 loss 1.2704 [ntp=0.240 backchain=1.030 bc_g=0.000 bc_m=1.138 bc_a=0.922] path_acc 0.203 decision_acc 0.203 erank 1.1 (145.8k tok/s)
step  10000 loss 1.2461 [ntp=0.234 backchain=1.012 bc_g=0.000 bc_m=1.062 bc_a=0.962] path_acc 0.203 decision_acc 0.203 erank 1.1 (145.5k tok/s)
step  10400 loss 1.2285 [ntp=0.209 backchain=1.019 bc_g=0.000 bc_m=1.044 bc_a=0.994] path_acc 0.316 decision_acc 0.316 erank 1.1 (145.1k tok/s)
step  10800 loss 1.1592 [ntp=0.154 backchain=1.005 bc_g=0.000 bc_m=1.006 bc_a=1.004] path_acc 0.562 decision_acc 0.562 erank 1.1 (144.7k tok/s)
step  11200 loss 1.1646 [ntp=0.138 backchain=1.026 bc_g=0.000 bc_m=1.027 bc_a=1.025] path_acc 0.629 decision_acc 0.629 erank 1.1 (144.4k tok/s)
step  11600 loss 1.1535 [ntp=0.125 backchain=1.029 bc_g=0.000 bc_m=1.001 bc_a=1.057] path_acc 0.629 decision_acc 0.629 erank 1.1 (144.1k tok/s)
step  12000 loss 1.1771 [ntp=0.136 backchain=1.041 bc_g=0.000 bc_m=1.016 bc_a=1.066] path_acc 0.613 decision_acc 0.613 erank 1.1 (145.1k tok/s)
SUMMARY {"run": "abl_sg_bc_12k_seed5", "config": "configs/ablation/abl_sg_bc_12k.yaml", "device": "cuda", "params": 5099008, "steps": 12000, "final": {"path_acc": 0.61328125, "decision_acc": 0.61328125}, "best": {"path_acc": 0.62890625, "decision_acc": 0.62890625}, "eranks": {"erank_0": 43.93, "erank_1": 13.93, "erank_2": 1.26, "erank_3": 1.04, "erank_4": 1.05, "erank_5": 1.07, "erank_6": 1.09}, "wall_s": 921.3}
[abl_sg_bc_12k_seed6] device=cuda params=5.10M vocab=56 seq_len=87
step    400 loss 5.9681 [ntp=2.060 backchain=3.908 bc_g=2.403 bc_m=3.304 bc_a=2.109] path_acc 0.000 decision_acc 0.039 erank 18.1 (133.9k tok/s)
step    800 loss 3.8753 [ntp=0.774 backchain=3.101 bc_g=1.531 bc_m=3.038 bc_a=1.633] path_acc 0.102 decision_acc 0.180 erank 14.1 (139.4k tok/s)
step   1200 loss 2.2381 [ntp=0.351 backchain=1.888 bc_g=0.008 bc_m=2.823 bc_a=0.944] path_acc 0.258 decision_acc 0.258 erank 5.0 (143.4k tok/s)
step   1600 loss 1.8514 [ntp=0.288 backchain=1.563 bc_g=0.003 bc_m=2.301 bc_a=0.822] path_acc 0.215 decision_acc 0.215 erank 2.7 (147.6k tok/s)
step   2000 loss 1.7258 [ntp=0.296 backchain=1.429 bc_g=0.003 bc_m=2.134 bc_a=0.722] path_acc 0.230 decision_acc 0.230 erank 2.0 (145.9k tok/s)
step   2400 loss 1.6668 [ntp=0.274 backchain=1.393 bc_g=0.008 bc_m=2.017 bc_a=0.760] path_acc 0.234 decision_acc 0.234 erank 1.7 (146.4k tok/s)
step   2800 loss 1.6238 [ntp=0.265 backchain=1.359 bc_g=0.002 bc_m=1.856 bc_a=0.860] path_acc 0.219 decision_acc 0.219 erank 1.5 (145.4k tok/s)
step   3200 loss 1.6321 [ntp=0.251 backchain=1.381 bc_g=0.001 bc_m=1.844 bc_a=0.917] path_acc 0.180 decision_acc 0.180 erank 1.5 (148.8k tok/s)
step   3600 loss 1.5962 [ntp=0.242 backchain=1.355 bc_g=0.001 bc_m=1.766 bc_a=0.942] path_acc 0.223 decision_acc 0.223 erank 1.5 (149.6k tok/s)
step   4000 loss 1.5711 [ntp=0.252 backchain=1.319 bc_g=0.002 bc_m=1.669 bc_a=0.967] path_acc 0.191 decision_acc 0.191 erank 1.4 (148.5k tok/s)
step   4400 loss 1.5176 [ntp=0.251 backchain=1.267 bc_g=0.001 bc_m=1.525 bc_a=1.008] path_acc 0.168 decision_acc 0.168 erank 1.4 (147.7k tok/s)
step   4800 loss 1.5079 [ntp=0.241 backchain=1.267 bc_g=0.001 bc_m=1.477 bc_a=1.056] path_acc 0.191 decision_acc 0.191 erank 1.4 (146.8k tok/s)
step   5200 loss 1.4996 [ntp=0.240 backchain=1.260 bc_g=0.000 bc_m=1.426 bc_a=1.093] path_acc 0.195 decision_acc 0.195 erank 1.3 (145.8k tok/s)
step   5600 loss 1.5191 [ntp=0.245 backchain=1.274 bc_g=0.000 bc_m=1.389 bc_a=1.158] path_acc 0.141 decision_acc 0.141 erank 1.4 (145.0k tok/s)
step   6000 loss 1.5290 [ntp=0.243 backchain=1.287 bc_g=0.000 bc_m=1.349 bc_a=1.224] path_acc 0.195 decision_acc 0.195 erank 1.3 (144.3k tok/s)
step   6400 loss 1.5378 [ntp=0.238 backchain=1.300 bc_g=0.000 bc_m=1.327 bc_a=1.273] path_acc 0.258 decision_acc 0.258 erank 1.3 (145.7k tok/s)
step   6800 loss 1.5795 [ntp=0.243 backchain=1.337 bc_g=0.000 bc_m=1.326 bc_a=1.347] path_acc 0.203 decision_acc 0.203 erank 1.3 (145.0k tok/s)
step   7200 loss 1.5842 [ntp=0.238 backchain=1.346 bc_g=0.000 bc_m=1.307 bc_a=1.385] path_acc 0.156 decision_acc 0.156 erank 1.3 (144.4k tok/s)
step   7600 loss 1.5960 [ntp=0.240 backchain=1.356 bc_g=0.000 bc_m=1.286 bc_a=1.425] path_acc 0.172 decision_acc 0.172 erank 1.3 (143.8k tok/s)
step   8000 loss 1.6086 [ntp=0.236 backchain=1.373 bc_g=0.000 bc_m=1.254 bc_a=1.491] path_acc 0.234 decision_acc 0.234 erank 1.3 (143.2k tok/s)
step   8400 loss 1.6371 [ntp=0.235 backchain=1.402 bc_g=0.000 bc_m=1.252 bc_a=1.552] path_acc 0.195 decision_acc 0.195 erank 1.3 (142.6k tok/s)
step   8800 loss 1.6670 [ntp=0.235 backchain=1.432 bc_g=0.000 bc_m=1.227 bc_a=1.637] path_acc 0.184 decision_acc 0.184 erank 1.3 (142.1k tok/s)
step   9200 loss 1.6597 [ntp=0.234 backchain=1.426 bc_g=0.000 bc_m=1.207 bc_a=1.645] path_acc 0.191 decision_acc 0.191 erank 1.3 (141.7k tok/s)
step   9600 loss 1.6982 [ntp=0.237 backchain=1.461 bc_g=0.000 bc_m=1.213 bc_a=1.709] path_acc 0.180 decision_acc 0.180 erank 1.3 (141.3k tok/s)
step  10000 loss 1.7109 [ntp=0.235 backchain=1.476 bc_g=0.000 bc_m=1.205 bc_a=1.747] path_acc 0.184 decision_acc 0.184 erank 1.3 (141.1k tok/s)
step  10400 loss 1.7153 [ntp=0.230 backchain=1.486 bc_g=0.000 bc_m=1.195 bc_a=1.776] path_acc 0.199 decision_acc 0.199 erank 1.3 (140.8k tok/s)
step  10800 loss 1.7467 [ntp=0.233 backchain=1.513 bc_g=0.000 bc_m=1.205 bc_a=1.822] path_acc 0.191 decision_acc 0.191 erank 1.3 (141.3k tok/s)
step  11200 loss 1.7470 [ntp=0.236 backchain=1.511 bc_g=0.000 bc_m=1.195 bc_a=1.826] path_acc 0.180 decision_acc 0.180 erank 1.3 (141.3k tok/s)
step  11600 loss 1.7506 [ntp=0.234 backchain=1.517 bc_g=0.000 bc_m=1.174 bc_a=1.859] path_acc 0.219 decision_acc 0.219 erank 1.3 (141.2k tok/s)
step  12000 loss 1.7646 [ntp=0.233 backchain=1.532 bc_g=0.000 bc_m=1.174 bc_a=1.890] path_acc 0.191 decision_acc 0.191 erank 1.3 (141.1k tok/s)
SUMMARY {"run": "abl_sg_bc_12k_seed6", "config": "configs/ablation/abl_sg_bc_12k.yaml", "device": "cuda", "params": 5099008, "steps": 12000, "final": {"path_acc": 0.19140625, "decision_acc": 0.19140625}, "best": {"path_acc": 0.2578125, "decision_acc": 0.2578125}, "eranks": {"erank_0": 42.29, "erank_1": 5.95, "erank_2": 1.06, "erank_3": 1.13, "erank_4": 1.21, "erank_5": 1.24, "erank_6": 1.27}, "wall_s": 947.2}
[abl_sg_bc_12k_seed7] device=cuda params=5.10M vocab=56 seq_len=87
step    400 loss 5.9852 [ntp=2.061 backchain=3.924 bc_g=2.411 bc_m=3.302 bc_a=2.135] path_acc 0.000 decision_acc 0.027 erank 26.5 (136.7k tok/s)
step    800 loss 2.6923 [ntp=0.418 backchain=2.274 bc_g=0.065 bc_m=3.080 bc_a=1.404] path_acc 0.215 decision_acc 0.227 erank 17.8 (139.4k tok/s)
step   1200 loss 2.2696 [ntp=0.354 backchain=1.915 bc_g=0.006 bc_m=2.860 bc_a=0.964] path_acc 0.242 decision_acc 0.242 erank 8.7 (145.6k tok/s)
step   1600 loss 1.8856 [ntp=0.333 backchain=1.553 bc_g=0.001 bc_m=2.245 bc_a=0.859] path_acc 0.211 decision_acc 0.211 erank 3.8 (147.7k tok/s)
step   2000 loss 1.6425 [ntp=0.285 backchain=1.357 bc_g=0.002 bc_m=2.038 bc_a=0.675] path_acc 0.215 decision_acc 0.215 erank 2.6 (147.1k tok/s)
step   2400 loss 1.6155 [ntp=0.271 backchain=1.344 bc_g=0.001 bc_m=1.979 bc_a=0.708] path_acc 0.234 decision_acc 0.234 erank 2.0 (144.8k tok/s)
step   2800 loss 1.6062 [ntp=0.268 backchain=1.338 bc_g=0.030 bc_m=1.910 bc_a=0.737] path_acc 0.211 decision_acc 0.211 erank 1.7 (143.5k tok/s)
step   3200 loss 1.5447 [ntp=0.264 backchain=1.280 bc_g=0.003 bc_m=1.826 bc_a=0.731] path_acc 0.172 decision_acc 0.172 erank 1.6 (142.4k tok/s)
step   3600 loss 1.5159 [ntp=0.255 backchain=1.261 bc_g=0.007 bc_m=1.752 bc_a=0.762] path_acc 0.199 decision_acc 0.199 erank 1.5 (141.4k tok/s)
step   4000 loss 1.5067 [ntp=0.248 backchain=1.259 bc_g=0.006 bc_m=1.703 bc_a=0.808] path_acc 0.246 decision_acc 0.246 erank 1.6 (141.3k tok/s)
step   4400 loss 1.4401 [ntp=0.245 backchain=1.195 bc_g=0.001 bc_m=1.549 bc_a=0.841] path_acc 0.195 decision_acc 0.195 erank 1.5 (145.4k tok/s)
step   4800 loss 1.4117 [ntp=0.249 backchain=1.162 bc_g=0.001 bc_m=1.450 bc_a=0.874] path_acc 0.242 decision_acc 0.242 erank 1.5 (149.1k tok/s)
step   5200 loss 1.4171 [ntp=0.249 backchain=1.168 bc_g=0.001 bc_m=1.392 bc_a=0.942] path_acc 0.184 decision_acc 0.184 erank 1.6 (149.4k tok/s)
step   5600 loss 1.4655 [ntp=0.249 backchain=1.216 bc_g=0.000 bc_m=1.381 bc_a=1.051] path_acc 0.207 decision_acc 0.207 erank 1.4 (148.2k tok/s)
step   6000 loss 1.4668 [ntp=0.242 backchain=1.224 bc_g=0.001 bc_m=1.337 bc_a=1.111] path_acc 0.203 decision_acc 0.203 erank 1.5 (147.2k tok/s)
step   6400 loss 1.4801 [ntp=0.240 backchain=1.240 bc_g=0.000 bc_m=1.319 bc_a=1.161] path_acc 0.230 decision_acc 0.230 erank 1.5 (146.4k tok/s)
step   6800 loss 1.4948 [ntp=0.232 backchain=1.263 bc_g=0.000 bc_m=1.295 bc_a=1.231] path_acc 0.227 decision_acc 0.227 erank 1.5 (145.7k tok/s)
step   7200 loss 1.5038 [ntp=0.238 backchain=1.266 bc_g=0.000 bc_m=1.233 bc_a=1.299] path_acc 0.219 decision_acc 0.219 erank 1.4 (145.1k tok/s)
step   7600 loss 1.5122 [ntp=0.237 backchain=1.275 bc_g=0.000 bc_m=1.186 bc_a=1.364] path_acc 0.199 decision_acc 0.199 erank 1.5 (144.7k tok/s)
step   8000 loss 1.5188 [ntp=0.235 backchain=1.284 bc_g=0.000 bc_m=1.117 bc_a=1.450] path_acc 0.191 decision_acc 0.191 erank 1.4 (144.1k tok/s)
step   8400 loss 1.5245 [ntp=0.237 backchain=1.288 bc_g=0.000 bc_m=1.084 bc_a=1.491] path_acc 0.219 decision_acc 0.219 erank 1.5 (143.8k tok/s)
step   8800 loss 1.5536 [ntp=0.234 backchain=1.320 bc_g=0.000 bc_m=1.093 bc_a=1.547] path_acc 0.191 decision_acc 0.191 erank 1.5 (143.3k tok/s)
step   9200 loss 1.5336 [ntp=0.231 backchain=1.303 bc_g=0.000 bc_m=1.049 bc_a=1.556] path_acc 0.203 decision_acc 0.203 erank 1.5 (144.8k tok/s)
step   9600 loss 1.4810 [ntp=0.232 backchain=1.249 bc_g=0.000 bc_m=1.033 bc_a=1.464] path_acc 0.219 decision_acc 0.219 erank 1.5 (145.5k tok/s)
step  10000 loss 1.4435 [ntp=0.240 backchain=1.203 bc_g=0.000 bc_m=1.018 bc_a=1.388] path_acc 0.203 decision_acc 0.203 erank 1.5 (145.1k tok/s)
step  10400 loss 1.3657 [ntp=0.230 backchain=1.136 bc_g=0.000 bc_m=0.999 bc_a=1.272] path_acc 0.191 decision_acc 0.191 erank 1.5 (144.6k tok/s)
step  10800 loss 1.3001 [ntp=0.232 backchain=1.068 bc_g=0.000 bc_m=0.981 bc_a=1.155] path_acc 0.199 decision_acc 0.199 erank 1.5 (144.2k tok/s)
step  11200 loss 1.2894 [ntp=0.236 backchain=1.054 bc_g=0.001 bc_m=0.979 bc_a=1.127] path_acc 0.195 decision_acc 0.195 erank 1.6 (143.9k tok/s)
step  11600 loss 1.2638 [ntp=0.232 backchain=1.032 bc_g=0.000 bc_m=0.930 bc_a=1.134] path_acc 0.207 decision_acc 0.207 erank 1.5 (143.7k tok/s)
step  12000 loss 1.2642 [ntp=0.231 backchain=1.034 bc_g=0.000 bc_m=0.929 bc_a=1.138] path_acc 0.215 decision_acc 0.215 erank 1.5 (143.3k tok/s)
SUMMARY {"run": "abl_sg_bc_12k_seed7", "config": "configs/ablation/abl_sg_bc_12k.yaml", "device": "cuda", "params": 5099008, "steps": 12000, "final": {"path_acc": 0.21484375, "decision_acc": 0.21484375}, "best": {"path_acc": 0.24609375, "decision_acc": 0.24609375}, "eranks": {"erank_0": 39.42, "erank_1": 3.14, "erank_2": 1.13, "erank_3": 1.22, "erank_4": 1.37, "erank_5": 1.45, "erank_6": 1.52}, "wall_s": 932.4}
[abl_sg_bc_12k_seed8] device=cuda params=5.10M vocab=56 seq_len=87
step    400 loss 6.0649 [ntp=2.054 backchain=4.011 bc_g=2.392 bc_m=3.226 bc_a=2.403] path_acc 0.000 decision_acc 0.047 erank 41.5 (137.3k tok/s)
step    800 loss 2.9160 [ntp=0.468 backchain=2.448 bc_g=0.511 bc_m=3.078 bc_a=1.306] path_acc 0.105 decision_acc 0.129 erank 21.3 (139.3k tok/s)
step   1200 loss 2.0289 [ntp=0.342 backchain=1.687 bc_g=0.003 bc_m=2.577 bc_a=0.793] path_acc 0.227 decision_acc 0.227 erank 7.9 (138.1k tok/s)
step   1600 loss 1.7649 [ntp=0.316 backchain=1.449 bc_g=0.008 bc_m=2.225 bc_a=0.665] path_acc 0.172 decision_acc 0.172 erank 3.6 (137.6k tok/s)
step   2000 loss 1.6610 [ntp=0.285 backchain=1.376 bc_g=0.003 bc_m=2.080 bc_a=0.669] path_acc 0.172 decision_acc 0.172 erank 2.8 (139.9k tok/s)
step   2400 loss 1.6332 [ntp=0.272 backchain=1.361 bc_g=0.002 bc_m=1.997 bc_a=0.722] path_acc 0.250 decision_acc 0.250 erank 2.2 (142.9k tok/s)
step   2800 loss 1.5896 [ntp=0.251 backchain=1.339 bc_g=0.001 bc_m=1.920 bc_a=0.757] path_acc 0.191 decision_acc 0.191 erank 2.0 (144.5k tok/s)
step   3200 loss 1.5616 [ntp=0.249 backchain=1.313 bc_g=0.001 bc_m=1.869 bc_a=0.756] path_acc 0.199 decision_acc 0.199 erank 1.8 (147.7k tok/s)
step   3600 loss 1.5226 [ntp=0.245 backchain=1.278 bc_g=0.001 bc_m=1.811 bc_a=0.744] path_acc 0.211 decision_acc 0.211 erank 1.8 (148.5k tok/s)
step   4000 loss 1.4949 [ntp=0.244 backchain=1.251 bc_g=0.000 bc_m=1.753 bc_a=0.748] path_acc 0.215 decision_acc 0.215 erank 1.7 (147.3k tok/s)
step   4400 loss 1.4641 [ntp=0.240 backchain=1.224 bc_g=0.001 bc_m=1.698 bc_a=0.749] path_acc 0.195 decision_acc 0.195 erank 1.7 (145.9k tok/s)
step   4800 loss 1.4605 [ntp=0.232 backchain=1.228 bc_g=0.001 bc_m=1.670 bc_a=0.786] path_acc 0.199 decision_acc 0.199 erank 1.7 (145.0k tok/s)
step   5200 loss 1.4736 [ntp=0.243 backchain=1.230 bc_g=0.000 bc_m=1.642 bc_a=0.818] path_acc 0.199 decision_acc 0.199 erank 1.6 (144.8k tok/s)
step   5600 loss 1.4840 [ntp=0.243 backchain=1.241 bc_g=0.000 bc_m=1.607 bc_a=0.875] path_acc 0.254 decision_acc 0.254 erank 1.6 (144.1k tok/s)
step   6000 loss 1.4758 [ntp=0.238 backchain=1.238 bc_g=0.000 bc_m=1.589 bc_a=0.886] path_acc 0.230 decision_acc 0.230 erank 1.6 (143.6k tok/s)
step   6400 loss 1.4647 [ntp=0.242 backchain=1.223 bc_g=0.001 bc_m=1.488 bc_a=0.957] path_acc 0.172 decision_acc 0.172 erank 1.5 (143.3k tok/s)
step   6800 loss 1.4550 [ntp=0.245 backchain=1.210 bc_g=0.000 bc_m=1.419 bc_a=1.001] path_acc 0.156 decision_acc 0.156 erank 1.5 (142.9k tok/s)
step   7200 loss 1.4520 [ntp=0.236 backchain=1.216 bc_g=0.000 bc_m=1.359 bc_a=1.073] path_acc 0.230 decision_acc 0.230 erank 1.5 (143.4k tok/s)
step   7600 loss 1.5093 [ntp=0.247 backchain=1.263 bc_g=0.000 bc_m=1.378 bc_a=1.147] path_acc 0.203 decision_acc 0.203 erank 1.4 (145.0k tok/s)
step   8000 loss 1.5059 [ntp=0.232 backchain=1.274 bc_g=0.000 bc_m=1.334 bc_a=1.212] path_acc 0.207 decision_acc 0.207 erank 1.4 (144.6k tok/s)
step   8400 loss 1.5204 [ntp=0.238 backchain=1.282 bc_g=0.000 bc_m=1.307 bc_a=1.256] path_acc 0.211 decision_acc 0.211 erank 1.5 (145.1k tok/s)
step   8800 loss 1.5415 [ntp=0.233 backchain=1.308 bc_g=0.000 bc_m=1.305 bc_a=1.312] path_acc 0.160 decision_acc 0.160 erank 1.4 (144.8k tok/s)
step   9200 loss 1.5532 [ntp=0.235 backchain=1.319 bc_g=0.000 bc_m=1.276 bc_a=1.361] path_acc 0.227 decision_acc 0.227 erank 1.5 (144.5k tok/s)
step   9600 loss 1.5614 [ntp=0.237 backchain=1.324 bc_g=0.000 bc_m=1.229 bc_a=1.420] path_acc 0.215 decision_acc 0.215 erank 1.5 (144.0k tok/s)
step  10000 loss 1.5560 [ntp=0.235 backchain=1.321 bc_g=0.000 bc_m=1.208 bc_a=1.433] path_acc 0.188 decision_acc 0.188 erank 1.4 (144.0k tok/s)
step  10400 loss 1.5715 [ntp=0.233 backchain=1.339 bc_g=0.000 bc_m=1.223 bc_a=1.455] path_acc 0.199 decision_acc 0.199 erank 1.4 (143.6k tok/s)
step  10800 loss 1.5903 [ntp=0.234 backchain=1.356 bc_g=0.000 bc_m=1.210 bc_a=1.503] path_acc 0.176 decision_acc 0.176 erank 1.4 (143.2k tok/s)
step  11200 loss 1.6071 [ntp=0.235 backchain=1.372 bc_g=0.000 bc_m=1.205 bc_a=1.539] path_acc 0.207 decision_acc 0.207 erank 1.5 (142.8k tok/s)
step  11600 loss 1.6233 [ntp=0.231 backchain=1.393 bc_g=0.000 bc_m=1.210 bc_a=1.575] path_acc 0.215 decision_acc 0.215 erank 1.5 (142.7k tok/s)
step  12000 loss 1.6210 [ntp=0.228 backchain=1.393 bc_g=0.000 bc_m=1.188 bc_a=1.598] path_acc 0.203 decision_acc 0.203 erank 1.4 (142.6k tok/s)
SUMMARY {"run": "abl_sg_bc_12k_seed8", "config": "configs/ablation/abl_sg_bc_12k.yaml", "device": "cuda", "params": 5099008, "steps": 12000, "final": {"path_acc": 0.203125, "decision_acc": 0.203125}, "best": {"path_acc": 0.25390625, "decision_acc": 0.25390625}, "eranks": {"erank_0": 40.84, "erank_1": 3.57, "erank_2": 1.12, "erank_3": 1.31, "erank_4": 1.38, "erank_5": 1.4, "erank_6": 1.45}, "wall_s": 937.2}
[abl_sg_bc_noalign_12k_seed0] device=cuda params=5.10M vocab=56 seq_len=87
step    400 loss 4.9669 [ntp=2.085 backchain=2.881 bc_g=2.477 bc_m=3.285] path_acc 0.000 decision_acc 0.055 erank 9.2 (134.8k tok/s)
step    800 loss 4.5593 [ntp=1.954 backchain=2.605 bc_g=2.271 bc_m=2.939] path_acc 0.000 decision_acc 0.062 erank 2.1 (150.3k tok/s)
step   1200 loss 4.4269 [ntp=1.897 backchain=2.530 bc_g=2.204 bc_m=2.855] path_acc 0.000 decision_acc 0.051 erank 1.3 (145.9k tok/s)
step   1600 loss 4.2753 [ntp=1.836 backchain=2.440 bc_g=2.136 bc_m=2.743] path_acc 0.000 decision_acc 0.039 erank 1.2 (144.8k tok/s)
step   2000 loss 4.1803 [ntp=1.799 backchain=2.381 bc_g=2.096 bc_m=2.666] path_acc 0.000 decision_acc 0.047 erank 1.1 (144.9k tok/s)
step   2400 loss 2.1056 [ntp=0.538 backchain=1.567 bc_g=0.286 bc_m=2.849] path_acc 0.121 decision_acc 0.164 erank 1.2 (149.9k tok/s)
step   2800 loss 1.5445 [ntp=0.343 backchain=1.202 bc_g=0.005 bc_m=2.399] path_acc 0.191 decision_acc 0.191 erank 1.4 (148.1k tok/s)
step   3200 loss 1.3981 [ntp=0.298 backchain=1.100 bc_g=0.009 bc_m=2.191] path_acc 0.195 decision_acc 0.195 erank 1.3 (152.3k tok/s)
step   3600 loss 1.1574 [ntp=0.263 backchain=0.894 bc_g=0.001 bc_m=1.787] path_acc 0.203 decision_acc 0.203 erank 1.3 (150.5k tok/s)
step   4000 loss 1.0826 [ntp=0.264 backchain=0.819 bc_g=0.001 bc_m=1.636] path_acc 0.258 decision_acc 0.258 erank 1.3 (149.4k tok/s)
step   4400 loss 1.0321 [ntp=0.254 backchain=0.778 bc_g=0.001 bc_m=1.556] path_acc 0.137 decision_acc 0.137 erank 1.2 (148.5k tok/s)
step   4800 loss 0.9791 [ntp=0.247 backchain=0.732 bc_g=0.001 bc_m=1.463] path_acc 0.180 decision_acc 0.180 erank 1.2 (147.6k tok/s)
step   5200 loss 0.9263 [ntp=0.245 backchain=0.682 bc_g=0.001 bc_m=1.363] path_acc 0.168 decision_acc 0.168 erank 1.2 (149.1k tok/s)
step   5600 loss 0.9217 [ntp=0.250 backchain=0.672 bc_g=0.001 bc_m=1.343] path_acc 0.215 decision_acc 0.215 erank 1.3 (150.2k tok/s)
step   6000 loss 0.8903 [ntp=0.245 backchain=0.646 bc_g=0.001 bc_m=1.291] path_acc 0.215 decision_acc 0.215 erank 1.4 (150.8k tok/s)
step   6400 loss 0.8603 [ntp=0.235 backchain=0.626 bc_g=0.000 bc_m=1.251] path_acc 0.203 decision_acc 0.203 erank 1.5 (153.1k tok/s)
step   6800 loss 0.8569 [ntp=0.246 backchain=0.611 bc_g=0.000 bc_m=1.221] path_acc 0.211 decision_acc 0.211 erank 1.5 (152.9k tok/s)
step   7200 loss 0.8387 [ntp=0.241 backchain=0.597 bc_g=0.000 bc_m=1.194] path_acc 0.211 decision_acc 0.211 erank 1.5 (152.3k tok/s)
step   7600 loss 0.8145 [ntp=0.238 backchain=0.576 bc_g=0.000 bc_m=1.152] path_acc 0.180 decision_acc 0.180 erank 1.5 (153.1k tok/s)
step   8000 loss 0.7945 [ntp=0.240 backchain=0.554 bc_g=0.000 bc_m=1.108] path_acc 0.230 decision_acc 0.230 erank 1.6 (152.7k tok/s)
step   8400 loss 0.7711 [ntp=0.234 backchain=0.537 bc_g=0.000 bc_m=1.073] path_acc 0.168 decision_acc 0.168 erank 1.7 (152.8k tok/s)
step   8800 loss 0.7639 [ntp=0.235 backchain=0.529 bc_g=0.000 bc_m=1.058] path_acc 0.211 decision_acc 0.211 erank 1.6 (152.4k tok/s)
step   9200 loss 0.7545 [ntp=0.236 backchain=0.518 bc_g=0.000 bc_m=1.036] path_acc 0.195 decision_acc 0.195 erank 1.6 (152.1k tok/s)
step   9600 loss 0.7466 [ntp=0.236 backchain=0.511 bc_g=0.000 bc_m=1.022] path_acc 0.164 decision_acc 0.164 erank 1.6 (151.7k tok/s)
step  10000 loss 0.7397 [ntp=0.234 backchain=0.506 bc_g=0.000 bc_m=1.012] path_acc 0.191 decision_acc 0.191 erank 1.7 (152.3k tok/s)
step  10400 loss 0.7299 [ntp=0.234 backchain=0.495 bc_g=0.000 bc_m=0.991] path_acc 0.234 decision_acc 0.234 erank 1.7 (152.9k tok/s)
step  10800 loss 0.7208 [ntp=0.232 backchain=0.489 bc_g=0.000 bc_m=0.978] path_acc 0.180 decision_acc 0.180 erank 1.9 (152.5k tok/s)
step  11200 loss 0.7168 [ntp=0.234 backchain=0.483 bc_g=0.000 bc_m=0.966] path_acc 0.215 decision_acc 0.215 erank 1.7 (153.0k tok/s)
step  11600 loss 0.7142 [ntp=0.233 backchain=0.481 bc_g=0.000 bc_m=0.963] path_acc 0.230 decision_acc 0.230 erank 1.8 (153.0k tok/s)
step  12000 loss 0.7073 [ntp=0.231 backchain=0.476 bc_g=0.000 bc_m=0.951] path_acc 0.184 decision_acc 0.184 erank 1.8 (152.5k tok/s)
SUMMARY {"run": "abl_sg_bc_noalign_12k_seed0", "config": "configs/ablation/abl_sg_bc_noalign_12k.yaml", "device": "cuda", "params": 5099008, "steps": 12000, "final": {"path_acc": 0.18359375, "decision_acc": 0.18359375}, "best": {"path_acc": 0.2578125, "decision_acc": 0.2578125}, "eranks": {"erank_0": 31.25, "erank_1": 8.09, "erank_2": 1.51, "erank_3": 1.09, "erank_4": 1.14, "erank_5": 1.41, "erank_6": 1.85}, "wall_s": 876.2}
[abl_sg_bc_noalign_12k_seed1] device=cuda params=5.10M vocab=56 seq_len=87
step    400 loss 4.9547 [ntp=2.070 backchain=2.885 bc_g=2.440 bc_m=3.329] path_acc 0.000 decision_acc 0.059 erank 7.4 (135.4k tok/s)
step    800 loss 4.5541 [ntp=1.934 backchain=2.620 bc_g=2.264 bc_m=2.976] path_acc 0.000 decision_acc 0.062 erank 2.3 (141.1k tok/s)
step   1200 loss 4.3746 [ntp=1.867 backchain=2.507 bc_g=2.177 bc_m=2.837] path_acc 0.000 decision_acc 0.051 erank 1.6 (141.2k tok/s)
step   1600 loss 4.2441 [ntp=1.811 backchain=2.433 bc_g=2.118 bc_m=2.748] path_acc 0.000 decision_acc 0.059 erank 1.3 (140.6k tok/s)
step   2000 loss 4.2528 [ntp=1.821 backchain=2.432 bc_g=2.138 bc_m=2.727] path_acc 0.000 decision_acc 0.039 erank 1.2 (140.9k tok/s)
step   2400 loss 4.1420 [ntp=1.780 backchain=2.362 bc_g=2.083 bc_m=2.641] path_acc 0.000 decision_acc 0.039 erank 1.1 (140.8k tok/s)
step   2800 loss 4.1189 [ntp=1.777 backchain=2.342 bc_g=2.067 bc_m=2.616] path_acc 0.000 decision_acc 0.070 erank 1.1 (140.7k tok/s)
step   3200 loss 2.1238 [ntp=0.578 backchain=1.546 bc_g=0.335 bc_m=2.758] path_acc 0.156 decision_acc 0.219 erank 1.5 (144.9k tok/s)
step   3600 loss 1.6788 [ntp=0.366 backchain=1.313 bc_g=0.008 bc_m=2.618] path_acc 0.203 decision_acc 0.211 erank 1.2 (147.3k tok/s)
step   4000 loss 1.5276 [ntp=0.310 backchain=1.218 bc_g=0.005 bc_m=2.431] path_acc 0.203 decision_acc 0.203 erank 1.2 (151.7k tok/s)
step   4400 loss 1.2770 [ntp=0.305 backchain=0.972 bc_g=0.000 bc_m=1.943] path_acc 0.199 decision_acc 0.199 erank 1.2 (152.0k tok/s)
step   4800 loss 1.1667 [ntp=0.271 backchain=0.895 bc_g=0.000 bc_m=1.790] path_acc 0.211 decision_acc 0.211 erank 1.1 (151.4k tok/s)
step   5200 loss 1.1382 [ntp=0.271 backchain=0.867 bc_g=0.000 bc_m=1.734] path_acc 0.230 decision_acc 0.230 erank 1.1 (151.1k tok/s)
step   5600 loss 1.0819 [ntp=0.244 backchain=0.838 bc_g=0.001 bc_m=1.675] path_acc 0.191 decision_acc 0.191 erank 1.1 (150.5k tok/s)
step   6000 loss 1.0588 [ntp=0.239 backchain=0.819 bc_g=0.001 bc_m=1.638] path_acc 0.172 decision_acc 0.172 erank 1.1 (149.8k tok/s)
step   6400 loss 1.0390 [ntp=0.243 backchain=0.796 bc_g=0.001 bc_m=1.592] path_acc 0.180 decision_acc 0.180 erank 1.1 (149.4k tok/s)
step   6800 loss 1.0233 [ntp=0.238 backchain=0.785 bc_g=0.000 bc_m=1.570] path_acc 0.199 decision_acc 0.199 erank 1.1 (149.2k tok/s)
step   7200 loss 1.0012 [ntp=0.233 backchain=0.769 bc_g=0.001 bc_m=1.536] path_acc 0.207 decision_acc 0.207 erank 1.1 (148.8k tok/s)
step   7600 loss 0.9990 [ntp=0.242 backchain=0.757 bc_g=0.000 bc_m=1.513] path_acc 0.203 decision_acc 0.203 erank 1.1 (148.4k tok/s)
step   8000 loss 0.9824 [ntp=0.234 backchain=0.749 bc_g=0.000 bc_m=1.497] path_acc 0.180 decision_acc 0.180 erank 1.1 (147.9k tok/s)
step   8400 loss 0.9673 [ntp=0.239 backchain=0.728 bc_g=0.000 bc_m=1.456] path_acc 0.184 decision_acc 0.184 erank 1.1 (147.7k tok/s)
step   8800 loss 0.9665 [ntp=0.241 backchain=0.726 bc_g=0.000 bc_m=1.451] path_acc 0.199 decision_acc 0.199 erank 1.1 (147.4k tok/s)
step   9200 loss 0.9445 [ntp=0.237 backchain=0.708 bc_g=0.000 bc_m=1.416] path_acc 0.184 decision_acc 0.184 erank 1.1 (148.3k tok/s)
step   9600 loss 0.9455 [ntp=0.238 backchain=0.707 bc_g=0.000 bc_m=1.414] path_acc 0.203 decision_acc 0.203 erank 1.1 (149.6k tok/s)
step  10000 loss 0.9290 [ntp=0.229 backchain=0.700 bc_g=0.000 bc_m=1.399] path_acc 0.211 decision_acc 0.211 erank 1.1 (149.4k tok/s)
step  10400 loss 0.9202 [ntp=0.235 backchain=0.685 bc_g=0.000 bc_m=1.371] path_acc 0.168 decision_acc 0.168 erank 1.1 (149.0k tok/s)
step  10800 loss 0.9162 [ntp=0.230 backchain=0.686 bc_g=0.000 bc_m=1.372] path_acc 0.234 decision_acc 0.234 erank 1.1 (148.7k tok/s)
step  11200 loss 0.9159 [ntp=0.236 backchain=0.680 bc_g=0.000 bc_m=1.360] path_acc 0.254 decision_acc 0.254 erank 1.2 (148.9k tok/s)
step  11600 loss 0.9070 [ntp=0.235 backchain=0.672 bc_g=0.000 bc_m=1.344] path_acc 0.211 decision_acc 0.211 erank 1.2 (148.6k tok/s)
step  12000 loss 0.9032 [ntp=0.235 backchain=0.669 bc_g=0.000 bc_m=1.337] path_acc 0.219 decision_acc 0.219 erank 1.2 (148.8k tok/s)
SUMMARY {"run": "abl_sg_bc_noalign_12k_seed1", "config": "configs/ablation/abl_sg_bc_noalign_12k.yaml", "device": "cuda", "params": 5099008, "steps": 12000, "final": {"path_acc": 0.21875, "decision_acc": 0.21875}, "best": {"path_acc": 0.25390625, "decision_acc": 0.25390625}, "eranks": {"erank_0": 33.2, "erank_1": 4.1, "erank_2": 1.11, "erank_3": 1.05, "erank_4": 1.05, "erank_5": 1.11, "erank_6": 1.15}, "wall_s": 898.4}
[abl_sg_bc_noalign_12k_seed2] device=cuda params=5.10M vocab=56 seq_len=87
step    400 loss 4.8788 [ntp=2.061 backchain=2.818 bc_g=2.395 bc_m=3.241] path_acc 0.000 decision_acc 0.039 erank 6.3 (156.0k tok/s)
step    800 loss 4.4992 [ntp=1.918 backchain=2.582 bc_g=2.250 bc_m=2.914] path_acc 0.000 decision_acc 0.066 erank 2.3 (153.9k tok/s)
step   1200 loss 4.3872 [ntp=1.876 backchain=2.512 bc_g=2.193 bc_m=2.830] path_acc 0.000 decision_acc 0.035 erank 1.4 (148.9k tok/s)
step   1600 loss 4.2684 [ntp=1.839 backchain=2.430 bc_g=2.133 bc_m=2.727] path_acc 0.000 decision_acc 0.062 erank 1.3 (146.7k tok/s)
step   2000 loss 4.2268 [ntp=1.827 backchain=2.400 bc_g=2.117 bc_m=2.683] path_acc 0.000 decision_acc 0.051 erank 1.2 (145.9k tok/s)
step   2400 loss 4.2143 [ntp=1.813 backchain=2.401 bc_g=2.119 bc_m=2.682] path_acc 0.000 decision_acc 0.055 erank 1.2 (146.2k tok/s)
step   2800 loss 4.0937 [ntp=1.769 backchain=2.325 bc_g=2.054 bc_m=2.596] path_acc 0.000 decision_acc 0.023 erank 1.1 (148.3k tok/s)
step   3200 loss 4.0604 [ntp=1.751 backchain=2.309 bc_g=2.036 bc_m=2.582] path_acc 0.000 decision_acc 0.035 erank 1.1 (149.1k tok/s)
step   3600 loss 4.0512 [ntp=1.747 backchain=2.304 bc_g=2.054 bc_m=2.554] path_acc 0.000 decision_acc 0.070 erank 1.1 (148.6k tok/s)
step   4000 loss 4.0341 [ntp=1.748 backchain=2.287 bc_g=2.046 bc_m=2.527] path_acc 0.000 decision_acc 0.039 erank 1.1 (148.8k tok/s)
step   4400 loss 3.9642 [ntp=1.728 backchain=2.236 bc_g=2.014 bc_m=2.458] path_acc 0.000 decision_acc 0.043 erank 1.0 (148.7k tok/s)
step   4800 loss 3.9172 [ntp=1.710 backchain=2.208 bc_g=1.998 bc_m=2.417] path_acc 0.000 decision_acc 0.047 erank 1.0 (148.8k tok/s)
step   5200 loss 3.9005 [ntp=1.708 backchain=2.193 bc_g=1.991 bc_m=2.394] path_acc 0.000 decision_acc 0.059 erank 1.0 (149.3k tok/s)
step   5600 loss 4.0000 [ntp=1.751 backchain=2.249 bc_g=2.026 bc_m=2.472] path_acc 0.000 decision_acc 0.070 erank 1.0 (149.4k tok/s)
step   6000 loss 3.8805 [ntp=1.703 backchain=2.178 bc_g=1.983 bc_m=2.373] path_acc 0.000 decision_acc 0.059 erank 1.0 (151.4k tok/s)
step   6400 loss 3.8697 [ntp=1.696 backchain=2.174 bc_g=1.979 bc_m=2.368] path_acc 0.000 decision_acc 0.039 erank 1.0 (152.3k tok/s)
step   6800 loss 3.8383 [ntp=1.683 backchain=2.156 bc_g=1.963 bc_m=2.348] path_acc 0.000 decision_acc 0.047 erank 1.0 (151.7k tok/s)
step   7200 loss 3.7344 [ntp=1.617 backchain=2.117 bc_g=1.849 bc_m=2.385] path_acc 0.000 decision_acc 0.090 erank 1.0 (152.1k tok/s)
step   7600 loss 2.7110 [ntp=0.989 backchain=1.722 bc_g=0.985 bc_m=2.459] path_acc 0.035 decision_acc 0.176 erank 1.0 (152.1k tok/s)
step   8000 loss 1.6253 [ntp=0.344 backchain=1.281 bc_g=0.078 bc_m=2.484] path_acc 0.234 decision_acc 0.238 erank 1.0 (151.6k tok/s)
step   8400 loss 1.4987 [ntp=0.299 backchain=1.200 bc_g=0.022 bc_m=2.377] path_acc 0.199 decision_acc 0.199 erank 1.0 (151.6k tok/s)
step   8800 loss 1.4531 [ntp=0.280 backchain=1.173 bc_g=0.018 bc_m=2.329] path_acc 0.191 decision_acc 0.191 erank 1.0 (152.9k tok/s)
step   9200 loss 1.4013 [ntp=0.255 backchain=1.146 bc_g=0.014 bc_m=2.279] path_acc 0.211 decision_acc 0.211 erank 1.0 (153.0k tok/s)
step   9600 loss 1.4174 [ntp=0.282 backchain=1.135 bc_g=0.016 bc_m=2.255] path_acc 0.219 decision_acc 0.219 erank 1.0 (154.0k tok/s)
step  10000 loss 1.3949 [ntp=0.269 backchain=1.126 bc_g=0.013 bc_m=2.239] path_acc 0.238 decision_acc 0.238 erank 1.0 (153.7k tok/s)
step  10400 loss 1.3548 [ntp=0.259 backchain=1.095 bc_g=0.006 bc_m=2.185] path_acc 0.188 decision_acc 0.191 erank 1.0 (153.3k tok/s)
step  10800 loss 1.3415 [ntp=0.248 backchain=1.093 bc_g=0.009 bc_m=2.177] path_acc 0.199 decision_acc 0.203 erank 1.0 (153.3k tok/s)
step  11200 loss 1.3380 [ntp=0.250 backchain=1.088 bc_g=0.009 bc_m=2.167] path_acc 0.227 decision_acc 0.227 erank 1.0 (152.9k tok/s)
step  11600 loss 1.3386 [ntp=0.257 backchain=1.082 bc_g=0.008 bc_m=2.155] path_acc 0.211 decision_acc 0.211 erank 1.0 (152.3k tok/s)
step  12000 loss 1.3084 [ntp=0.243 backchain=1.066 bc_g=0.004 bc_m=2.127] path_acc 0.195 decision_acc 0.195 erank 1.0 (151.8k tok/s)
SUMMARY {"run": "abl_sg_bc_noalign_12k_seed2", "config": "configs/ablation/abl_sg_bc_noalign_12k.yaml", "device": "cuda", "params": 5099008, "steps": 12000, "final": {"path_acc": 0.1953125, "decision_acc": 0.1953125}, "best": {"path_acc": 0.23828125, "decision_acc": 0.23828125}, "eranks": {"erank_0": 36.38, "erank_1": 1.22, "erank_2": 1.01, "erank_3": 1.01, "erank_4": 1.01, "erank_5": 1.01, "erank_6": 1.02}, "wall_s": 880.4}
[abl_sg_rev_ntp_12k_seed0] device=cuda params=4.74M vocab=56 seq_len=87
step    400 loss 2.1035 [ntp=2.103] path_acc 0.000 decision_acc 0.051 erank 10.1 (240.7k tok/s)
step    800 loss 1.9816 [ntp=1.982] path_acc 0.000 decision_acc 0.070 erank 10.2 (252.8k tok/s)
step   1200 loss 1.9366 [ntp=1.937] path_acc 0.000 decision_acc 0.039 erank 10.8 (253.4k tok/s)
step   1600 loss 1.8737 [ntp=1.874] path_acc 0.000 decision_acc 0.059 erank 10.2 (261.2k tok/s)
step   2000 loss 1.8428 [ntp=1.843] path_acc 0.000 decision_acc 0.078 erank 10.5 (263.3k tok/s)
step   2400 loss 1.8211 [ntp=1.821] path_acc 0.000 decision_acc 0.059 erank 4.2 (267.0k tok/s)
step   2800 loss 1.7893 [ntp=1.789] path_acc 0.000 decision_acc 0.055 erank 5.3 (274.7k tok/s)
step   3200 loss 1.8075 [ntp=1.807] path_acc 0.000 decision_acc 0.031 erank 3.5 (274.7k tok/s)
step   3600 loss 1.7983 [ntp=1.798] path_acc 0.000 decision_acc 0.055 erank 4.8 (272.8k tok/s)
step   4000 loss 1.7630 [ntp=1.763] path_acc 0.000 decision_acc 0.035 erank 3.7 (271.6k tok/s)
step   4400 loss 1.7696 [ntp=1.770] path_acc 0.000 decision_acc 0.035 erank 2.7 (270.5k tok/s)
step   4800 loss 1.7575 [ntp=1.758] path_acc 0.000 decision_acc 0.039 erank 2.3 (273.1k tok/s)
step   5200 loss 1.7587 [ntp=1.759] path_acc 0.000 decision_acc 0.047 erank 2.3 (272.3k tok/s)
step   5600 loss 1.7287 [ntp=1.729] path_acc 0.000 decision_acc 0.074 erank 2.6 (274.4k tok/s)
step   6000 loss 1.7449 [ntp=1.745] path_acc 0.000 decision_acc 0.078 erank 2.2 (273.5k tok/s)
step   6400 loss 1.7200 [ntp=1.720] path_acc 0.000 decision_acc 0.055 erank 2.5 (273.3k tok/s)
step   6800 loss 1.7246 [ntp=1.725] path_acc 0.000 decision_acc 0.051 erank 2.2 (272.1k tok/s)
step   7200 loss 1.7161 [ntp=1.716] path_acc 0.000 decision_acc 0.027 erank 2.2 (271.0k tok/s)
step   7600 loss 1.7155 [ntp=1.716] path_acc 0.000 decision_acc 0.031 erank 2.3 (273.7k tok/s)
step   8000 loss 1.7018 [ntp=1.702] path_acc 0.000 decision_acc 0.023 erank 2.5 (276.2k tok/s)
step   8400 loss 1.6960 [ntp=1.696] path_acc 0.000 decision_acc 0.035 erank 2.2 (278.5k tok/s)
step   8800 loss 1.6966 [ntp=1.697] path_acc 0.000 decision_acc 0.043 erank 2.2 (280.6k tok/s)
step   9200 loss 1.6885 [ntp=1.689] path_acc 0.000 decision_acc 0.062 erank 2.3 (280.0k tok/s)
step   9600 loss 1.6970 [ntp=1.697] path_acc 0.000 decision_acc 0.055 erank 2.3 (278.7k tok/s)
step  10000 loss 1.6960 [ntp=1.696] path_acc 0.000 decision_acc 0.039 erank 2.4 (277.6k tok/s)
step  10400 loss 1.6925 [ntp=1.692] path_acc 0.000 decision_acc 0.051 erank 2.6 (276.6k tok/s)
step  10800 loss 1.6879 [ntp=1.688] path_acc 0.000 decision_acc 0.074 erank 2.6 (278.4k tok/s)
step  11200 loss 1.6865 [ntp=1.687] path_acc 0.000 decision_acc 0.055 erank 2.4 (279.9k tok/s)
step  11600 loss 1.6859 [ntp=1.686] path_acc 0.000 decision_acc 0.043 erank 2.8 (279.4k tok/s)
step  12000 loss 1.6871 [ntp=1.687] path_acc 0.000 decision_acc 0.027 erank 2.7 (280.9k tok/s)
SUMMARY {"run": "abl_sg_rev_ntp_12k_seed0", "config": "configs/ablation/abl_sg_rev_ntp_12k.yaml", "device": "cuda", "params": 4736512, "steps": 12000, "final": {"path_acc": 0.0, "decision_acc": 0.02734375}, "best": {"path_acc": 0.0, "decision_acc": 0.078125}, "eranks": {"erank_0": 28.69, "erank_1": 4.62, "erank_2": 1.18, "erank_3": 1.23, "erank_4": 1.25, "erank_5": 1.36, "erank_6": 2.68}, "wall_s": 475.7}
[abl_sg_rev_ntp_12k_seed1] device=cuda params=4.74M vocab=56 seq_len=87
step    400 loss 2.1200 [ntp=2.120] path_acc 0.000 decision_acc 0.039 erank 12.6 (247.6k tok/s)
step    800 loss 1.9969 [ntp=1.997] path_acc 0.000 decision_acc 0.023 erank 12.1 (248.7k tok/s)
step   1200 loss 1.9478 [ntp=1.948] path_acc 0.000 decision_acc 0.020 erank 6.6 (249.2k tok/s)
step   1600 loss 1.8929 [ntp=1.893] path_acc 0.000 decision_acc 0.043 erank 4.5 (250.2k tok/s)
step   2000 loss 1.9014 [ntp=1.901] path_acc 0.000 decision_acc 0.055 erank 4.1 (251.6k tok/s)
step   2400 loss 1.8599 [ntp=1.860] path_acc 0.000 decision_acc 0.066 erank 3.9 (252.2k tok/s)
step   2800 loss 1.8701 [ntp=1.870] path_acc 0.000 decision_acc 0.055 erank 2.8 (252.5k tok/s)
step   3200 loss 1.8431 [ntp=1.843] path_acc 0.000 decision_acc 0.074 erank 2.5 (253.9k tok/s)
step   3600 loss 1.8093 [ntp=1.809] path_acc 0.000 decision_acc 0.070 erank 1.8 (253.7k tok/s)
step   4000 loss 1.7939 [ntp=1.794] path_acc 0.000 decision_acc 0.070 erank 2.0 (253.2k tok/s)
step   4400 loss 1.7845 [ntp=1.784] path_acc 0.000 decision_acc 0.062 erank 1.9 (252.9k tok/s)
step   4800 loss 1.7810 [ntp=1.781] path_acc 0.000 decision_acc 0.039 erank 1.8 (252.8k tok/s)
step   5200 loss 1.7759 [ntp=1.776] path_acc 0.000 decision_acc 0.059 erank 1.7 (252.6k tok/s)
step   5600 loss 1.7666 [ntp=1.767] path_acc 0.000 decision_acc 0.062 erank 1.6 (253.2k tok/s)
step   6000 loss 1.7419 [ntp=1.742] path_acc 0.000 decision_acc 0.078 erank 1.6 (253.4k tok/s)
step   6400 loss 1.7224 [ntp=1.722] path_acc 0.000 decision_acc 0.066 erank 1.5 (253.5k tok/s)
step   6800 loss 1.7247 [ntp=1.725] path_acc 0.000 decision_acc 0.094 erank 1.6 (253.5k tok/s)
step   7200 loss 0.5498 [ntp=0.550] path_acc 0.449 decision_acc 0.812 erank 1.8 (253.6k tok/s)
step   7600 loss 0.0232 [ntp=0.023] path_acc 0.973 decision_acc 0.992 erank 18.3 (253.6k tok/s)
step   8000 loss 0.0113 [ntp=0.011] path_acc 0.996 decision_acc 1.000 erank 16.6 (253.6k tok/s)
step   8400 loss 0.0006 [ntp=0.001] path_acc 0.996 decision_acc 1.000 erank 17.7 (253.7k tok/s)
step   8800 loss 0.0013 [ntp=0.001] path_acc 1.000 decision_acc 1.000 erank 16.0 (253.7k tok/s)
step   9200 loss 0.0006 [ntp=0.001] path_acc 0.992 decision_acc 1.000 erank 16.5 (253.7k tok/s)
step   9600 loss 0.0004 [ntp=0.000] path_acc 1.000 decision_acc 1.000 erank 16.7 (253.7k tok/s)
step  10000 loss 0.0001 [ntp=0.000] path_acc 1.000 decision_acc 1.000 erank 17.2 (253.7k tok/s)
step  10400 loss 0.0000 [ntp=0.000] path_acc 0.996 decision_acc 1.000 erank 18.2 (253.7k tok/s)
step  10800 loss 0.0006 [ntp=0.001] path_acc 1.000 decision_acc 1.000 erank 18.7 (253.8k tok/s)
step  11200 loss 0.0000 [ntp=0.000] path_acc 1.000 decision_acc 1.000 erank 18.6 (254.3k tok/s)
step  11600 loss 0.0000 [ntp=0.000] path_acc 1.000 decision_acc 1.000 erank 17.0 (254.2k tok/s)
step  12000 loss 0.0000 [ntp=0.000] path_acc 1.000 decision_acc 1.000 erank 18.8 (254.5k tok/s)
SUMMARY {"run": "abl_sg_rev_ntp_12k_seed1", "config": "configs/ablation/abl_sg_rev_ntp_12k.yaml", "device": "cuda", "params": 4736512, "steps": 12000, "final": {"path_acc": 1.0, "decision_acc": 1.0}, "best": {"path_acc": 1.0, "decision_acc": 1.0}, "eranks": {"erank_0": 37.9, "erank_1": 3.41, "erank_2": 4.34, "erank_3": 6.15, "erank_4": 6.53, "erank_5": 6.92, "erank_6": 18.83}, "wall_s": 525.0}
[abl_sg_rev_ntp_12k_seed2] device=cuda params=4.74M vocab=56 seq_len=87
step    400 loss 2.1374 [ntp=2.137] path_acc 0.000 decision_acc 0.027 erank 5.6 (278.9k tok/s)
step    800 loss 1.9679 [ntp=1.968] path_acc 0.000 decision_acc 0.070 erank 3.4 (265.6k tok/s)
step   1200 loss 1.9111 [ntp=1.911] path_acc 0.000 decision_acc 0.066 erank 2.3 (261.5k tok/s)
step   1600 loss 1.8688 [ntp=1.869] path_acc 0.000 decision_acc 0.043 erank 1.7 (259.4k tok/s)
step   2000 loss 1.8577 [ntp=1.858] path_acc 0.000 decision_acc 0.055 erank 1.5 (259.6k tok/s)
step   2400 loss 1.8425 [ntp=1.842] path_acc 0.000 decision_acc 0.039 erank 1.4 (259.8k tok/s)
step   2800 loss 1.8001 [ntp=1.800] path_acc 0.000 decision_acc 0.027 erank 1.4 (260.7k tok/s)
step   3200 loss 1.7776 [ntp=1.778] path_acc 0.000 decision_acc 0.031 erank 1.3 (260.7k tok/s)
step   3600 loss 1.7763 [ntp=1.776] path_acc 0.000 decision_acc 0.059 erank 1.3 (259.9k tok/s)
step   4000 loss 1.7717 [ntp=1.772] path_acc 0.000 decision_acc 0.062 erank 1.3 (259.4k tok/s)
step   4400 loss 1.7574 [ntp=1.757] path_acc 0.000 decision_acc 0.078 erank 1.2 (259.0k tok/s)
step   4800 loss 1.7364 [ntp=1.736] path_acc 0.000 decision_acc 0.055 erank 1.1 (258.6k tok/s)
step   5200 loss 1.7207 [ntp=1.721] path_acc 0.000 decision_acc 0.043 erank 1.1 (259.4k tok/s)
step   5600 loss 1.7498 [ntp=1.750] path_acc 0.000 decision_acc 0.082 erank 1.1 (262.9k tok/s)
step   6000 loss 1.7198 [ntp=1.720] path_acc 0.000 decision_acc 0.062 erank 1.1 (267.1k tok/s)
step   6400 loss 1.7272 [ntp=1.727] path_acc 0.000 decision_acc 0.059 erank 1.1 (270.5k tok/s)
step   6800 loss 1.7146 [ntp=1.715] path_acc 0.000 decision_acc 0.074 erank 1.1 (273.6k tok/s)
step   7200 loss 1.7083 [ntp=1.708] path_acc 0.000 decision_acc 0.090 erank 1.1 (276.6k tok/s)
step   7600 loss 1.6890 [ntp=1.689] path_acc 0.000 decision_acc 0.070 erank 1.1 (275.4k tok/s)
step   8000 loss 1.6910 [ntp=1.691] path_acc 0.000 decision_acc 0.090 erank 1.1 (274.2k tok/s)
step   8400 loss 1.6623 [ntp=1.662] path_acc 0.000 decision_acc 0.078 erank 1.1 (273.2k tok/s)
step   8800 loss 1.6440 [ntp=1.644] path_acc 0.000 decision_acc 0.090 erank 1.1 (272.3k tok/s)
step   9200 loss 1.6259 [ntp=1.626] path_acc 0.000 decision_acc 0.094 erank 1.1 (271.5k tok/s)
step   9600 loss 1.6466 [ntp=1.647] path_acc 0.000 decision_acc 0.082 erank 1.1 (270.7k tok/s)
step  10000 loss 1.6276 [ntp=1.628] path_acc 0.000 decision_acc 0.086 erank 1.1 (270.0k tok/s)
step  10400 loss 1.6323 [ntp=1.632] path_acc 0.000 decision_acc 0.066 erank 1.1 (269.4k tok/s)
step  10800 loss 1.5987 [ntp=1.599] path_acc 0.000 decision_acc 0.090 erank 1.1 (268.9k tok/s)
step  11200 loss 1.5985 [ntp=1.598] path_acc 0.000 decision_acc 0.102 erank 1.2 (268.3k tok/s)
step  11600 loss 1.5858 [ntp=1.586] path_acc 0.000 decision_acc 0.113 erank 1.1 (267.9k tok/s)
step  12000 loss 1.5740 [ntp=1.574] path_acc 0.000 decision_acc 0.133 erank 1.1 (267.5k tok/s)
SUMMARY {"run": "abl_sg_rev_ntp_12k_seed2", "config": "configs/ablation/abl_sg_rev_ntp_12k.yaml", "device": "cuda", "params": 4736512, "steps": 12000, "final": {"path_acc": 0.0, "decision_acc": 0.1328125}, "best": {"path_acc": 0.0, "decision_acc": 0.1328125}, "eranks": {"erank_0": 30.31, "erank_1": 24.07, "erank_2": 4.38, "erank_3": 1.31, "erank_4": 1.16, "erank_5": 1.05, "erank_6": 1.14}, "wall_s": 499.6}
R10B ALL DONE
