[32mActivated conda/uv virtual environment at [36m/venv/main[0m
[abl_sg_bc_noalign_12k_seed3] device=cuda params=5.10M vocab=56 seq_len=87
step    400 loss 4.9504 [ntp=2.083 backchain=2.867 bc_g=2.460 bc_m=3.275] path_acc 0.000 decision_acc 0.039 erank 6.8 (134.6k tok/s)
step    800 loss 4.5712 [ntp=1.950 backchain=2.621 bc_g=2.297 bc_m=2.945] path_acc 0.000 decision_acc 0.035 erank 1.7 (140.7k tok/s)
step   1200 loss 4.4037 [ntp=1.882 backchain=2.522 bc_g=2.196 bc_m=2.848] path_acc 0.000 decision_acc 0.043 erank 1.3 (147.3k tok/s)
step   1600 loss 4.2943 [ntp=1.833 backchain=2.461 bc_g=2.138 bc_m=2.785] path_acc 0.000 decision_acc 0.078 erank 1.2 (152.1k tok/s)
step   2000 loss 1.8025 [ntp=0.416 backchain=1.387 bc_g=0.118 bc_m=2.656] path_acc 0.121 decision_acc 0.152 erank 1.2 (153.4k tok/s)
step   2400 loss 1.5889 [ntp=0.353 backchain=1.236 bc_g=0.007 bc_m=2.465] path_acc 0.141 decision_acc 0.145 erank 1.1 (152.9k tok/s)
step   2800 loss 1.3603 [ntp=0.312 backchain=1.048 bc_g=0.003 bc_m=2.094] path_acc 0.188 decision_acc 0.191 erank 1.1 (152.5k tok/s)
step   3200 loss 1.1998 [ntp=0.281 backchain=0.919 bc_g=0.003 bc_m=1.835] path_acc 0.184 decision_acc 0.188 erank 1.1 (150.7k tok/s)
step   3600 loss 1.1194 [ntp=0.259 backchain=0.860 bc_g=0.001 bc_m=1.719] path_acc 0.156 decision_acc 0.156 erank 1.1 (149.0k tok/s)
step   4000 loss 1.0548 [ntp=0.255 backchain=0.800 bc_g=0.001 bc_m=1.599] path_acc 0.168 decision_acc 0.168 erank 1.0 (147.4k tok/s)
step   4400 loss 1.0034 [ntp=0.261 backchain=0.742 bc_g=0.000 bc_m=1.484] path_acc 0.211 decision_acc 0.211 erank 1.0 (146.4k tok/s)
step   4800 loss 0.9691 [ntp=0.254 backchain=0.715 bc_g=0.000 bc_m=1.429] path_acc 0.195 decision_acc 0.199 erank 1.0 (146.9k tok/s)
step   5200 loss 0.9429 [ntp=0.257 backchain=0.686 bc_g=0.001 bc_m=1.371] path_acc 0.184 decision_acc 0.184 erank 1.1 (150.6k tok/s)
step   5600 loss 0.8939 [ntp=0.239 backchain=0.655 bc_g=0.000 bc_m=1.309] path_acc 0.195 decision_acc 0.195 erank 1.1 (153.9k tok/s)
step   6000 loss 0.8961 [ntp=0.251 backchain=0.645 bc_g=0.001 bc_m=1.290] path_acc 0.211 decision_acc 0.211 erank 1.1 (152.7k tok/s)
step   6400 loss 0.8434 [ntp=0.247 backchain=0.597 bc_g=0.000 bc_m=1.193] path_acc 0.215 decision_acc 0.215 erank 1.1 (151.7k tok/s)
step   6800 loss 0.8344 [ntp=0.241 backchain=0.593 bc_g=0.000 bc_m=1.186] path_acc 0.211 decision_acc 0.211 erank 1.1 (150.9k tok/s)
step   7200 loss 0.8083 [ntp=0.250 backchain=0.559 bc_g=0.000 bc_m=1.117] path_acc 0.172 decision_acc 0.172 erank 1.1 (150.1k tok/s)
step   7600 loss 0.7593 [ntp=0.239 backchain=0.520 bc_g=0.000 bc_m=1.040] path_acc 0.238 decision_acc 0.238 erank 1.1 (149.5k tok/s)
step   8000 loss 0.7547 [ntp=0.237 backchain=0.518 bc_g=0.000 bc_m=1.036] path_acc 0.254 decision_acc 0.254 erank 1.1 (148.9k tok/s)
step   8400 loss 0.7135 [ntp=0.222 backchain=0.491 bc_g=0.000 bc_m=0.982] path_acc 0.277 decision_acc 0.277 erank 1.1 (148.3k tok/s)
step   8800 loss 0.5691 [ntp=0.127 backchain=0.442 bc_g=0.000 bc_m=0.884] path_acc 0.672 decision_acc 0.672 erank 1.1 (149.0k tok/s)
step   9200 loss 0.5673 [ntp=0.108 backchain=0.460 bc_g=0.000 bc_m=0.919] path_acc 0.707 decision_acc 0.707 erank 1.1 (148.5k tok/s)
step   9600 loss 0.5334 [ntp=0.092 backchain=0.441 bc_g=0.000 bc_m=0.882] path_acc 0.734 decision_acc 0.734 erank 1.1 (148.1k tok/s)
step  10000 loss 0.4948 [ntp=0.084 backchain=0.411 bc_g=0.000 bc_m=0.822] path_acc 0.727 decision_acc 0.727 erank 1.1 (147.7k tok/s)
step  10400 loss 0.4693 [ntp=0.054 backchain=0.415 bc_g=0.000 bc_m=0.830] path_acc 0.832 decision_acc 0.832 erank 1.1 (147.3k tok/s)
step  10800 loss 0.4160 [ntp=0.015 backchain=0.401 bc_g=0.000 bc_m=0.802] path_acc 0.949 decision_acc 0.949 erank 1.1 (146.9k tok/s)
step  11200 loss 0.4000 [ntp=0.009 backchain=0.391 bc_g=0.000 bc_m=0.781] path_acc 0.984 decision_acc 0.984 erank 1.1 (146.6k tok/s)
step  11600 loss 0.4079 [ntp=0.009 backchain=0.399 bc_g=0.000 bc_m=0.798] path_acc 0.984 decision_acc 0.984 erank 1.1 (146.3k tok/s)
step  12000 loss 0.3995 [ntp=0.002 backchain=0.397 bc_g=0.000 bc_m=0.794] path_acc 0.992 decision_acc 0.992 erank 1.1 (147.1k tok/s)
SUMMARY {"run": "abl_sg_bc_noalign_12k_seed3", "config": "configs/ablation/abl_sg_bc_noalign_12k.yaml", "device": "cuda", "params": 5099008, "steps": 12000, "final": {"path_acc": 0.9921875, "decision_acc": 0.9921875}, "best": {"path_acc": 0.9921875, "decision_acc": 0.9921875}, "eranks": {"erank_0": 36.48, "erank_1": 13.39, "erank_2": 1.86, "erank_3": 1.06, "erank_4": 1.03, "erank_5": 1.08, "erank_6": 1.11}, "wall_s": 908.3}
[abl_sg_bc_noalign_12k_seed4] device=cuda params=5.10M vocab=56 seq_len=87
step    400 loss 4.8915 [ntp=2.062 backchain=2.830 bc_g=2.424 bc_m=3.236] path_acc 0.000 decision_acc 0.023 erank 10.5 (134.5k tok/s)
step    800 loss 4.5567 [ntp=1.945 backchain=2.611 bc_g=2.270 bc_m=2.952] path_acc 0.000 decision_acc 0.035 erank 2.3 (138.9k tok/s)
step   1200 loss 4.3919 [ntp=1.879 backchain=2.513 bc_g=2.198 bc_m=2.827] path_acc 0.000 decision_acc 0.070 erank 1.5 (139.2k tok/s)
step   1600 loss 4.2578 [ntp=1.823 backchain=2.435 bc_g=2.127 bc_m=2.744] path_acc 0.000 decision_acc 0.043 erank 1.2 (139.1k tok/s)
step   2000 loss 4.1989 [ntp=1.801 backchain=2.398 bc_g=2.096 bc_m=2.700] path_acc 0.000 decision_acc 0.074 erank 1.1 (139.1k tok/s)
step   2400 loss 4.1549 [ntp=1.784 backchain=2.370 bc_g=2.087 bc_m=2.654] path_acc 0.000 decision_acc 0.059 erank 1.1 (138.9k tok/s)
step   2800 loss 1.7568 [ntp=0.360 backchain=1.397 bc_g=0.064 bc_m=2.730] path_acc 0.207 decision_acc 0.211 erank 1.1 (141.9k tok/s)
step   3200 loss 1.5061 [ntp=0.310 backchain=1.196 bc_g=0.010 bc_m=2.383] path_acc 0.211 decision_acc 0.211 erank 1.0 (145.4k tok/s)
step   3600 loss 1.2764 [ntp=0.267 backchain=1.009 bc_g=0.002 bc_m=2.016] path_acc 0.168 decision_acc 0.168 erank 1.0 (144.6k tok/s)
step   4000 loss 1.2325 [ntp=0.259 backchain=0.974 bc_g=0.002 bc_m=1.946] path_acc 0.223 decision_acc 0.223 erank 1.0 (144.0k tok/s)
step   4400 loss 1.0899 [ntp=0.260 backchain=0.830 bc_g=0.001 bc_m=1.659] path_acc 0.254 decision_acc 0.254 erank 1.0 (143.6k tok/s)
step   4800 loss 0.9754 [ntp=0.247 backchain=0.728 bc_g=0.001 bc_m=1.456] path_acc 0.219 decision_acc 0.223 erank 1.1 (142.8k tok/s)
step   5200 loss 0.8957 [ntp=0.240 backchain=0.655 bc_g=0.001 bc_m=1.310] path_acc 0.227 decision_acc 0.227 erank 1.1 (142.2k tok/s)
step   5600 loss 0.8908 [ntp=0.252 backchain=0.638 bc_g=0.003 bc_m=1.274] path_acc 0.230 decision_acc 0.230 erank 1.1 (141.6k tok/s)
step   6000 loss 0.8752 [ntp=0.248 backchain=0.628 bc_g=0.000 bc_m=1.255] path_acc 0.203 decision_acc 0.203 erank 1.1 (141.5k tok/s)
step   6400 loss 0.8430 [ntp=0.238 backchain=0.605 bc_g=0.000 bc_m=1.210] path_acc 0.188 decision_acc 0.188 erank 1.1 (141.4k tok/s)
step   6800 loss 0.8359 [ntp=0.242 backchain=0.593 bc_g=0.000 bc_m=1.186] path_acc 0.191 decision_acc 0.191 erank 1.1 (141.5k tok/s)
step   7200 loss 0.8158 [ntp=0.238 backchain=0.578 bc_g=0.000 bc_m=1.156] path_acc 0.191 decision_acc 0.191 erank 1.1 (141.6k tok/s)
step   7600 loss 0.8090 [ntp=0.236 backchain=0.573 bc_g=0.000 bc_m=1.145] path_acc 0.180 decision_acc 0.180 erank 1.1 (141.4k tok/s)
step   8000 loss 0.8049 [ntp=0.237 backchain=0.568 bc_g=0.000 bc_m=1.136] path_acc 0.195 decision_acc 0.195 erank 1.1 (141.3k tok/s)
step   8400 loss 0.7964 [ntp=0.234 backchain=0.563 bc_g=0.000 bc_m=1.125] path_acc 0.172 decision_acc 0.172 erank 1.1 (141.3k tok/s)
step   8800 loss 0.7823 [ntp=0.233 backchain=0.550 bc_g=0.000 bc_m=1.099] path_acc 0.184 decision_acc 0.184 erank 1.1 (141.2k tok/s)
step   9200 loss 0.7823 [ntp=0.234 backchain=0.548 bc_g=0.000 bc_m=1.096] path_acc 0.223 decision_acc 0.223 erank 1.1 (141.1k tok/s)
step   9600 loss 0.7785 [ntp=0.235 backchain=0.543 bc_g=0.000 bc_m=1.086] path_acc 0.141 decision_acc 0.141 erank 1.1 (140.9k tok/s)
step  10000 loss 0.7690 [ntp=0.238 backchain=0.531 bc_g=0.000 bc_m=1.063] path_acc 0.199 decision_acc 0.199 erank 1.1 (140.7k tok/s)
step  10400 loss 0.7620 [ntp=0.235 backchain=0.527 bc_g=0.000 bc_m=1.054] path_acc 0.195 decision_acc 0.195 erank 1.1 (140.6k tok/s)
step  10800 loss 0.7649 [ntp=0.234 backchain=0.531 bc_g=0.000 bc_m=1.062] path_acc 0.199 decision_acc 0.199 erank 1.1 (140.5k tok/s)
step  11200 loss 0.7489 [ntp=0.232 backchain=0.517 bc_g=0.000 bc_m=1.034] path_acc 0.234 decision_acc 0.234 erank 1.1 (140.4k tok/s)
step  11600 loss 0.7462 [ntp=0.234 backchain=0.512 bc_g=0.000 bc_m=1.024] path_acc 0.188 decision_acc 0.188 erank 1.1 (140.2k tok/s)
step  12000 loss 0.7508 [ntp=0.234 backchain=0.517 bc_g=0.000 bc_m=1.034] path_acc 0.211 decision_acc 0.211 erank 1.1 (140.1k tok/s)
SUMMARY {"run": "abl_sg_bc_noalign_12k_seed4", "config": "configs/ablation/abl_sg_bc_noalign_12k.yaml", "device": "cuda", "params": 5099008, "steps": 12000, "final": {"path_acc": 0.2109375, "decision_acc": 0.2109375}, "best": {"path_acc": 0.25390625, "decision_acc": 0.25390625}, "eranks": {"erank_0": 38.17, "erank_1": 3.05, "erank_2": 1.83, "erank_3": 1.04, "erank_4": 1.03, "erank_5": 1.04, "erank_6": 1.09}, "wall_s": 953.8}
[abl_sg_bc_noalign_12k_seed5] device=cuda params=5.10M vocab=56 seq_len=87
step    400 loss 4.9227 [ntp=2.069 backchain=2.854 bc_g=2.445 bc_m=3.262] path_acc 0.000 decision_acc 0.043 erank 3.9 (134.8k tok/s)
step    800 loss 4.5359 [ntp=1.929 backchain=2.607 bc_g=2.269 bc_m=2.945] path_acc 0.000 decision_acc 0.047 erank 1.7 (136.8k tok/s)
step   1200 loss 4.4156 [ntp=1.885 backchain=2.530 bc_g=2.213 bc_m=2.848] path_acc 0.000 decision_acc 0.027 erank 1.3 (137.7k tok/s)
step   1600 loss 4.2858 [ntp=1.841 backchain=2.445 bc_g=2.157 bc_m=2.734] path_acc 0.000 decision_acc 0.070 erank 1.2 (140.3k tok/s)
step   2000 loss 4.2061 [ntp=1.804 backchain=2.402 bc_g=2.115 bc_m=2.690] path_acc 0.000 decision_acc 0.031 erank 1.1 (149.1k tok/s)
step   2400 loss 4.1606 [ntp=1.791 backchain=2.370 bc_g=2.101 bc_m=2.640] path_acc 0.000 decision_acc 0.066 erank 1.1 (155.7k tok/s)
step   2800 loss 4.1135 [ntp=1.776 backchain=2.338 bc_g=2.076 bc_m=2.600] path_acc 0.000 decision_acc 0.047 erank 1.1 (153.5k tok/s)
step   3200 loss 4.0638 [ntp=1.755 backchain=2.309 bc_g=2.053 bc_m=2.565] path_acc 0.000 decision_acc 0.051 erank 1.1 (152.8k tok/s)
step   3600 loss 4.0452 [ntp=1.749 backchain=2.296 bc_g=2.039 bc_m=2.554] path_acc 0.000 decision_acc 0.047 erank 1.1 (150.9k tok/s)
step   4000 loss 3.9998 [ntp=1.728 backchain=2.271 bc_g=2.020 bc_m=2.523] path_acc 0.000 decision_acc 0.043 erank 1.1 (151.0k tok/s)
step   4400 loss 3.9901 [ntp=1.725 backchain=2.265 bc_g=2.022 bc_m=2.508] path_acc 0.000 decision_acc 0.047 erank 1.1 (149.6k tok/s)
step   4800 loss 3.9333 [ntp=1.708 backchain=2.225 bc_g=1.999 bc_m=2.451] path_acc 0.000 decision_acc 0.051 erank 1.1 (148.6k tok/s)
step   5200 loss 3.2675 [ntp=1.188 backchain=2.080 bc_g=1.454 bc_m=2.706] path_acc 0.020 decision_acc 0.168 erank 1.1 (147.7k tok/s)
step   5600 loss 1.5633 [ntp=0.299 backchain=1.265 bc_g=0.014 bc_m=2.515] path_acc 0.188 decision_acc 0.191 erank 1.1 (147.0k tok/s)
step   6000 loss 1.4850 [ntp=0.272 backchain=1.213 bc_g=0.004 bc_m=2.422] path_acc 0.203 decision_acc 0.203 erank 1.1 (146.3k tok/s)
step   6400 loss 1.4291 [ntp=0.273 backchain=1.156 bc_g=0.003 bc_m=2.309] path_acc 0.195 decision_acc 0.195 erank 1.1 (147.3k tok/s)
step   6800 loss 1.2332 [ntp=0.253 backchain=0.980 bc_g=0.001 bc_m=1.960] path_acc 0.176 decision_acc 0.176 erank 1.1 (148.5k tok/s)
step   7200 loss 1.1718 [ntp=0.254 backchain=0.918 bc_g=0.001 bc_m=1.835] path_acc 0.195 decision_acc 0.195 erank 1.1 (147.8k tok/s)
step   7600 loss 1.1162 [ntp=0.238 backchain=0.879 bc_g=0.001 bc_m=1.756] path_acc 0.219 decision_acc 0.219 erank 1.1 (147.2k tok/s)
step   8000 loss 1.0881 [ntp=0.237 backchain=0.851 bc_g=0.001 bc_m=1.701] path_acc 0.176 decision_acc 0.176 erank 1.1 (146.7k tok/s)
step   8400 loss 1.0671 [ntp=0.238 backchain=0.829 bc_g=0.001 bc_m=1.657] path_acc 0.215 decision_acc 0.215 erank 1.1 (147.1k tok/s)
step   8800 loss 1.0350 [ntp=0.232 backchain=0.803 bc_g=0.001 bc_m=1.605] path_acc 0.176 decision_acc 0.176 erank 1.1 (148.0k tok/s)
step   9200 loss 1.0342 [ntp=0.235 backchain=0.799 bc_g=0.001 bc_m=1.597] path_acc 0.223 decision_acc 0.223 erank 1.1 (147.7k tok/s)
step   9600 loss 1.0269 [ntp=0.241 backchain=0.786 bc_g=0.001 bc_m=1.572] path_acc 0.191 decision_acc 0.191 erank 1.1 (147.2k tok/s)
step  10000 loss 0.9977 [ntp=0.234 backchain=0.764 bc_g=0.001 bc_m=1.527] path_acc 0.195 decision_acc 0.195 erank 1.1 (146.8k tok/s)
step  10400 loss 0.9871 [ntp=0.237 backchain=0.750 bc_g=0.001 bc_m=1.500] path_acc 0.176 decision_acc 0.176 erank 1.1 (146.4k tok/s)
step  10800 loss 0.9811 [ntp=0.235 backchain=0.746 bc_g=0.001 bc_m=1.492] path_acc 0.223 decision_acc 0.223 erank 1.1 (146.1k tok/s)
step  11200 loss 0.9752 [ntp=0.230 backchain=0.745 bc_g=0.001 bc_m=1.489] path_acc 0.230 decision_acc 0.230 erank 1.1 (145.8k tok/s)
step  11600 loss 0.9729 [ntp=0.232 backchain=0.741 bc_g=0.001 bc_m=1.481] path_acc 0.246 decision_acc 0.246 erank 1.1 (145.5k tok/s)
step  12000 loss 0.9705 [ntp=0.236 backchain=0.735 bc_g=0.001 bc_m=1.469] path_acc 0.180 decision_acc 0.180 erank 1.1 (145.2k tok/s)
SUMMARY {"run": "abl_sg_bc_noalign_12k_seed5", "config": "configs/ablation/abl_sg_bc_noalign_12k.yaml", "device": "cuda", "params": 5099008, "steps": 12000, "final": {"path_acc": 0.1796875, "decision_acc": 0.1796875}, "best": {"path_acc": 0.24609375, "decision_acc": 0.24609375}, "eranks": {"erank_0": 32.47, "erank_1": 14.72, "erank_2": 1.07, "erank_3": 1.03, "erank_4": 1.03, "erank_5": 1.07, "erank_6": 1.14}, "wall_s": 920.5}
[abl_sg_bc_noalign_12k_seed6] device=cuda params=5.10M vocab=56 seq_len=87
step    400 loss 5.0610 [ntp=2.119 backchain=2.942 bc_g=2.497 bc_m=3.386] path_acc 0.000 decision_acc 0.047 erank 3.7 (135.6k tok/s)
step    800 loss 4.6247 [ntp=1.970 backchain=2.655 bc_g=2.314 bc_m=2.996] path_acc 0.000 decision_acc 0.066 erank 1.3 (137.6k tok/s)
step   1200 loss 1.9024 [ntp=0.420 backchain=1.482 bc_g=0.052 bc_m=2.913] path_acc 0.145 decision_acc 0.156 erank 1.2 (138.2k tok/s)
step   1600 loss 1.8342 [ntp=0.428 backchain=1.406 bc_g=0.032 bc_m=2.779] path_acc 0.188 decision_acc 0.195 erank 1.1 (138.5k tok/s)
step   2000 loss 1.4833 [ntp=0.339 backchain=1.144 bc_g=0.009 bc_m=2.279] path_acc 0.227 decision_acc 0.227 erank 1.1 (138.6k tok/s)
step   2400 loss 1.4412 [ntp=0.324 backchain=1.117 bc_g=0.002 bc_m=2.233] path_acc 0.203 decision_acc 0.211 erank 1.1 (139.1k tok/s)
step   2800 loss 1.3807 [ntp=0.297 backchain=1.083 bc_g=0.005 bc_m=2.162] path_acc 0.199 decision_acc 0.203 erank 1.1 (139.1k tok/s)
step   3200 loss 1.3369 [ntp=0.272 backchain=1.065 bc_g=0.001 bc_m=2.128] path_acc 0.180 decision_acc 0.180 erank 1.1 (139.1k tok/s)
step   3600 loss 1.3036 [ntp=0.277 backchain=1.026 bc_g=0.001 bc_m=2.052] path_acc 0.230 decision_acc 0.230 erank 1.1 (139.3k tok/s)
step   4000 loss 1.2914 [ntp=0.269 backchain=1.023 bc_g=0.002 bc_m=2.044] path_acc 0.199 decision_acc 0.199 erank 1.1 (139.3k tok/s)
step   4400 loss 1.2503 [ntp=0.265 backchain=0.985 bc_g=0.001 bc_m=1.969] path_acc 0.195 decision_acc 0.199 erank 1.1 (139.2k tok/s)
step   4800 loss 1.1953 [ntp=0.251 backchain=0.944 bc_g=0.001 bc_m=1.887] path_acc 0.223 decision_acc 0.223 erank 1.1 (139.1k tok/s)
step   5200 loss 1.1750 [ntp=0.250 backchain=0.925 bc_g=0.001 bc_m=1.849] path_acc 0.207 decision_acc 0.207 erank 1.1 (139.1k tok/s)
step   5600 loss 1.1664 [ntp=0.256 backchain=0.910 bc_g=0.001 bc_m=1.819] path_acc 0.164 decision_acc 0.164 erank 1.1 (139.1k tok/s)
step   6000 loss 1.0911 [ntp=0.252 backchain=0.839 bc_g=0.001 bc_m=1.677] path_acc 0.191 decision_acc 0.191 erank 1.0 (139.1k tok/s)
step   6400 loss 1.0005 [ntp=0.238 backchain=0.763 bc_g=0.001 bc_m=1.524] path_acc 0.230 decision_acc 0.230 erank 1.1 (139.3k tok/s)
step   6800 loss 0.9715 [ntp=0.240 backchain=0.732 bc_g=0.001 bc_m=1.463] path_acc 0.195 decision_acc 0.195 erank 1.1 (139.5k tok/s)
step   7200 loss 0.9563 [ntp=0.245 backchain=0.711 bc_g=0.002 bc_m=1.420] path_acc 0.164 decision_acc 0.164 erank 1.1 (139.6k tok/s)
step   7600 loss 0.9392 [ntp=0.239 backchain=0.701 bc_g=0.001 bc_m=1.401] path_acc 0.164 decision_acc 0.164 erank 1.1 (139.6k tok/s)
step   8000 loss 0.9096 [ntp=0.234 backchain=0.676 bc_g=0.000 bc_m=1.351] path_acc 0.254 decision_acc 0.254 erank 1.1 (139.6k tok/s)
step   8400 loss 0.9167 [ntp=0.234 backchain=0.682 bc_g=0.000 bc_m=1.364] path_acc 0.230 decision_acc 0.230 erank 1.1 (139.6k tok/s)
step   8800 loss 0.9002 [ntp=0.236 backchain=0.664 bc_g=0.000 bc_m=1.328] path_acc 0.148 decision_acc 0.148 erank 1.1 (139.6k tok/s)
step   9200 loss 0.8778 [ntp=0.233 backchain=0.645 bc_g=0.000 bc_m=1.290] path_acc 0.219 decision_acc 0.219 erank 1.1 (139.6k tok/s)
step   9600 loss 0.8893 [ntp=0.239 backchain=0.650 bc_g=0.000 bc_m=1.299] path_acc 0.207 decision_acc 0.207 erank 1.1 (139.6k tok/s)
step  10000 loss 0.8702 [ntp=0.236 backchain=0.634 bc_g=0.000 bc_m=1.267] path_acc 0.184 decision_acc 0.184 erank 1.1 (139.6k tok/s)
step  10400 loss 0.8578 [ntp=0.230 backchain=0.628 bc_g=0.000 bc_m=1.256] path_acc 0.211 decision_acc 0.211 erank 1.1 (139.6k tok/s)
step  10800 loss 0.8225 [ntp=0.233 backchain=0.589 bc_g=0.001 bc_m=1.178] path_acc 0.207 decision_acc 0.207 erank 1.1 (140.0k tok/s)
step  11200 loss 0.8057 [ntp=0.236 backchain=0.570 bc_g=0.001 bc_m=1.139] path_acc 0.203 decision_acc 0.203 erank 1.1 (140.0k tok/s)
step  11600 loss 0.7828 [ntp=0.236 backchain=0.547 bc_g=0.001 bc_m=1.093] path_acc 0.207 decision_acc 0.207 erank 1.1 (139.9k tok/s)
step  12000 loss 0.7704 [ntp=0.233 backchain=0.537 bc_g=0.001 bc_m=1.074] path_acc 0.195 decision_acc 0.195 erank 1.1 (139.9k tok/s)
SUMMARY {"run": "abl_sg_bc_noalign_12k_seed6", "config": "configs/ablation/abl_sg_bc_noalign_12k.yaml", "device": "cuda", "params": 5099008, "steps": 12000, "final": {"path_acc": 0.1953125, "decision_acc": 0.1953125}, "best": {"path_acc": 0.25390625, "decision_acc": 0.25390625}, "eranks": {"erank_0": 37.15, "erank_1": 9.49, "erank_2": 1.16, "erank_3": 1.03, "erank_4": 1.03, "erank_5": 1.04, "erank_6": 1.08}, "wall_s": 955.0}
[abl_sg_bc_noalign_12k_seed7] device=cuda params=5.10M vocab=56 seq_len=87
step    400 loss 4.8821 [ntp=2.041 backchain=2.841 bc_g=2.419 bc_m=3.263] path_acc 0.000 decision_acc 0.055 erank 3.8 (131.2k tok/s)
step    800 loss 4.5290 [ntp=1.931 backchain=2.598 bc_g=2.256 bc_m=2.939] path_acc 0.000 decision_acc 0.059 erank 1.6 (132.9k tok/s)
step   1200 loss 4.4040 [ntp=1.880 backchain=2.524 bc_g=2.210 bc_m=2.839] path_acc 0.000 decision_acc 0.055 erank 1.2 (134.4k tok/s)
step   1600 loss 1.8683 [ntp=0.373 backchain=1.496 bc_g=0.072 bc_m=2.919] path_acc 0.188 decision_acc 0.195 erank 1.5 (136.8k tok/s)
step   2000 loss 1.7325 [ntp=0.358 backchain=1.374 bc_g=0.015 bc_m=2.734] path_acc 0.207 decision_acc 0.215 erank 1.3 (143.0k tok/s)
step   2400 loss 1.5371 [ntp=0.309 backchain=1.228 bc_g=0.006 bc_m=2.450] path_acc 0.195 decision_acc 0.195 erank 1.1 (150.7k tok/s)
step   2800 loss 1.3357 [ntp=0.284 backchain=1.051 bc_g=0.003 bc_m=2.100] path_acc 0.180 decision_acc 0.184 erank 1.2 (154.6k tok/s)
step   3200 loss 1.2403 [ntp=0.276 backchain=0.965 bc_g=0.006 bc_m=1.924] path_acc 0.191 decision_acc 0.191 erank 1.1 (152.2k tok/s)
step   3600 loss 1.1598 [ntp=0.263 backchain=0.897 bc_g=0.001 bc_m=1.793] path_acc 0.219 decision_acc 0.219 erank 1.1 (152.8k tok/s)
step   4000 loss 1.1149 [ntp=0.252 backchain=0.863 bc_g=0.001 bc_m=1.724] path_acc 0.211 decision_acc 0.215 erank 1.1 (151.7k tok/s)
step   4400 loss 1.0804 [ntp=0.256 backchain=0.825 bc_g=0.001 bc_m=1.648] path_acc 0.195 decision_acc 0.195 erank 1.1 (151.0k tok/s)
step   4800 loss 1.0568 [ntp=0.250 backchain=0.806 bc_g=0.001 bc_m=1.612] path_acc 0.184 decision_acc 0.184 erank 1.1 (150.9k tok/s)
step   5200 loss 1.0193 [ntp=0.247 backchain=0.773 bc_g=0.001 bc_m=1.544] path_acc 0.203 decision_acc 0.203 erank 1.1 (151.7k tok/s)
step   5600 loss 0.9918 [ntp=0.248 backchain=0.744 bc_g=0.001 bc_m=1.487] path_acc 0.195 decision_acc 0.195 erank 1.1 (151.6k tok/s)
step   6000 loss 0.9525 [ntp=0.243 backchain=0.709 bc_g=0.001 bc_m=1.417] path_acc 0.234 decision_acc 0.234 erank 1.1 (151.6k tok/s)
step   6400 loss 0.8991 [ntp=0.240 backchain=0.659 bc_g=0.001 bc_m=1.317] path_acc 0.195 decision_acc 0.195 erank 1.1 (152.7k tok/s)
step   6800 loss 0.8938 [ntp=0.232 backchain=0.662 bc_g=0.000 bc_m=1.324] path_acc 0.180 decision_acc 0.180 erank 1.1 (152.7k tok/s)
step   7200 loss 0.8397 [ntp=0.237 backchain=0.603 bc_g=0.000 bc_m=1.205] path_acc 0.199 decision_acc 0.199 erank 1.1 (151.8k tok/s)
step   7600 loss 0.7995 [ntp=0.232 backchain=0.567 bc_g=0.000 bc_m=1.134] path_acc 0.215 decision_acc 0.215 erank 1.1 (150.9k tok/s)
step   8000 loss 0.7711 [ntp=0.233 backchain=0.538 bc_g=0.000 bc_m=1.075] path_acc 0.219 decision_acc 0.219 erank 1.1 (150.1k tok/s)
step   8400 loss 0.7617 [ntp=0.233 backchain=0.529 bc_g=0.000 bc_m=1.057] path_acc 0.211 decision_acc 0.211 erank 1.1 (149.5k tok/s)
step   8800 loss 0.7585 [ntp=0.236 backchain=0.523 bc_g=0.000 bc_m=1.046] path_acc 0.211 decision_acc 0.211 erank 1.1 (148.9k tok/s)
step   9200 loss 0.7234 [ntp=0.228 backchain=0.496 bc_g=0.000 bc_m=0.992] path_acc 0.199 decision_acc 0.199 erank 1.1 (148.5k tok/s)
step   9600 loss 0.7224 [ntp=0.231 backchain=0.491 bc_g=0.000 bc_m=0.982] path_acc 0.215 decision_acc 0.215 erank 1.1 (148.0k tok/s)
step  10000 loss 0.7221 [ntp=0.239 backchain=0.483 bc_g=0.000 bc_m=0.966] path_acc 0.145 decision_acc 0.145 erank 1.1 (147.6k tok/s)
step  10400 loss 0.7058 [ntp=0.233 backchain=0.473 bc_g=0.000 bc_m=0.945] path_acc 0.211 decision_acc 0.211 erank 1.1 (147.2k tok/s)
step  10800 loss 0.7123 [ntp=0.234 backchain=0.479 bc_g=0.000 bc_m=0.957] path_acc 0.207 decision_acc 0.207 erank 1.1 (146.8k tok/s)
step  11200 loss 0.7022 [ntp=0.236 backchain=0.466 bc_g=0.000 bc_m=0.932] path_acc 0.207 decision_acc 0.207 erank 1.1 (147.5k tok/s)
step  11600 loss 0.6947 [ntp=0.230 backchain=0.465 bc_g=0.000 bc_m=0.930] path_acc 0.195 decision_acc 0.195 erank 1.1 (147.3k tok/s)
step  12000 loss 0.6912 [ntp=0.231 backchain=0.460 bc_g=0.000 bc_m=0.919] path_acc 0.180 decision_acc 0.180 erank 1.1 (148.1k tok/s)
SUMMARY {"run": "abl_sg_bc_noalign_12k_seed7", "config": "configs/ablation/abl_sg_bc_noalign_12k.yaml", "device": "cuda", "params": 5099008, "steps": 12000, "final": {"path_acc": 0.1796875, "decision_acc": 0.1796875}, "best": {"path_acc": 0.234375, "decision_acc": 0.234375}, "eranks": {"erank_0": 34.22, "erank_1": 16.93, "erank_2": 1.05, "erank_3": 1.04, "erank_4": 1.05, "erank_5": 1.07, "erank_6": 1.1}, "wall_s": 902.1}
[abl_sg_bc_noalign_12k_seed8] device=cuda params=5.10M vocab=56 seq_len=87
step    400 loss 4.9426 [ntp=2.077 backchain=2.865 bc_g=2.443 bc_m=3.288] path_acc 0.000 decision_acc 0.039 erank 11.1 (139.1k tok/s)
step    800 loss 1.9846 [ntp=0.444 backchain=1.541 bc_g=0.059 bc_m=3.022] path_acc 0.168 decision_acc 0.215 erank 5.5 (151.9k tok/s)
step   1200 loss 1.7457 [ntp=0.356 backchain=1.390 bc_g=0.007 bc_m=2.772] path_acc 0.227 decision_acc 0.227 erank 2.3 (149.5k tok/s)
step   1600 loss 1.6342 [ntp=0.356 backchain=1.278 bc_g=0.014 bc_m=2.543] path_acc 0.195 decision_acc 0.199 erank 1.8 (147.1k tok/s)
step   2000 loss 1.4399 [ntp=0.318 backchain=1.122 bc_g=0.001 bc_m=2.242] path_acc 0.230 decision_acc 0.230 erank 1.6 (145.6k tok/s)
step   2400 loss 1.3804 [ntp=0.301 backchain=1.079 bc_g=0.002 bc_m=2.156] path_acc 0.219 decision_acc 0.219 erank 1.7 (147.1k tok/s)
step   2800 loss 1.3161 [ntp=0.264 backchain=1.052 bc_g=0.002 bc_m=2.103] path_acc 0.207 decision_acc 0.207 erank 1.5 (149.9k tok/s)
step   3200 loss 1.2656 [ntp=0.245 backchain=1.020 bc_g=0.002 bc_m=2.039] path_acc 0.211 decision_acc 0.211 erank 1.4 (149.4k tok/s)
step   3600 loss 1.2405 [ntp=0.247 backchain=0.994 bc_g=0.002 bc_m=1.986] path_acc 0.156 decision_acc 0.156 erank 1.4 (149.5k tok/s)
step   4000 loss 1.2237 [ntp=0.257 backchain=0.967 bc_g=0.001 bc_m=1.933] path_acc 0.215 decision_acc 0.215 erank 1.4 (149.5k tok/s)
step   4400 loss 1.1255 [ntp=0.241 backchain=0.885 bc_g=0.001 bc_m=1.768] path_acc 0.172 decision_acc 0.172 erank 1.4 (150.5k tok/s)
step   4800 loss 1.0849 [ntp=0.232 backchain=0.853 bc_g=0.001 bc_m=1.704] path_acc 0.176 decision_acc 0.176 erank 1.5 (150.8k tok/s)
step   5200 loss 1.0686 [ntp=0.250 backchain=0.819 bc_g=0.001 bc_m=1.636] path_acc 0.215 decision_acc 0.215 erank 1.5 (150.0k tok/s)
step   5600 loss 1.0423 [ntp=0.247 backchain=0.795 bc_g=0.000 bc_m=1.590] path_acc 0.160 decision_acc 0.160 erank 1.5 (149.5k tok/s)
step   6000 loss 1.0374 [ntp=0.243 backchain=0.794 bc_g=0.000 bc_m=1.588] path_acc 0.176 decision_acc 0.176 erank 1.5 (148.9k tok/s)
step   6400 loss 1.0133 [ntp=0.243 backchain=0.770 bc_g=0.001 bc_m=1.540] path_acc 0.188 decision_acc 0.188 erank 1.5 (149.2k tok/s)
step   6800 loss 0.9871 [ntp=0.245 backchain=0.742 bc_g=0.000 bc_m=1.484] path_acc 0.203 decision_acc 0.203 erank 1.6 (148.9k tok/s)
step   7200 loss 0.9343 [ntp=0.237 backchain=0.698 bc_g=0.000 bc_m=1.395] path_acc 0.180 decision_acc 0.180 erank 1.6 (148.4k tok/s)
step   7600 loss 0.9279 [ntp=0.242 backchain=0.686 bc_g=0.000 bc_m=1.371] path_acc 0.227 decision_acc 0.227 erank 1.8 (148.0k tok/s)
step   8000 loss 0.8850 [ntp=0.237 backchain=0.648 bc_g=0.001 bc_m=1.295] path_acc 0.215 decision_acc 0.215 erank 1.9 (148.5k tok/s)
step   8400 loss 0.8860 [ntp=0.240 backchain=0.646 bc_g=0.000 bc_m=1.291] path_acc 0.188 decision_acc 0.188 erank 1.9 (149.8k tok/s)
step   8800 loss 0.8721 [ntp=0.236 backchain=0.637 bc_g=0.000 bc_m=1.273] path_acc 0.199 decision_acc 0.199 erank 2.0 (151.4k tok/s)
step   9200 loss 0.8502 [ntp=0.236 backchain=0.614 bc_g=0.000 bc_m=1.227] path_acc 0.203 decision_acc 0.203 erank 2.0 (152.3k tok/s)
step   9600 loss 0.8279 [ntp=0.237 backchain=0.591 bc_g=0.000 bc_m=1.182] path_acc 0.172 decision_acc 0.172 erank 2.0 (152.2k tok/s)
step  10000 loss 0.8056 [ntp=0.234 backchain=0.571 bc_g=0.000 bc_m=1.142] path_acc 0.195 decision_acc 0.195 erank 1.9 (152.3k tok/s)
step  10400 loss 0.7974 [ntp=0.236 backchain=0.562 bc_g=0.000 bc_m=1.124] path_acc 0.160 decision_acc 0.160 erank 1.9 (153.1k tok/s)
step  10800 loss 0.7860 [ntp=0.234 backchain=0.551 bc_g=0.000 bc_m=1.103] path_acc 0.141 decision_acc 0.141 erank 2.0 (152.6k tok/s)
step  11200 loss 0.7676 [ntp=0.236 backchain=0.532 bc_g=0.000 bc_m=1.064] path_acc 0.180 decision_acc 0.180 erank 1.9 (152.7k tok/s)
step  11600 loss 0.7446 [ntp=0.235 backchain=0.509 bc_g=0.000 bc_m=1.019] path_acc 0.184 decision_acc 0.184 erank 1.8 (152.4k tok/s)
step  12000 loss 0.7201 [ntp=0.232 backchain=0.488 bc_g=0.000 bc_m=0.976] path_acc 0.199 decision_acc 0.199 erank 2.0 (152.1k tok/s)
SUMMARY {"run": "abl_sg_bc_noalign_12k_seed8", "config": "configs/ablation/abl_sg_bc_noalign_12k.yaml", "device": "cuda", "params": 5099008, "steps": 12000, "final": {"path_acc": 0.19921875, "decision_acc": 0.19921875}, "best": {"path_acc": 0.23046875, "decision_acc": 0.23046875}, "eranks": {"erank_0": 37.87, "erank_1": 28.0, "erank_2": 1.19, "erank_3": 1.1, "erank_4": 1.15, "erank_5": 1.49, "erank_6": 1.97}, "wall_s": 878.6}
R10C ALL DONE
