[32mActivated conda/uv virtual environment at [36m/venv/main[0m
[hp_bc_24k_const_seed3] device=cuda params=5.10M vocab=56 seq_len=87
step    400 loss 5.9317 [ntp=2.041 backchain=3.891 bc_g=2.406 bc_m=3.188 bc_a=2.188] path_acc 0.000 decision_acc 0.031 erank 21.0 (129.2k tok/s)
step    800 loss 2.5411 [ntp=0.403 backchain=2.138 bc_g=0.089 bc_m=3.003 bc_a=1.184] path_acc 0.188 decision_acc 0.191 erank 21.7 (131.3k tok/s)
step   1200 loss 2.2088 [ntp=0.392 backchain=1.817 bc_g=0.023 bc_m=2.816 bc_a=0.795] path_acc 0.207 decision_acc 0.211 erank 6.3 (132.4k tok/s)
step   1600 loss 1.9988 [ntp=0.329 backchain=1.670 bc_g=0.006 bc_m=2.602 bc_a=0.732] path_acc 0.203 decision_acc 0.211 erank 3.3 (133.0k tok/s)
step   2000 loss 1.6981 [ntp=0.312 backchain=1.386 bc_g=0.002 bc_m=2.149 bc_a=0.622] path_acc 0.230 decision_acc 0.230 erank 2.8 (133.2k tok/s)
step   2400 loss 1.6127 [ntp=0.269 backchain=1.344 bc_g=0.002 bc_m=1.989 bc_a=0.697] path_acc 0.215 decision_acc 0.215 erank 2.5 (133.3k tok/s)
step   2800 loss 1.6623 [ntp=0.264 backchain=1.398 bc_g=0.005 bc_m=1.920 bc_a=0.871] path_acc 0.207 decision_acc 0.207 erank 2.5 (133.6k tok/s)
step   3200 loss 1.6471 [ntp=0.257 backchain=1.390 bc_g=0.004 bc_m=1.859 bc_a=0.918] path_acc 0.152 decision_acc 0.152 erank 2.0 (133.6k tok/s)
step   3600 loss 1.5918 [ntp=0.248 backchain=1.344 bc_g=0.001 bc_m=1.761 bc_a=0.925] path_acc 0.137 decision_acc 0.137 erank 1.9 (133.7k tok/s)
step   4000 loss 1.4570 [ntp=0.242 backchain=1.215 bc_g=0.001 bc_m=1.453 bc_a=0.975] path_acc 0.191 decision_acc 0.191 erank 1.7 (134.0k tok/s)
step   4400 loss 1.5299 [ntp=0.264 backchain=1.266 bc_g=0.000 bc_m=1.431 bc_a=1.101] path_acc 0.219 decision_acc 0.219 erank 1.7 (134.1k tok/s)
step   4800 loss 1.5767 [ntp=0.233 backchain=1.344 bc_g=0.000 bc_m=1.375 bc_a=1.312] path_acc 0.191 decision_acc 0.191 erank 1.5 (134.2k tok/s)
step   5200 loss 1.6646 [ntp=0.258 backchain=1.407 bc_g=0.000 bc_m=1.383 bc_a=1.430] path_acc 0.207 decision_acc 0.207 erank 1.5 (136.0k tok/s)
step   5600 loss 1.6633 [ntp=0.245 backchain=1.418 bc_g=0.000 bc_m=1.329 bc_a=1.508] path_acc 0.156 decision_acc 0.156 erank 1.5 (139.3k tok/s)
step   6000 loss 1.6935 [ntp=0.253 backchain=1.440 bc_g=0.000 bc_m=1.315 bc_a=1.565] path_acc 0.172 decision_acc 0.172 erank 1.5 (142.4k tok/s)
step   6400 loss 1.7247 [ntp=0.248 backchain=1.476 bc_g=0.000 bc_m=1.268 bc_a=1.684] path_acc 0.215 decision_acc 0.215 erank 1.5 (142.0k tok/s)
step   6800 loss 1.7727 [ntp=0.254 backchain=1.518 bc_g=0.000 bc_m=1.264 bc_a=1.772] path_acc 0.199 decision_acc 0.199 erank 1.4 (141.6k tok/s)
step   7200 loss 1.8267 [ntp=0.252 backchain=1.575 bc_g=0.000 bc_m=1.232 bc_a=1.917] path_acc 0.199 decision_acc 0.199 erank 1.3 (141.2k tok/s)
step   7600 loss 1.8159 [ntp=0.241 backchain=1.574 bc_g=0.004 bc_m=1.194 bc_a=1.951] path_acc 0.207 decision_acc 0.207 erank 1.3 (140.9k tok/s)
step   8000 loss 1.7975 [ntp=0.235 backchain=1.562 bc_g=0.000 bc_m=1.152 bc_a=1.972] path_acc 0.211 decision_acc 0.211 erank 1.3 (140.6k tok/s)
step   8400 loss 1.8233 [ntp=0.241 backchain=1.582 bc_g=0.000 bc_m=1.110 bc_a=2.054] path_acc 0.188 decision_acc 0.188 erank 1.3 (140.3k tok/s)
step   8800 loss 1.8762 [ntp=0.235 backchain=1.641 bc_g=0.000 bc_m=1.067 bc_a=2.214] path_acc 0.191 decision_acc 0.191 erank 1.2 (140.1k tok/s)
step   9200 loss 1.9239 [ntp=0.246 backchain=1.678 bc_g=0.000 bc_m=1.063 bc_a=2.292] path_acc 0.180 decision_acc 0.180 erank 1.2 (139.9k tok/s)
step   9600 loss 1.9521 [ntp=0.241 backchain=1.711 bc_g=0.000 bc_m=1.040 bc_a=2.382] path_acc 0.156 decision_acc 0.156 erank 1.2 (139.7k tok/s)
step  10000 loss 1.9807 [ntp=0.249 backchain=1.732 bc_g=0.000 bc_m=1.013 bc_a=2.450] path_acc 0.215 decision_acc 0.215 erank 1.2 (139.5k tok/s)
step  10400 loss 1.9952 [ntp=0.247 backchain=1.748 bc_g=0.000 bc_m=1.021 bc_a=2.475] path_acc 0.242 decision_acc 0.242 erank 1.2 (139.5k tok/s)
step  10800 loss 2.0533 [ntp=0.254 backchain=1.799 bc_g=0.000 bc_m=1.013 bc_a=2.585] path_acc 0.191 decision_acc 0.191 erank 1.1 (139.4k tok/s)
step  11200 loss 2.0766 [ntp=0.240 backchain=1.837 bc_g=0.000 bc_m=1.024 bc_a=2.649] path_acc 0.219 decision_acc 0.219 erank 1.2 (139.2k tok/s)
step  11600 loss 2.0913 [ntp=0.243 backchain=1.848 bc_g=0.000 bc_m=0.976 bc_a=2.721] path_acc 0.203 decision_acc 0.203 erank 1.1 (139.2k tok/s)
step  12000 loss 2.1206 [ntp=0.235 backchain=1.886 bc_g=0.000 bc_m=0.983 bc_a=2.789] path_acc 0.211 decision_acc 0.211 erank 1.1 (139.0k tok/s)
step  12400 loss 2.1574 [ntp=0.241 backchain=1.916 bc_g=0.000 bc_m=0.958 bc_a=2.874] path_acc 0.168 decision_acc 0.168 erank 1.1 (138.9k tok/s)
step  12800 loss 2.1230 [ntp=0.242 backchain=1.881 bc_g=0.000 bc_m=0.927 bc_a=2.834] path_acc 0.164 decision_acc 0.164 erank 1.1 (138.8k tok/s)
step  13200 loss 2.0805 [ntp=0.241 backchain=1.839 bc_g=0.000 bc_m=0.894 bc_a=2.785] path_acc 0.191 decision_acc 0.191 erank 1.1 (138.7k tok/s)
step  13600 loss 2.0617 [ntp=0.241 backchain=1.820 bc_g=0.000 bc_m=0.842 bc_a=2.799] path_acc 0.152 decision_acc 0.152 erank 1.1 (138.6k tok/s)
step  14000 loss 2.0598 [ntp=0.237 backchain=1.823 bc_g=0.000 bc_m=0.821 bc_a=2.826] path_acc 0.180 decision_acc 0.180 erank 1.1 (138.5k tok/s)
step  14400 loss 2.0636 [ntp=0.244 backchain=1.819 bc_g=0.000 bc_m=0.843 bc_a=2.795] path_acc 0.207 decision_acc 0.207 erank 1.1 (138.4k tok/s)
step  14800 loss 2.0512 [ntp=0.240 backchain=1.811 bc_g=0.000 bc_m=0.811 bc_a=2.810] path_acc 0.195 decision_acc 0.195 erank 1.1 (138.3k tok/s)
step  15200 loss 1.8568 [ntp=0.094 backchain=1.762 bc_g=0.000 bc_m=0.733 bc_a=2.792] path_acc 0.660 decision_acc 0.660 erank 1.1 (138.2k tok/s)
step  15600 loss 1.8751 [ntp=0.104 backchain=1.771 bc_g=0.000 bc_m=0.764 bc_a=2.777] path_acc 0.668 decision_acc 0.668 erank 1.1 (138.3k tok/s)
step  16000 loss 1.8200 [ntp=0.073 backchain=1.747 bc_g=0.000 bc_m=0.723 bc_a=2.771] path_acc 0.688 decision_acc 0.688 erank 1.1 (138.2k tok/s)
step  16400 loss 1.8390 [ntp=0.087 backchain=1.752 bc_g=0.000 bc_m=0.741 bc_a=2.764] path_acc 0.652 decision_acc 0.652 erank 1.1 (138.2k tok/s)
step  16800 loss 1.8407 [ntp=0.101 backchain=1.740 bc_g=0.000 bc_m=0.733 bc_a=2.747] path_acc 0.734 decision_acc 0.734 erank 1.1 (138.2k tok/s)
step  17200 loss 1.7441 [ntp=0.019 backchain=1.725 bc_g=0.000 bc_m=0.715 bc_a=2.735] path_acc 0.953 decision_acc 0.953 erank 1.1 (138.1k tok/s)
step  17600 loss 1.7306 [ntp=0.018 backchain=1.712 bc_g=0.000 bc_m=0.710 bc_a=2.714] path_acc 0.965 decision_acc 0.965 erank 1.1 (138.1k tok/s)
step  18000 loss 1.7240 [ntp=0.017 backchain=1.707 bc_g=0.000 bc_m=0.711 bc_a=2.702] path_acc 0.973 decision_acc 0.973 erank 1.1 (138.0k tok/s)
step  18400 loss 1.6940 [ntp=0.008 backchain=1.686 bc_g=0.000 bc_m=0.701 bc_a=2.670] path_acc 0.973 decision_acc 0.973 erank 1.1 (138.9k tok/s)
step  18800 loss 1.6916 [ntp=0.013 backchain=1.678 bc_g=0.000 bc_m=0.686 bc_a=2.670] path_acc 0.980 decision_acc 0.980 erank 1.1 (139.8k tok/s)
step  19200 loss 1.7091 [ntp=0.021 backchain=1.688 bc_g=0.000 bc_m=0.685 bc_a=2.691] path_acc 0.973 decision_acc 0.973 erank 1.1 (140.7k tok/s)
step  19600 loss 1.7072 [ntp=0.020 backchain=1.687 bc_g=0.000 bc_m=0.691 bc_a=2.683] path_acc 0.980 decision_acc 0.980 erank 1.1 (141.6k tok/s)
step  20000 loss 1.6971 [ntp=0.015 backchain=1.683 bc_g=0.000 bc_m=0.690 bc_a=2.675] path_acc 0.980 decision_acc 0.980 erank 1.1 (141.5k tok/s)
step  20400 loss 1.6698 [ntp=0.003 backchain=1.667 bc_g=0.001 bc_m=0.671 bc_a=2.663] path_acc 0.980 decision_acc 0.980 erank 1.1 (141.4k tok/s)
step  20800 loss 1.6914 [ntp=0.014 backchain=1.677 bc_g=0.000 bc_m=0.688 bc_a=2.666] path_acc 0.969 decision_acc 0.969 erank 1.1 (141.3k tok/s)
step  21200 loss 1.6720 [ntp=0.010 backchain=1.662 bc_g=0.000 bc_m=0.681 bc_a=2.643] path_acc 0.977 decision_acc 0.977 erank 1.1 (141.1k tok/s)
step  21600 loss 1.6399 [ntp=0.007 backchain=1.633 bc_g=0.000 bc_m=0.685 bc_a=2.581] path_acc 0.984 decision_acc 0.984 erank 1.1 (141.0k tok/s)
step  22000 loss 1.6509 [ntp=0.009 backchain=1.642 bc_g=0.000 bc_m=0.691 bc_a=2.592] path_acc 0.969 decision_acc 0.969 erank 1.1 (140.8k tok/s)
step  22400 loss 1.6456 [ntp=0.010 backchain=1.635 bc_g=0.000 bc_m=0.660 bc_a=2.611] path_acc 0.977 decision_acc 0.977 erank 1.1 (140.7k tok/s)
step  22800 loss 1.6705 [ntp=0.005 backchain=1.665 bc_g=0.000 bc_m=0.676 bc_a=2.655] path_acc 0.996 decision_acc 0.996 erank 1.1 (140.6k tok/s)
step  23200 loss 1.6834 [ntp=0.008 backchain=1.675 bc_g=0.000 bc_m=0.676 bc_a=2.674] path_acc 0.984 decision_acc 0.984 erank 1.1 (140.5k tok/s)
step  23600 loss 1.6891 [ntp=0.012 backchain=1.677 bc_g=0.000 bc_m=0.672 bc_a=2.682] path_acc 0.977 decision_acc 0.977 erank 1.1 (140.4k tok/s)
step  24000 loss 1.6658 [ntp=0.005 backchain=1.661 bc_g=0.000 bc_m=0.665 bc_a=2.657] path_acc 0.980 decision_acc 0.980 erank 1.1 (140.2k tok/s)
SUMMARY {"run": "hp_bc_24k_const_seed3", "config": "configs/ablation/hp_bc_24k_const.yaml", "device": "cuda", "params": 5099008, "steps": 24000, "final": {"path_acc": 0.98046875, "decision_acc": 0.98046875}, "best": {"path_acc": 0.99609375, "decision_acc": 0.99609375}, "eranks": {"erank_0": 33.97, "erank_1": 1.3, "erank_2": 1.03, "erank_3": 1.05, "erank_4": 1.05, "erank_5": 1.06, "erank_6": 1.12}, "wall_s": 1905.7}
[hp_bc_24k_const_seed4] device=cuda params=5.10M vocab=56 seq_len=87
step    400 loss 5.9356 [ntp=2.036 backchain=3.899 bc_g=2.379 bc_m=3.263 bc_a=2.156] path_acc 0.000 decision_acc 0.047 erank 28.1 (134.2k tok/s)
step    800 loss 5.3201 [ntp=1.962 backchain=3.358 bc_g=2.282 bc_m=2.971 bc_a=1.464] path_acc 0.000 decision_acc 0.043 erank 5.8 (135.4k tok/s)
step   1200 loss 2.3837 [ntp=0.387 backchain=1.996 bc_g=0.051 bc_m=2.905 bc_a=1.037] path_acc 0.238 decision_acc 0.238 erank 7.7 (134.8k tok/s)
step   1600 loss 2.1731 [ntp=0.345 backchain=1.828 bc_g=0.005 bc_m=2.612 bc_a=1.039] path_acc 0.215 decision_acc 0.219 erank 2.2 (134.9k tok/s)
step   2000 loss 1.8399 [ntp=0.307 backchain=1.533 bc_g=0.005 bc_m=2.042 bc_a=1.019] path_acc 0.172 decision_acc 0.172 erank 1.6 (135.1k tok/s)
step   2400 loss 1.7196 [ntp=0.283 backchain=1.437 bc_g=0.002 bc_m=1.897 bc_a=0.975] path_acc 0.219 decision_acc 0.219 erank 1.5 (135.6k tok/s)
step   2800 loss 1.5841 [ntp=0.271 backchain=1.313 bc_g=0.001 bc_m=1.629 bc_a=0.995] path_acc 0.211 decision_acc 0.211 erank 1.4 (136.4k tok/s)
step   3200 loss 1.5899 [ntp=0.257 backchain=1.333 bc_g=0.003 bc_m=1.591 bc_a=1.071] path_acc 0.203 decision_acc 0.203 erank 1.4 (136.8k tok/s)
step   3600 loss 1.6065 [ntp=0.255 backchain=1.352 bc_g=0.003 bc_m=1.523 bc_a=1.178] path_acc 0.172 decision_acc 0.172 erank 1.3 (137.0k tok/s)
step   4000 loss 1.6345 [ntp=0.256 backchain=1.378 bc_g=0.003 bc_m=1.503 bc_a=1.251] path_acc 0.180 decision_acc 0.180 erank 1.3 (137.3k tok/s)
step   4400 loss 1.5982 [ntp=0.258 backchain=1.341 bc_g=0.001 bc_m=1.427 bc_a=1.253] path_acc 0.277 decision_acc 0.277 erank 1.2 (137.3k tok/s)
step   4800 loss 1.5837 [ntp=0.264 backchain=1.320 bc_g=0.001 bc_m=1.369 bc_a=1.270] path_acc 0.215 decision_acc 0.215 erank 1.2 (137.4k tok/s)
step   5200 loss 1.5930 [ntp=0.241 backchain=1.352 bc_g=0.001 bc_m=1.351 bc_a=1.352] path_acc 0.219 decision_acc 0.219 erank 1.2 (137.3k tok/s)
step   5600 loss 1.6011 [ntp=0.250 backchain=1.351 bc_g=0.001 bc_m=1.337 bc_a=1.364] path_acc 0.207 decision_acc 0.207 erank 1.2 (137.2k tok/s)
step   6000 loss 1.6247 [ntp=0.248 backchain=1.377 bc_g=0.006 bc_m=1.304 bc_a=1.443] path_acc 0.168 decision_acc 0.168 erank 1.2 (137.1k tok/s)
step   6400 loss 1.6644 [ntp=0.250 backchain=1.415 bc_g=0.001 bc_m=1.266 bc_a=1.562] path_acc 0.211 decision_acc 0.211 erank 1.2 (137.1k tok/s)
step   6800 loss 1.7179 [ntp=0.242 backchain=1.476 bc_g=0.000 bc_m=1.265 bc_a=1.687] path_acc 0.207 decision_acc 0.207 erank 1.2 (137.0k tok/s)
step   7200 loss 1.7598 [ntp=0.242 backchain=1.518 bc_g=0.000 bc_m=1.227 bc_a=1.807] path_acc 0.168 decision_acc 0.168 erank 1.2 (136.9k tok/s)
step   7600 loss 1.8146 [ntp=0.240 backchain=1.575 bc_g=0.000 bc_m=1.211 bc_a=1.938] path_acc 0.188 decision_acc 0.188 erank 1.2 (136.8k tok/s)
step   8000 loss 1.9071 [ntp=0.246 backchain=1.661 bc_g=0.000 bc_m=1.211 bc_a=2.111] path_acc 0.188 decision_acc 0.188 erank 1.2 (137.0k tok/s)
step   8400 loss 1.9629 [ntp=0.236 backchain=1.727 bc_g=0.000 bc_m=1.204 bc_a=2.249] path_acc 0.152 decision_acc 0.152 erank 1.2 (139.2k tok/s)
step   8800 loss 2.0326 [ntp=0.237 backchain=1.796 bc_g=0.001 bc_m=1.183 bc_a=2.408] path_acc 0.238 decision_acc 0.238 erank 1.2 (141.3k tok/s)
step   9200 loss 2.1059 [ntp=0.250 backchain=1.856 bc_g=0.000 bc_m=1.187 bc_a=2.524] path_acc 0.199 decision_acc 0.199 erank 1.1 (143.2k tok/s)
step   9600 loss 2.1579 [ntp=0.239 backchain=1.919 bc_g=0.000 bc_m=1.173 bc_a=2.664] path_acc 0.168 decision_acc 0.168 erank 1.1 (145.0k tok/s)
step  10000 loss 2.1971 [ntp=0.244 backchain=1.953 bc_g=0.000 bc_m=1.166 bc_a=2.740] path_acc 0.156 decision_acc 0.156 erank 1.1 (146.7k tok/s)
step  10400 loss 2.2205 [ntp=0.248 backchain=1.972 bc_g=0.001 bc_m=1.135 bc_a=2.809] path_acc 0.172 decision_acc 0.172 erank 1.1 (148.3k tok/s)
step  10800 loss 2.2634 [ntp=0.239 backchain=2.024 bc_g=0.001 bc_m=1.113 bc_a=2.934] path_acc 0.215 decision_acc 0.215 erank 1.1 (149.0k tok/s)
step  11200 loss 2.2962 [ntp=0.242 backchain=2.054 bc_g=0.000 bc_m=1.070 bc_a=3.038] path_acc 0.176 decision_acc 0.176 erank 1.1 (148.5k tok/s)
step  11600 loss 2.3351 [ntp=0.239 backchain=2.096 bc_g=0.000 bc_m=1.044 bc_a=3.147] path_acc 0.184 decision_acc 0.184 erank 1.1 (148.0k tok/s)
step  12000 loss 2.3835 [ntp=0.241 backchain=2.142 bc_g=0.000 bc_m=1.044 bc_a=3.240] path_acc 0.195 decision_acc 0.195 erank 1.2 (147.5k tok/s)
step  12400 loss 2.4242 [ntp=0.236 backchain=2.188 bc_g=0.000 bc_m=1.042 bc_a=3.333] path_acc 0.176 decision_acc 0.176 erank 1.2 (147.1k tok/s)
step  12800 loss 2.4485 [ntp=0.239 backchain=2.210 bc_g=0.000 bc_m=1.007 bc_a=3.412] path_acc 0.203 decision_acc 0.203 erank 1.2 (146.9k tok/s)
step  13200 loss 2.4701 [ntp=0.236 backchain=2.234 bc_g=0.000 bc_m=1.008 bc_a=3.460] path_acc 0.230 decision_acc 0.230 erank 1.2 (146.7k tok/s)
step  13600 loss 2.4749 [ntp=0.236 backchain=2.239 bc_g=0.000 bc_m=0.998 bc_a=3.480] path_acc 0.234 decision_acc 0.234 erank 1.2 (146.4k tok/s)
step  14000 loss 2.5010 [ntp=0.246 backchain=2.255 bc_g=0.000 bc_m=0.994 bc_a=3.517] path_acc 0.188 decision_acc 0.188 erank 1.2 (146.3k tok/s)
step  14400 loss 2.4729 [ntp=0.237 backchain=2.236 bc_g=0.000 bc_m=0.968 bc_a=3.504] path_acc 0.203 decision_acc 0.203 erank 1.1 (146.3k tok/s)
step  14800 loss 2.4955 [ntp=0.240 backchain=2.255 bc_g=0.001 bc_m=0.983 bc_a=3.526] path_acc 0.246 decision_acc 0.246 erank 1.2 (146.3k tok/s)
step  15200 loss 2.4608 [ntp=0.237 backchain=2.223 bc_g=0.000 bc_m=0.923 bc_a=3.524] path_acc 0.164 decision_acc 0.164 erank 1.2 (146.2k tok/s)
step  15600 loss 2.4686 [ntp=0.238 backchain=2.231 bc_g=0.000 bc_m=0.925 bc_a=3.536] path_acc 0.246 decision_acc 0.246 erank 1.1 (146.0k tok/s)
step  16000 loss 2.4795 [ntp=0.250 backchain=2.230 bc_g=0.000 bc_m=0.916 bc_a=3.543] path_acc 0.234 decision_acc 0.234 erank 1.1 (146.6k tok/s)
step  16400 loss 2.4731 [ntp=0.239 backchain=2.234 bc_g=0.000 bc_m=0.913 bc_a=3.554] path_acc 0.234 decision_acc 0.234 erank 1.1 (146.4k tok/s)
step  16800 loss 2.4605 [ntp=0.241 backchain=2.220 bc_g=0.000 bc_m=0.871 bc_a=3.569] path_acc 0.172 decision_acc 0.172 erank 1.1 (146.2k tok/s)
step  17200 loss 2.4329 [ntp=0.238 backchain=2.195 bc_g=0.000 bc_m=0.850 bc_a=3.541] path_acc 0.246 decision_acc 0.246 erank 1.1 (146.0k tok/s)
step  17600 loss 2.4011 [ntp=0.239 backchain=2.162 bc_g=0.000 bc_m=0.831 bc_a=3.492] path_acc 0.266 decision_acc 0.266 erank 1.1 (145.8k tok/s)
step  18000 loss 2.3744 [ntp=0.239 backchain=2.135 bc_g=0.000 bc_m=0.843 bc_a=3.428] path_acc 0.207 decision_acc 0.207 erank 1.1 (145.9k tok/s)
step  18400 loss 2.3605 [ntp=0.237 backchain=2.123 bc_g=0.000 bc_m=0.813 bc_a=3.434] path_acc 0.273 decision_acc 0.273 erank 1.1 (146.0k tok/s)
step  18800 loss 2.2618 [ntp=0.141 backchain=2.121 bc_g=0.000 bc_m=0.843 bc_a=3.399] path_acc 0.684 decision_acc 0.684 erank 1.2 (145.9k tok/s)
