[32mActivated conda/uv virtual environment at [36m/venv/main[0m
[abl_sg_tl_seed0] device=cuda params=4.74M vocab=56 seq_len=87
step    200 loss 2.2237 [ntp=2.224] path_acc 0.000 decision_acc 0.035 erank 3.5 (226.7k tok/s)
step    400 loss 2.0789 [ntp=2.079] path_acc 0.000 decision_acc 0.059 erank 14.6 (239.2k tok/s)
step    600 loss 1.9854 [ntp=1.985] path_acc 0.000 decision_acc 0.035 erank 27.4 (241.9k tok/s)
step    800 loss 1.9307 [ntp=1.931] path_acc 0.000 decision_acc 0.035 erank 32.9 (243.5k tok/s)
step   1000 loss 1.8781 [ntp=1.878] path_acc 0.000 decision_acc 0.062 erank 36.1 (244.3k tok/s)
step   1200 loss 1.8788 [ntp=1.879] path_acc 0.000 decision_acc 0.043 erank 35.2 (247.2k tok/s)
step   1400 loss 1.8573 [ntp=1.857] path_acc 0.000 decision_acc 0.059 erank 37.6 (247.6k tok/s)
step   1600 loss 1.8481 [ntp=1.848] path_acc 0.000 decision_acc 0.047 erank 39.6 (247.7k tok/s)
step   1800 loss 1.8302 [ntp=1.830] path_acc 0.000 decision_acc 0.039 erank 41.5 (247.7k tok/s)
step   2000 loss 1.8295 [ntp=1.829] path_acc 0.000 decision_acc 0.051 erank 41.6 (248.7k tok/s)
step   2200 loss 1.8010 [ntp=1.801] path_acc 0.000 decision_acc 0.055 erank 39.8 (249.5k tok/s)
step   2400 loss 1.8021 [ntp=1.802] path_acc 0.000 decision_acc 0.051 erank 41.2 (251.9k tok/s)
step   2600 loss 1.7913 [ntp=1.791] path_acc 0.000 decision_acc 0.062 erank 40.7 (252.3k tok/s)
step   2800 loss 1.7863 [ntp=1.786] path_acc 0.000 decision_acc 0.051 erank 41.4 (252.5k tok/s)
step   3000 loss 1.7833 [ntp=1.783] path_acc 0.000 decision_acc 0.023 erank 41.4 (252.4k tok/s)
step   3200 loss 1.7626 [ntp=1.763] path_acc 0.000 decision_acc 0.062 erank 42.0 (252.5k tok/s)
step   3400 loss 1.7737 [ntp=1.774] path_acc 0.000 decision_acc 0.039 erank 41.7 (252.5k tok/s)
step   3600 loss 1.7833 [ntp=1.783] path_acc 0.000 decision_acc 0.035 erank 41.6 (252.5k tok/s)
step   3800 loss 1.7815 [ntp=1.782] path_acc 0.000 decision_acc 0.062 erank 42.0 (252.4k tok/s)
step   4000 loss 1.7667 [ntp=1.767] path_acc 0.000 decision_acc 0.047 erank 41.7 (252.4k tok/s)
SUMMARY {"run": "abl_sg_tl_seed0", "config": "configs/ablation/abl_sg_tl.yaml", "device": "cuda", "params": 4736512, "steps": 4000, "final": {"path_acc": 0.0, "decision_acc": 0.046875}, "best": {"path_acc": 0.0, "decision_acc": 0.0625}, "eranks": {"erank_0": 26.79, "erank_1": 10.46, "erank_2": 26.36, "erank_3": 34.04, "erank_4": 40.2, "erank_5": 40.8, "erank_6": 41.68}, "wall_s": 176.5}
[abl_sg_tl_seed1] device=cuda params=4.74M vocab=56 seq_len=87
step    200 loss 2.2330 [ntp=2.233] path_acc 0.000 decision_acc 0.023 erank 4.3 (235.8k tok/s)
step    400 loss 2.0950 [ntp=2.095] path_acc 0.000 decision_acc 0.043 erank 13.9 (260.4k tok/s)
step    600 loss 1.9873 [ntp=1.987] path_acc 0.000 decision_acc 0.035 erank 29.5 (278.3k tok/s)
step    800 loss 1.9219 [ntp=1.922] path_acc 0.000 decision_acc 0.031 erank 38.5 (291.6k tok/s)
step   1000 loss 1.8835 [ntp=1.883] path_acc 0.000 decision_acc 0.051 erank 39.9 (297.6k tok/s)
step   1200 loss 1.8709 [ntp=1.871] path_acc 0.000 decision_acc 0.062 erank 40.1 (306.2k tok/s)
step   1400 loss 1.8606 [ntp=1.861] path_acc 0.000 decision_acc 0.047 erank 40.6 (308.9k tok/s)
step   1600 loss 1.8471 [ntp=1.847] path_acc 0.000 decision_acc 0.062 erank 40.9 (312.8k tok/s)
step   1800 loss 1.8215 [ntp=1.822] path_acc 0.000 decision_acc 0.043 erank 40.8 (314.3k tok/s)
step   2000 loss 1.8207 [ntp=1.821] path_acc 0.000 decision_acc 0.074 erank 41.4 (317.7k tok/s)
step   2200 loss 1.8269 [ntp=1.827] path_acc 0.000 decision_acc 0.070 erank 41.8 (316.7k tok/s)
step   2400 loss 1.8035 [ntp=1.804] path_acc 0.000 decision_acc 0.031 erank 43.0 (314.2k tok/s)
step   2600 loss 1.8106 [ntp=1.811] path_acc 0.000 decision_acc 0.043 erank 42.4 (308.7k tok/s)
step   2800 loss 1.8024 [ntp=1.802] path_acc 0.000 decision_acc 0.047 erank 42.9 (303.3k tok/s)
step   3000 loss 1.7780 [ntp=1.778] path_acc 0.000 decision_acc 0.070 erank 42.6 (299.7k tok/s)
step   3200 loss 1.7889 [ntp=1.789] path_acc 0.000 decision_acc 0.062 erank 41.9 (296.6k tok/s)
step   3400 loss 1.7763 [ntp=1.776] path_acc 0.000 decision_acc 0.059 erank 42.6 (293.2k tok/s)
step   3600 loss 1.7716 [ntp=1.772] path_acc 0.000 decision_acc 0.043 erank 42.7 (290.7k tok/s)
step   3800 loss 1.7751 [ntp=1.775] path_acc 0.000 decision_acc 0.051 erank 42.8 (288.3k tok/s)
step   4000 loss 1.7752 [ntp=1.775] path_acc 0.000 decision_acc 0.035 erank 42.5 (286.9k tok/s)
SUMMARY {"run": "abl_sg_tl_seed1", "config": "configs/ablation/abl_sg_tl.yaml", "device": "cuda", "params": 4736512, "steps": 4000, "final": {"path_acc": 0.0, "decision_acc": 0.03515625}, "best": {"path_acc": 0.0, "decision_acc": 0.07421875}, "eranks": {"erank_0": 31.32, "erank_1": 13.74, "erank_2": 21.49, "erank_3": 31.72, "erank_4": 38.06, "erank_5": 43.5, "erank_6": 42.52}, "wall_s": 155.3}
[abl_sg_tl_seed2] device=cuda params=4.74M vocab=56 seq_len=87
step    200 loss 2.2083 [ntp=2.208] path_acc 0.000 decision_acc 0.039 erank 4.0 (230.3k tok/s)
step    400 loss 2.0491 [ntp=2.049] path_acc 0.000 decision_acc 0.039 erank 18.3 (240.2k tok/s)
step    600 loss 2.0031 [ntp=2.003] path_acc 0.000 decision_acc 0.035 erank 32.2 (243.7k tok/s)
step    800 loss 1.9077 [ntp=1.908] path_acc 0.000 decision_acc 0.051 erank 34.9 (247.1k tok/s)
step   1000 loss 1.8909 [ntp=1.891] path_acc 0.000 decision_acc 0.023 erank 39.0 (249.0k tok/s)
step   1200 loss 1.8704 [ntp=1.870] path_acc 0.000 decision_acc 0.047 erank 38.2 (250.5k tok/s)
step   1400 loss 1.8521 [ntp=1.852] path_acc 0.000 decision_acc 0.031 erank 39.7 (251.5k tok/s)
step   1600 loss 1.8321 [ntp=1.832] path_acc 0.000 decision_acc 0.059 erank 39.7 (252.2k tok/s)
step   1800 loss 1.8293 [ntp=1.829] path_acc 0.000 decision_acc 0.051 erank 41.9 (252.8k tok/s)
step   2000 loss 1.8315 [ntp=1.832] path_acc 0.000 decision_acc 0.047 erank 41.1 (253.2k tok/s)
step   2200 loss 1.7937 [ntp=1.794] path_acc 0.000 decision_acc 0.059 erank 41.8 (253.6k tok/s)
step   2400 loss 1.7998 [ntp=1.800] path_acc 0.000 decision_acc 0.051 erank 42.9 (253.8k tok/s)
step   2600 loss 1.7975 [ntp=1.798] path_acc 0.000 decision_acc 0.055 erank 42.1 (254.1k tok/s)
step   2800 loss 1.7902 [ntp=1.790] path_acc 0.000 decision_acc 0.074 erank 42.4 (254.4k tok/s)
step   3000 loss 1.7898 [ntp=1.790] path_acc 0.000 decision_acc 0.020 erank 42.4 (254.6k tok/s)
step   3200 loss 1.7728 [ntp=1.773] path_acc 0.000 decision_acc 0.066 erank 41.9 (254.7k tok/s)
step   3400 loss 1.7733 [ntp=1.773] path_acc 0.000 decision_acc 0.055 erank 42.1 (254.9k tok/s)
step   3600 loss 1.7720 [ntp=1.772] path_acc 0.000 decision_acc 0.051 erank 42.5 (255.0k tok/s)
step   3800 loss 1.7733 [ntp=1.773] path_acc 0.000 decision_acc 0.047 erank 42.8 (255.1k tok/s)
step   4000 loss 1.7835 [ntp=1.783] path_acc 0.000 decision_acc 0.047 erank 42.7 (255.2k tok/s)
SUMMARY {"run": "abl_sg_tl_seed2", "config": "configs/ablation/abl_sg_tl.yaml", "device": "cuda", "params": 4736512, "steps": 4000, "final": {"path_acc": 0.0, "decision_acc": 0.046875}, "best": {"path_acc": 0.0, "decision_acc": 0.07421875}, "eranks": {"erank_0": 29.29, "erank_1": 8.91, "erank_2": 22.12, "erank_3": 31.5, "erank_4": 38.77, "erank_5": 40.7, "erank_6": 42.66}, "wall_s": 174.5}
[abl_sg_belief_seed0] device=cuda params=5.00M vocab=56 seq_len=87
step    200 loss 3.6869 [ntp=2.271 belief=1.416] path_acc 0.000 decision_acc 0.020 erank 1.9 (173.9k tok/s)
step    400 loss 3.4464 [ntp=2.133 belief=1.313] path_acc 0.000 decision_acc 0.051 erank 2.8 (180.3k tok/s)
step    600 loss 3.2606 [ntp=1.979 belief=1.282] path_acc 0.000 decision_acc 0.059 erank 3.0 (182.3k tok/s)
step    800 loss 3.2502 [ntp=1.984 belief=1.266] path_acc 0.000 decision_acc 0.031 erank 3.1 (184.9k tok/s)
step   1000 loss 3.2185 [ntp=1.959 belief=1.260] path_acc 0.000 decision_acc 0.031 erank 2.6 (186.5k tok/s)
step   1200 loss 3.1900 [ntp=1.941 belief=1.249] path_acc 0.000 decision_acc 0.062 erank 2.5 (187.6k tok/s)
step   1400 loss 3.1222 [ntp=1.891 belief=1.231] path_acc 0.000 decision_acc 0.062 erank 2.1 (183.0k tok/s)
step   1600 loss 3.0717 [ntp=1.853 belief=1.218] path_acc 0.000 decision_acc 0.059 erank 2.1 (178.1k tok/s)
step   1800 loss 3.0498 [ntp=1.832 belief=1.217] path_acc 0.000 decision_acc 0.062 erank 2.2 (175.6k tok/s)
step   2000 loss 3.0572 [ntp=1.843 belief=1.214] path_acc 0.000 decision_acc 0.043 erank 2.5 (176.7k tok/s)
step   2200 loss 3.0471 [ntp=1.835 belief=1.212] path_acc 0.000 decision_acc 0.043 erank 2.6 (176.4k tok/s)
step   2400 loss 3.0200 [ntp=1.810 belief=1.210] path_acc 0.000 decision_acc 0.027 erank 2.7 (176.8k tok/s)
step   2600 loss 3.0168 [ntp=1.809 belief=1.208] path_acc 0.000 decision_acc 0.047 erank 2.4 (177.4k tok/s)
step   2800 loss 3.0107 [ntp=1.803 belief=1.207] path_acc 0.000 decision_acc 0.059 erank 2.5 (178.3k tok/s)
step   3000 loss 2.9996 [ntp=1.795 belief=1.205] path_acc 0.000 decision_acc 0.055 erank 2.4 (179.6k tok/s)
step   3200 loss 2.9845 [ntp=1.783 belief=1.202] path_acc 0.000 decision_acc 0.043 erank 2.4 (180.4k tok/s)
step   3400 loss 2.9754 [ntp=1.775 belief=1.200] path_acc 0.000 decision_acc 0.031 erank 2.4 (181.2k tok/s)
step   3600 loss 2.9690 [ntp=1.769 belief=1.200] path_acc 0.000 decision_acc 0.047 erank 2.5 (181.1k tok/s)
step   3800 loss 2.9647 [ntp=1.766 belief=1.199] path_acc 0.000 decision_acc 0.066 erank 2.4 (179.2k tok/s)
step   4000 loss 2.9584 [ntp=1.762 belief=1.196] path_acc 0.000 decision_acc 0.078 erank 2.5 (177.5k tok/s)
SUMMARY {"run": "abl_sg_belief_seed0", "config": "configs/ablation/abl_sg_belief.yaml", "device": "cuda", "params": 4998656, "steps": 4000, "final": {"path_acc": 0.0, "decision_acc": 0.078125}, "best": {"path_acc": 0.0, "decision_acc": 0.078125}, "eranks": {"erank_0": 28.3, "erank_1": 21.37, "erank_2": 1.73, "erank_3": 1.73, "erank_4": 1.82, "erank_5": 2.09, "erank_6": 2.47}, "wall_s": 250.9}
[abl_sg_belief_seed1] device=cuda params=5.00M vocab=56 seq_len=87
step    200 loss 3.7085 [ntp=2.279 belief=1.429] path_acc 0.000 decision_acc 0.035 erank 2.1 (155.6k tok/s)
step    400 loss 3.4775 [ntp=2.123 belief=1.355] path_acc 0.000 decision_acc 0.039 erank 2.7 (161.1k tok/s)
step    600 loss 3.3544 [ntp=2.041 belief=1.313] path_acc 0.000 decision_acc 0.043 erank 2.3 (152.9k tok/s)
step    800 loss 3.2940 [ntp=2.006 belief=1.288] path_acc 0.000 decision_acc 0.047 erank 2.2 (147.9k tok/s)
step   1000 loss 3.2357 [ntp=1.974 belief=1.262] path_acc 0.000 decision_acc 0.043 erank 2.3 (144.9k tok/s)
step   1200 loss 3.1810 [ntp=1.941 belief=1.240] path_acc 0.000 decision_acc 0.031 erank 2.3 (142.6k tok/s)
step   1400 loss 3.1455 [ntp=1.914 belief=1.231] path_acc 0.000 decision_acc 0.039 erank 2.3 (140.9k tok/s)
step   1600 loss 1.7917 [ntp=0.556 belief=1.236] path_acc 0.121 decision_acc 0.141 erank 2.3 (139.6k tok/s)
step   1800 loss 1.7152 [ntp=0.484 belief=1.231] path_acc 0.117 decision_acc 0.137 erank 2.2 (138.6k tok/s)
step   2000 loss 1.6372 [ntp=0.409 belief=1.228] path_acc 0.188 decision_acc 0.199 erank 2.8 (137.9k tok/s)
step   2200 loss 1.6003 [ntp=0.375 belief=1.225] path_acc 0.191 decision_acc 0.191 erank 3.0 (137.3k tok/s)
step   2400 loss 1.5325 [ntp=0.309 belief=1.223] path_acc 0.227 decision_acc 0.227 erank 2.7 (136.8k tok/s)
step   2600 loss 1.5268 [ntp=0.306 belief=1.221] path_acc 0.211 decision_acc 0.211 erank 2.6 (136.3k tok/s)
step   2800 loss 1.5069 [ntp=0.288 belief=1.219] path_acc 0.195 decision_acc 0.195 erank 2.4 (135.9k tok/s)
step   3000 loss 1.4977 [ntp=0.279 belief=1.219] path_acc 0.219 decision_acc 0.219 erank 2.4 (135.6k tok/s)
step   3200 loss 1.4834 [ntp=0.266 belief=1.218] path_acc 0.188 decision_acc 0.188 erank 2.2 (135.4k tok/s)
step   3400 loss 1.4745 [ntp=0.259 belief=1.215] path_acc 0.188 decision_acc 0.188 erank 2.5 (135.2k tok/s)
step   3600 loss 1.4691 [ntp=0.256 belief=1.213] path_acc 0.223 decision_acc 0.223 erank 2.4 (135.0k tok/s)
step   3800 loss 1.4475 [ntp=0.249 belief=1.198] path_acc 0.207 decision_acc 0.207 erank 2.4 (134.8k tok/s)
step   4000 loss 1.4149 [ntp=0.258 belief=1.156] path_acc 0.215 decision_acc 0.215 erank 2.4 (134.6k tok/s)
SUMMARY {"run": "abl_sg_belief_seed1", "config": "configs/ablation/abl_sg_belief.yaml", "device": "cuda", "params": 4998656, "steps": 4000, "final": {"path_acc": 0.21484375, "decision_acc": 0.21484375}, "best": {"path_acc": 0.2265625, "decision_acc": 0.2265625}, "eranks": {"erank_0": 25.4, "erank_1": 26.07, "erank_2": 5.98, "erank_3": 3.18, "erank_4": 2.48, "erank_5": 2.2, "erank_6": 2.44}, "wall_s": 331.0}
