[32mActivated conda/uv virtual environment at [36m/venv/main[0m
[abl_sg_belief_seed0] device=cuda params=5.00M vocab=56 seq_len=87
step    200 loss 3.7031 [ntp=2.277 belief=1.426] path_acc 0.000 decision_acc 0.039 erank 2.1 (128.7k tok/s)
step    400 loss 3.4844 [ntp=2.177 belief=1.307] path_acc 0.000 decision_acc 0.035 erank 2.4 (132.2k tok/s)
step    600 loss 3.3442 [ntp=2.062 belief=1.282] path_acc 0.000 decision_acc 0.035 erank 2.8 (133.6k tok/s)
step    800 loss 3.2738 [ntp=2.012 belief=1.262] path_acc 0.000 decision_acc 0.043 erank 2.5 (133.6k tok/s)
step   1000 loss 3.2439 [ntp=1.994 belief=1.250] path_acc 0.000 decision_acc 0.055 erank 2.7 (133.0k tok/s)
step   1200 loss 3.1883 [ntp=1.942 belief=1.246] path_acc 0.000 decision_acc 0.062 erank 2.6 (132.7k tok/s)
step   1400 loss 3.1532 [ntp=1.918 belief=1.235] path_acc 0.000 decision_acc 0.043 erank 2.5 (132.5k tok/s)
step   1600 loss 3.1014 [ntp=1.875 belief=1.227] path_acc 0.000 decision_acc 0.047 erank 2.3 (132.4k tok/s)
step   1800 loss 3.0838 [ntp=1.859 belief=1.225] path_acc 0.000 decision_acc 0.074 erank 2.4 (132.2k tok/s)
step   2000 loss 3.0697 [ntp=1.848 belief=1.222] path_acc 0.000 decision_acc 0.066 erank 2.5 (132.2k tok/s)
step   2200 loss 3.0722 [ntp=1.854 belief=1.219] path_acc 0.000 decision_acc 0.055 erank 2.4 (132.1k tok/s)
step   2400 loss 3.0555 [ntp=1.837 belief=1.218] path_acc 0.000 decision_acc 0.051 erank 2.3 (132.0k tok/s)
step   2600 loss 3.0299 [ntp=1.813 belief=1.217] path_acc 0.000 decision_acc 0.059 erank 2.3 (131.9k tok/s)
step   2800 loss 3.0235 [ntp=1.810 belief=1.214] path_acc 0.000 decision_acc 0.031 erank 2.3 (131.8k tok/s)
step   3000 loss 2.9933 [ntp=1.780 belief=1.213] path_acc 0.000 decision_acc 0.035 erank 2.2 (131.8k tok/s)
step   3200 loss 2.9893 [ntp=1.780 belief=1.209] path_acc 0.000 decision_acc 0.035 erank 2.3 (131.7k tok/s)
step   3400 loss 2.9862 [ntp=1.778 belief=1.208] path_acc 0.000 decision_acc 0.039 erank 2.3 (131.7k tok/s)
step   3600 loss 2.9823 [ntp=1.774 belief=1.208] path_acc 0.000 decision_acc 0.051 erank 2.3 (131.6k tok/s)
step   3800 loss 2.9847 [ntp=1.777 belief=1.207] path_acc 0.000 decision_acc 0.031 erank 2.3 (132.4k tok/s)
step   4000 loss 2.9886 [ntp=1.782 belief=1.207] path_acc 0.000 decision_acc 0.055 erank 2.3 (132.4k tok/s)
SUMMARY {"run": "abl_sg_belief_seed0", "config": "configs/ablation/abl_sg_belief.yaml", "device": "cuda", "params": 4998656, "steps": 4000, "final": {"path_acc": 0.0, "decision_acc": 0.0546875}, "best": {"path_acc": 0.0, "decision_acc": 0.07421875}, "eranks": {"erank_0": 28.86, "erank_1": 27.04, "erank_2": 2.69, "erank_3": 1.91, "erank_4": 1.88, "erank_5": 2.03, "erank_6": 2.27}, "wall_s": 336.4}
[abl_sg_belief_seed1] device=cuda params=5.00M vocab=56 seq_len=87
step    200 loss 3.7119 [ntp=2.284 belief=1.428] path_acc 0.000 decision_acc 0.035 erank 2.2 (137.9k tok/s)
step    400 loss 3.4940 [ntp=2.146 belief=1.348] path_acc 0.000 decision_acc 0.027 erank 3.0 (141.8k tok/s)
step    600 loss 3.3451 [ntp=2.046 belief=1.299] path_acc 0.000 decision_acc 0.051 erank 3.3 (146.7k tok/s)
step    800 loss 3.2976 [ntp=2.013 belief=1.284] path_acc 0.000 decision_acc 0.043 erank 2.9 (147.3k tok/s)
step   1000 loss 3.2176 [ntp=1.958 belief=1.260] path_acc 0.000 decision_acc 0.031 erank 2.4 (149.0k tok/s)
step   1200 loss 3.1887 [ntp=1.947 belief=1.242] path_acc 0.000 decision_acc 0.023 erank 1.8 (149.1k tok/s)
step   1400 loss 3.1635 [ntp=1.932 belief=1.231] path_acc 0.000 decision_acc 0.055 erank 1.5 (148.3k tok/s)
step   1600 loss 3.1022 [ntp=1.875 belief=1.228] path_acc 0.000 decision_acc 0.043 erank 1.6 (148.5k tok/s)
step   1800 loss 3.0847 [ntp=1.858 belief=1.227] path_acc 0.000 decision_acc 0.027 erank 1.5 (148.6k tok/s)
step   2000 loss 1.8631 [ntp=0.629 belief=1.235] path_acc 0.156 decision_acc 0.160 erank 1.4 (148.7k tok/s)
step   2200 loss 1.6812 [ntp=0.452 belief=1.230] path_acc 0.188 decision_acc 0.199 erank 1.4 (148.8k tok/s)
step   2400 loss 1.6040 [ntp=0.378 belief=1.226] path_acc 0.191 decision_acc 0.199 erank 1.4 (148.9k tok/s)
step   2600 loss 1.6101 [ntp=0.383 belief=1.227] path_acc 0.191 decision_acc 0.195 erank 1.5 (148.9k tok/s)
step   2800 loss 1.5801 [ntp=0.355 belief=1.225] path_acc 0.184 decision_acc 0.188 erank 1.5 (149.0k tok/s)
step   3000 loss 1.5676 [ntp=0.342 belief=1.226] path_acc 0.215 decision_acc 0.215 erank 1.4 (149.0k tok/s)
step   3200 loss 1.5313 [ntp=0.307 belief=1.224] path_acc 0.184 decision_acc 0.184 erank 1.5 (149.0k tok/s)
step   3400 loss 1.5321 [ntp=0.308 belief=1.224] path_acc 0.191 decision_acc 0.191 erank 1.5 (149.0k tok/s)
step   3600 loss 1.5330 [ntp=0.309 belief=1.224] path_acc 0.199 decision_acc 0.199 erank 1.5 (149.1k tok/s)
step   3800 loss 1.5150 [ntp=0.292 belief=1.223] path_acc 0.188 decision_acc 0.188 erank 1.5 (149.1k tok/s)
step   4000 loss 1.4894 [ntp=0.266 belief=1.223] path_acc 0.148 decision_acc 0.148 erank 1.6 (149.1k tok/s)
SUMMARY {"run": "abl_sg_belief_seed1", "config": "configs/ablation/abl_sg_belief.yaml", "device": "cuda", "params": 4998656, "steps": 4000, "final": {"path_acc": 0.1484375, "decision_acc": 0.1484375}, "best": {"path_acc": 0.21484375, "decision_acc": 0.21484375}, "eranks": {"erank_0": 24.09, "erank_1": 17.11, "erank_2": 1.35, "erank_3": 1.23, "erank_4": 1.22, "erank_5": 1.23, "erank_6": 1.59}, "wall_s": 298.8}
[abl_sg_belief_seed2] device=cuda params=5.00M vocab=56 seq_len=87
step    200 loss 3.7164 [ntp=2.296 belief=1.420] path_acc 0.000 decision_acc 0.031 erank 3.4 (138.1k tok/s)
step    400 loss 3.5000 [ntp=2.172 belief=1.328] path_acc 0.000 decision_acc 0.047 erank 10.8 (141.8k tok/s)
step    600 loss 3.4032 [ntp=2.097 belief=1.307] path_acc 0.000 decision_acc 0.039 erank 21.0 (143.1k tok/s)
step    800 loss 3.2817 [ntp=2.010 belief=1.272] path_acc 0.000 decision_acc 0.047 erank 23.5 (143.8k tok/s)
step   1000 loss 3.2550 [ntp=2.000 belief=1.255] path_acc 0.000 decision_acc 0.078 erank 11.8 (144.2k tok/s)
step   1200 loss 1.6632 [ntp=0.414 belief=1.249] path_acc 0.152 decision_acc 0.156 erank 6.9 (144.6k tok/s)
step   1400 loss 1.5839 [ntp=0.351 belief=1.233] path_acc 0.180 decision_acc 0.184 erank 7.3 (144.8k tok/s)
step   1600 loss 1.5308 [ntp=0.317 belief=1.214] path_acc 0.211 decision_acc 0.211 erank 5.2 (145.0k tok/s)
step   1800 loss 1.4959 [ntp=0.299 belief=1.197] path_acc 0.172 decision_acc 0.180 erank 5.0 (145.1k tok/s)
step   2000 loss 1.4873 [ntp=0.298 belief=1.190] path_acc 0.195 decision_acc 0.199 erank 4.5 (145.1k tok/s)
step   2200 loss 1.4778 [ntp=0.292 belief=1.186] path_acc 0.203 decision_acc 0.203 erank 4.1 (145.2k tok/s)
step   2400 loss 1.4548 [ntp=0.271 belief=1.183] path_acc 0.211 decision_acc 0.211 erank 3.7 (145.2k tok/s)
step   2600 loss 1.4358 [ntp=0.257 belief=1.179] path_acc 0.160 decision_acc 0.160 erank 3.6 (145.8k tok/s)
step   2800 loss 1.4085 [ntp=0.253 belief=1.156] path_acc 0.188 decision_acc 0.188 erank 3.5 (146.0k tok/s)
step   3000 loss 1.3949 [ntp=0.245 belief=1.149] path_acc 0.180 decision_acc 0.180 erank 3.7 (145.4k tok/s)
step   3200 loss 1.3871 [ntp=0.251 belief=1.136] path_acc 0.176 decision_acc 0.176 erank 3.1 (145.6k tok/s)
step   3400 loss 1.3783 [ntp=0.248 belief=1.130] path_acc 0.188 decision_acc 0.188 erank 3.5 (145.8k tok/s)
step   3600 loss 1.3605 [ntp=0.235 belief=1.125] path_acc 0.164 decision_acc 0.164 erank 3.5 (146.2k tok/s)
step   3800 loss 1.3572 [ntp=0.237 belief=1.120] path_acc 0.164 decision_acc 0.164 erank 3.0 (146.2k tok/s)
step   4000 loss 1.3599 [ntp=0.244 belief=1.116] path_acc 0.176 decision_acc 0.176 erank 3.4 (145.7k tok/s)
SUMMARY {"run": "abl_sg_belief_seed2", "config": "configs/ablation/abl_sg_belief.yaml", "device": "cuda", "params": 4998656, "steps": 4000, "final": {"path_acc": 0.17578125, "decision_acc": 0.17578125}, "best": {"path_acc": 0.2109375, "decision_acc": 0.2109375}, "eranks": {"erank_0": 29.58, "erank_1": 23.52, "erank_2": 12.79, "erank_3": 2.41, "erank_4": 2.29, "erank_5": 2.04, "erank_6": 3.37}, "wall_s": 305.7}
[abl_sg_belief_ctl_seed0] device=cuda params=5.00M vocab=56 seq_len=87
step    200 loss 3.5373 [ntp=2.234 belief=1.303] path_acc 0.000 decision_acc 0.027 erank 2.9 (144.5k tok/s)
step    400 loss 3.3081 [ntp=2.065 belief=1.243] path_acc 0.000 decision_acc 0.047 erank 3.5 (172.5k tok/s)
step    600 loss 3.2411 [ntp=2.007 belief=1.234] path_acc 0.000 decision_acc 0.031 erank 4.0 (173.6k tok/s)
step    800 loss 3.2488 [ntp=2.018 belief=1.231] path_acc 0.000 decision_acc 0.035 erank 2.8 (168.6k tok/s)
step   1000 loss 3.2122 [ntp=1.986 belief=1.226] path_acc 0.000 decision_acc 0.055 erank 3.0 (165.7k tok/s)
step   1200 loss 3.1826 [ntp=1.958 belief=1.225] path_acc 0.000 decision_acc 0.020 erank 2.6 (165.8k tok/s)
step   1400 loss 3.2016 [ntp=1.979 belief=1.223] path_acc 0.000 decision_acc 0.059 erank 2.3 (166.9k tok/s)
step   1600 loss 3.1415 [ntp=1.921 belief=1.221] path_acc 0.000 decision_acc 0.047 erank 2.3 (165.2k tok/s)
step   1800 loss 3.0751 [ntp=1.857 belief=1.218] path_acc 0.000 decision_acc 0.051 erank 2.6 (163.9k tok/s)
step   2000 loss 1.7100 [ntp=0.484 belief=1.226] path_acc 0.168 decision_acc 0.184 erank 3.1 (162.7k tok/s)
step   2200 loss 1.6260 [ntp=0.403 belief=1.223] path_acc 0.164 decision_acc 0.172 erank 3.3 (161.9k tok/s)
step   2400 loss 1.5876 [ntp=0.367 belief=1.221] path_acc 0.160 decision_acc 0.164 erank 2.3 (161.0k tok/s)
step   2600 loss 1.5312 [ntp=0.320 belief=1.211] path_acc 0.191 decision_acc 0.191 erank 2.6 (160.4k tok/s)
step   2800 loss 1.4241 [ntp=0.314 belief=1.110] path_acc 0.195 decision_acc 0.195 erank 2.7 (159.5k tok/s)
step   3000 loss 1.3679 [ntp=0.297 belief=1.071] path_acc 0.223 decision_acc 0.223 erank 2.7 (159.1k tok/s)
step   3200 loss 1.3380 [ntp=0.280 belief=1.058] path_acc 0.215 decision_acc 0.215 erank 2.9 (158.8k tok/s)
step   3400 loss 1.3225 [ntp=0.276 belief=1.047] path_acc 0.215 decision_acc 0.215 erank 3.4 (158.5k tok/s)
step   3600 loss 1.3005 [ntp=0.262 belief=1.038] path_acc 0.188 decision_acc 0.188 erank 2.7 (158.2k tok/s)
step   3800 loss 1.2956 [ntp=0.265 belief=1.031] path_acc 0.215 decision_acc 0.215 erank 2.9 (158.0k tok/s)
step   4000 loss 1.2770 [ntp=0.261 belief=1.016] path_acc 0.238 decision_acc 0.238 erank 2.9 (157.8k tok/s)
SUMMARY {"run": "abl_sg_belief_ctl_seed0", "config": "configs/ablation/abl_sg_belief_ctl.yaml", "device": "cuda", "params": 4998656, "steps": 4000, "final": {"path_acc": 0.23828125, "decision_acc": 0.23828125}, "best": {"path_acc": 0.23828125, "decision_acc": 0.23828125}, "eranks": {"erank_0": 23.96, "erank_1": 15.29, "erank_2": 5.43, "erank_3": 2.57, "erank_4": 2.13, "erank_5": 1.66, "erank_6": 2.94}, "wall_s": 282.3}
[abl_sg_belief_ctl_seed1] device=cuda params=5.00M vocab=56 seq_len=87
step    200 loss 3.6191 [ntp=2.293 belief=1.327] path_acc 0.000 decision_acc 0.035 erank 2.6 (145.0k tok/s)
step    400 loss 3.4420 [ntp=2.176 belief=1.266] path_acc 0.000 decision_acc 0.023 erank 2.1 (161.5k tok/s)
step    600 loss 3.3305 [ntp=2.090 belief=1.241] path_acc 0.000 decision_acc 0.035 erank 2.1 (165.5k tok/s)
step    800 loss 3.2925 [ntp=2.058 belief=1.235] path_acc 0.000 decision_acc 0.051 erank 2.5 (168.3k tok/s)
step   1000 loss 3.2064 [ntp=1.975 belief=1.232] path_acc 0.000 decision_acc 0.047 erank 2.5 (170.5k tok/s)
step   1200 loss 3.1699 [ntp=1.941 belief=1.229] path_acc 0.000 decision_acc 0.039 erank 2.5 (170.9k tok/s)
step   1400 loss 3.1348 [ntp=1.909 belief=1.225] path_acc 0.000 decision_acc 0.035 erank 2.5 (168.4k tok/s)
step   1600 loss 3.1143 [ntp=1.890 belief=1.224] path_acc 0.000 decision_acc 0.059 erank 2.6 (166.6k tok/s)
step   1800 loss 3.0847 [ntp=1.862 belief=1.223] path_acc 0.000 decision_acc 0.039 erank 2.6 (165.3k tok/s)
step   2000 loss 3.0655 [ntp=1.846 belief=1.219] path_acc 0.000 decision_acc 0.035 erank 2.6 (164.2k tok/s)
step   2200 loss 3.0309 [ntp=1.813 belief=1.218] path_acc 0.000 decision_acc 0.062 erank 2.7 (163.2k tok/s)
step   2400 loss 3.0178 [ntp=1.801 belief=1.216] path_acc 0.000 decision_acc 0.031 erank 2.5 (162.5k tok/s)
step   2600 loss 3.0252 [ntp=1.809 belief=1.216] path_acc 0.000 decision_acc 0.078 erank 2.6 (161.9k tok/s)
step   2800 loss 2.9928 [ntp=1.779 belief=1.214] path_acc 0.000 decision_acc 0.035 erank 2.4 (161.5k tok/s)
step   3000 loss 2.9608 [ntp=1.748 belief=1.213] path_acc 0.000 decision_acc 0.039 erank 2.2 (161.0k tok/s)
step   3200 loss 2.9710 [ntp=1.759 belief=1.212] path_acc 0.000 decision_acc 0.051 erank 2.4 (160.2k tok/s)
step   3400 loss 2.9535 [ntp=1.742 belief=1.212] path_acc 0.000 decision_acc 0.043 erank 2.2 (159.9k tok/s)
step   3600 loss 2.9639 [ntp=1.753 belief=1.211] path_acc 0.000 decision_acc 0.035 erank 2.2 (159.6k tok/s)
step   3800 loss 2.9510 [ntp=1.741 belief=1.210] path_acc 0.000 decision_acc 0.031 erank 2.3 (159.4k tok/s)
step   4000 loss 2.9439 [ntp=1.734 belief=1.210] path_acc 0.000 decision_acc 0.066 erank 2.4 (159.2k tok/s)
SUMMARY {"run": "abl_sg_belief_ctl_seed1", "config": "configs/ablation/abl_sg_belief_ctl.yaml", "device": "cuda", "params": 4998656, "steps": 4000, "final": {"path_acc": 0.0, "decision_acc": 0.06640625}, "best": {"path_acc": 0.0, "decision_acc": 0.078125}, "eranks": {"erank_0": 29.09, "erank_1": 33.18, "erank_2": 2.23, "erank_3": 1.93, "erank_4": 1.81, "erank_5": 1.84, "erank_6": 2.43}, "wall_s": 279.9}
[abl_sg_belief_ctl_seed2] device=cuda params=5.00M vocab=56 seq_len=87
step    200 loss 3.6158 [ntp=2.290 belief=1.326] path_acc 0.000 decision_acc 0.031 erank 2.2 (141.9k tok/s)
step    400 loss 3.4276 [ntp=2.157 belief=1.270] path_acc 0.000 decision_acc 0.055 erank 12.7 (145.5k tok/s)
step    600 loss 3.3341 [ntp=2.081 belief=1.253] path_acc 0.000 decision_acc 0.039 erank 7.8 (146.8k tok/s)
step    800 loss 3.2702 [ntp=2.033 belief=1.237] path_acc 0.000 decision_acc 0.039 erank 4.0 (147.3k tok/s)
step   1000 loss 3.2468 [ntp=2.017 belief=1.230] path_acc 0.000 decision_acc 0.051 erank 2.2 (147.7k tok/s)
step   1200 loss 3.2171 [ntp=1.987 belief=1.230] path_acc 0.000 decision_acc 0.035 erank 2.2 (147.9k tok/s)
step   1400 loss 3.1704 [ntp=1.943 belief=1.227] path_acc 0.000 decision_acc 0.035 erank 1.7 (148.1k tok/s)
step   1600 loss 3.1275 [ntp=1.903 belief=1.224] path_acc 0.000 decision_acc 0.055 erank 1.8 (148.3k tok/s)
step   1800 loss 1.7414 [ntp=0.518 belief=1.223] path_acc 0.141 decision_acc 0.168 erank 3.6 (148.4k tok/s)
step   2000 loss 1.6077 [ntp=0.401 belief=1.207] path_acc 0.195 decision_acc 0.203 erank 4.7 (148.5k tok/s)
step   2200 loss 1.5042 [ntp=0.335 belief=1.170] path_acc 0.191 decision_acc 0.191 erank 4.1 (148.6k tok/s)
step   2400 loss 1.4630 [ntp=0.317 belief=1.146] path_acc 0.160 decision_acc 0.160 erank 3.8 (148.8k tok/s)
step   2600 loss 1.4284 [ntp=0.294 belief=1.134] path_acc 0.234 decision_acc 0.234 erank 4.5 (148.2k tok/s)
step   2800 loss 1.4032 [ntp=0.290 belief=1.113] path_acc 0.176 decision_acc 0.176 erank 3.8 (148.6k tok/s)
step   3000 loss 1.3430 [ntp=0.259 belief=1.084] path_acc 0.148 decision_acc 0.148 erank 3.8 (148.9k tok/s)
step   3200 loss 1.3398 [ntp=0.267 belief=1.072] path_acc 0.195 decision_acc 0.195 erank 3.4 (149.2k tok/s)
step   3400 loss 1.3208 [ntp=0.262 belief=1.059] path_acc 0.141 decision_acc 0.141 erank 3.5 (149.5k tok/s)
step   3600 loss 1.3076 [ntp=0.255 belief=1.052] path_acc 0.160 decision_acc 0.160 erank 4.0 (148.9k tok/s)
step   3800 loss 1.3011 [ntp=0.251 belief=1.050] path_acc 0.164 decision_acc 0.164 erank 3.0 (149.1k tok/s)
step   4000 loss 1.2916 [ntp=0.248 belief=1.043] path_acc 0.176 decision_acc 0.176 erank 3.5 (149.4k tok/s)
SUMMARY {"run": "abl_sg_belief_ctl_seed2", "config": "configs/ablation/abl_sg_belief_ctl.yaml", "device": "cuda", "params": 4998656, "steps": 4000, "final": {"path_acc": 0.17578125, "decision_acc": 0.17578125}, "best": {"path_acc": 0.234375, "decision_acc": 0.234375}, "eranks": {"erank_0": 28.87, "erank_1": 20.59, "erank_2": 15.09, "erank_3": 2.84, "erank_4": 2.11, "erank_5": 1.81, "erank_6": 3.54}, "wall_s": 298.2}
[abl_sg_tl_belief_seed0] device=cuda params=5.00M vocab=56 seq_len=87
step    200 loss 3.5817 [ntp=2.198 belief=1.383] path_acc 0.000 decision_acc 0.039 erank 4.5 (138.0k tok/s)
step    400 loss 3.3929 [ntp=2.065 belief=1.327] path_acc 0.000 decision_acc 0.039 erank 2.9 (143.1k tok/s)
step    600 loss 3.3336 [ntp=2.021 belief=1.312] path_acc 0.000 decision_acc 0.066 erank 3.0 (151.6k tok/s)
step    800 loss 3.3025 [ntp=2.025 belief=1.277] path_acc 0.000 decision_acc 0.051 erank 3.7 (152.5k tok/s)
step   1000 loss 3.2280 [ntp=1.976 belief=1.252] path_acc 0.000 decision_acc 0.059 erank 3.2 (152.0k tok/s)
step   1200 loss 3.2119 [ntp=1.972 belief=1.240] path_acc 0.000 decision_acc 0.051 erank 2.5 (151.6k tok/s)
step   1400 loss 3.1809 [ntp=1.947 belief=1.234] path_acc 0.000 decision_acc 0.055 erank 2.0 (153.4k tok/s)
step   1600 loss 3.1363 [ntp=1.906 belief=1.230] path_acc 0.000 decision_acc 0.055 erank 2.7 (158.0k tok/s)
step   1800 loss 3.1235 [ntp=1.895 belief=1.229] path_acc 0.000 decision_acc 0.059 erank 2.0 (159.2k tok/s)
step   2000 loss 3.0794 [ntp=1.852 belief=1.227] path_acc 0.000 decision_acc 0.070 erank 2.1 (160.6k tok/s)
step   2200 loss 3.0866 [ntp=1.860 belief=1.227] path_acc 0.000 decision_acc 0.055 erank 2.0 (161.8k tok/s)
step   2400 loss 3.0339 [ntp=1.809 belief=1.225] path_acc 0.000 decision_acc 0.047 erank 2.1 (163.0k tok/s)
step   2600 loss 3.0557 [ntp=1.831 belief=1.225] path_acc 0.000 decision_acc 0.051 erank 2.4 (166.7k tok/s)
step   2800 loss 3.0276 [ntp=1.804 belief=1.223] path_acc 0.000 decision_acc 0.051 erank 2.1 (167.8k tok/s)
step   3000 loss 3.0116 [ntp=1.790 belief=1.222] path_acc 0.000 decision_acc 0.062 erank 2.0 (170.8k tok/s)
step   3200 loss 3.0091 [ntp=1.790 belief=1.219] path_acc 0.000 decision_acc 0.070 erank 2.2 (172.9k tok/s)
step   3400 loss 2.9973 [ntp=1.783 belief=1.215] path_acc 0.000 decision_acc 0.043 erank 2.1 (175.4k tok/s)
step   3600 loss 2.9870 [ntp=1.776 belief=1.211] path_acc 0.000 decision_acc 0.039 erank 2.2 (176.3k tok/s)
step   3800 loss 2.9841 [ntp=1.781 belief=1.203] path_acc 0.000 decision_acc 0.070 erank 2.1 (176.7k tok/s)
step   4000 loss 2.9570 [ntp=1.762 belief=1.195] path_acc 0.000 decision_acc 0.051 erank 2.2 (177.0k tok/s)
SUMMARY {"run": "abl_sg_tl_belief_seed0", "config": "configs/ablation/abl_sg_tl_belief.yaml", "device": "cuda", "params": 4998656, "steps": 4000, "final": {"path_acc": 0.0, "decision_acc": 0.05078125}, "best": {"path_acc": 0.0, "decision_acc": 0.0703125}, "eranks": {"erank_0": 30.66, "erank_1": 12.49, "erank_2": 2.41, "erank_3": 2.36, "erank_4": 2.04, "erank_5": 1.73, "erank_6": 2.24}, "wall_s": 251.6}
[abl_sg_tl_belief_seed1] device=cuda params=5.00M vocab=56 seq_len=87
step    200 loss 3.6501 [ntp=2.244 belief=1.406] path_acc 0.000 decision_acc 0.035 erank 4.5 (137.2k tok/s)
step    400 loss 3.4380 [ntp=2.107 belief=1.331] path_acc 0.000 decision_acc 0.031 erank 9.5 (141.2k tok/s)
step    600 loss 3.3677 [ntp=2.048 belief=1.319] path_acc 0.000 decision_acc 0.035 erank 9.3 (142.6k tok/s)
step    800 loss 3.2926 [ntp=1.992 belief=1.301] path_acc 0.000 decision_acc 0.047 erank 4.7 (143.5k tok/s)
step   1000 loss 3.2809 [ntp=1.994 belief=1.286] path_acc 0.000 decision_acc 0.062 erank 4.1 (143.9k tok/s)
step   1200 loss 3.2528 [ntp=1.978 belief=1.275] path_acc 0.000 decision_acc 0.059 erank 2.8 (144.2k tok/s)
step   1400 loss 3.1883 [ntp=1.924 belief=1.264] path_acc 0.000 decision_acc 0.047 erank 2.5 (144.4k tok/s)
step   1600 loss 3.1812 [ntp=1.925 belief=1.256] path_acc 0.000 decision_acc 0.035 erank 2.2 (144.6k tok/s)
step   1800 loss 3.1549 [ntp=1.903 belief=1.252] path_acc 0.000 decision_acc 0.023 erank 2.2 (144.7k tok/s)
step   2000 loss 3.1351 [ntp=1.897 belief=1.239] path_acc 0.000 decision_acc 0.059 erank 1.9 (144.8k tok/s)
step   2200 loss 3.0819 [ntp=1.860 belief=1.222] path_acc 0.000 decision_acc 0.062 erank 1.8 (144.9k tok/s)
step   2400 loss 3.0396 [ntp=1.837 belief=1.203] path_acc 0.000 decision_acc 0.051 erank 2.0 (144.9k tok/s)
step   2600 loss 3.0185 [ntp=1.830 belief=1.189] path_acc 0.000 decision_acc 0.043 erank 2.0 (145.0k tok/s)
step   2800 loss 2.9993 [ntp=1.820 belief=1.179] path_acc 0.000 decision_acc 0.031 erank 2.4 (145.1k tok/s)
step   3000 loss 2.9671 [ntp=1.798 belief=1.170] path_acc 0.000 decision_acc 0.059 erank 2.6 (145.1k tok/s)
step   3200 loss 2.9693 [ntp=1.806 belief=1.163] path_acc 0.000 decision_acc 0.035 erank 2.5 (145.2k tok/s)
step   3400 loss 2.9460 [ntp=1.790 belief=1.156] path_acc 0.000 decision_acc 0.055 erank 2.9 (148.3k tok/s)
step   3600 loss 2.9587 [ntp=1.810 belief=1.149] path_acc 0.000 decision_acc 0.047 erank 2.9 (151.2k tok/s)
step   3800 loss 2.9154 [ntp=1.784 belief=1.132] path_acc 0.000 decision_acc 0.031 erank 3.1 (153.9k tok/s)
step   4000 loss 2.9117 [ntp=1.790 belief=1.122] path_acc 0.000 decision_acc 0.043 erank 3.2 (156.4k tok/s)
SUMMARY {"run": "abl_sg_tl_belief_seed1", "config": "configs/ablation/abl_sg_tl_belief.yaml", "device": "cuda", "params": 4998656, "steps": 4000, "final": {"path_acc": 0.0, "decision_acc": 0.04296875}, "best": {"path_acc": 0.0, "decision_acc": 0.0625}, "eranks": {"erank_0": 30.12, "erank_1": 15.66, "erank_2": 2.78, "erank_3": 1.85, "erank_4": 1.55, "erank_5": 1.56, "erank_6": 3.23}, "wall_s": 284.8}
[abl_sg_tl_belief_seed2] device=cuda params=5.00M vocab=56 seq_len=87
step    200 loss 3.5827 [ntp=2.207 belief=1.375] path_acc 0.000 decision_acc 0.043 erank 4.9 (138.0k tok/s)
step    400 loss 3.4130 [ntp=2.095 belief=1.318] path_acc 0.000 decision_acc 0.070 erank 4.2 (142.0k tok/s)
step    600 loss 3.3485 [ntp=2.042 belief=1.306] path_acc 0.000 decision_acc 0.074 erank 3.4 (143.4k tok/s)
step    800 loss 3.2610 [ntp=1.986 belief=1.275] path_acc 0.000 decision_acc 0.047 erank 2.4 (144.0k tok/s)
step   1000 loss 3.2889 [ntp=2.033 belief=1.256] path_acc 0.000 decision_acc 0.070 erank 2.0 (144.7k tok/s)
step   1200 loss 3.2011 [ntp=1.957 belief=1.244] path_acc 0.000 decision_acc 0.047 erank 1.6 (145.1k tok/s)
step   1400 loss 3.1871 [ntp=1.949 belief=1.238] path_acc 0.000 decision_acc 0.031 erank 1.5 (145.3k tok/s)
step   1600 loss 3.1608 [ntp=1.928 belief=1.233] path_acc 0.000 decision_acc 0.066 erank 1.5 (145.9k tok/s)
step   1800 loss 3.1612 [ntp=1.932 belief=1.230] path_acc 0.000 decision_acc 0.031 erank 1.4 (146.3k tok/s)
step   2000 loss 3.1385 [ntp=1.915 belief=1.223] path_acc 0.000 decision_acc 0.051 erank 1.3 (146.7k tok/s)
step   2200 loss 3.0784 [ntp=1.865 belief=1.213] path_acc 0.000 decision_acc 0.055 erank 1.3 (147.0k tok/s)
step   2400 loss 3.0884 [ntp=1.893 belief=1.196] path_acc 0.000 decision_acc 0.047 erank 1.2 (147.2k tok/s)
step   2600 loss 3.0703 [ntp=1.888 belief=1.182] path_acc 0.000 decision_acc 0.043 erank 1.2 (147.4k tok/s)
step   2800 loss 3.0332 [ntp=1.858 belief=1.176] path_acc 0.000 decision_acc 0.062 erank 1.3 (147.6k tok/s)
step   3000 loss 3.0007 [ntp=1.834 belief=1.167] path_acc 0.000 decision_acc 0.074 erank 1.2 (147.7k tok/s)
step   3200 loss 3.0021 [ntp=1.842 belief=1.160] path_acc 0.000 decision_acc 0.059 erank 1.3 (147.8k tok/s)
step   3400 loss 2.9791 [ntp=1.825 belief=1.154] path_acc 0.000 decision_acc 0.066 erank 1.2 (147.9k tok/s)
step   3600 loss 2.9840 [ntp=1.832 belief=1.152] path_acc 0.000 decision_acc 0.082 erank 1.2 (148.0k tok/s)
step   3800 loss 2.9799 [ntp=1.829 belief=1.150] path_acc 0.000 decision_acc 0.090 erank 1.2 (148.1k tok/s)
step   4000 loss 2.9757 [ntp=1.827 belief=1.149] path_acc 0.000 decision_acc 0.055 erank 1.2 (148.2k tok/s)
SUMMARY {"run": "abl_sg_tl_belief_seed2", "config": "configs/ablation/abl_sg_tl_belief.yaml", "device": "cuda", "params": 4998656, "steps": 4000, "final": {"path_acc": 0.0, "decision_acc": 0.0546875}, "best": {"path_acc": 0.0, "decision_acc": 0.08984375}, "eranks": {"erank_0": 29.4, "erank_1": 21.95, "erank_2": 2.14, "erank_3": 1.52, "erank_4": 1.29, "erank_5": 1.18, "erank_6": 1.23}, "wall_s": 300.5}
R8B ALL DONE
