[32mActivated conda/uv virtual environment at [36m/venv/main[0m
[abl_sg_bc_seed0] device=cuda params=5.10M vocab=56 seq_len=87
step    200 loss 5.4305 [ntp=2.215 backchain=3.216 bc_g=2.601 bc_m=3.678 bc_a=0.152] path_acc 0.000 decision_acc 0.035 erank 13.3 (159.0k tok/s)
step    400 loss 4.9944 [ntp=2.073 backchain=2.922 bc_g=2.440 bc_m=3.244 bc_a=0.159] path_acc 0.000 decision_acc 0.039 erank 9.0 (177.7k tok/s)
step    600 loss 4.7357 [ntp=1.987 backchain=2.748 bc_g=2.316 bc_m=3.020 bc_a=0.161] path_acc 0.000 decision_acc 0.066 erank 4.6 (185.6k tok/s)
step    800 loss 4.5731 [ntp=1.928 backchain=2.645 bc_g=2.246 bc_m=2.905 bc_a=0.140] path_acc 0.000 decision_acc 0.074 erank 2.8 (189.9k tok/s)
step   1000 loss 4.5091 [ntp=1.907 backchain=2.602 bc_g=2.225 bc_m=2.858 bc_a=0.122] path_acc 0.000 decision_acc 0.031 erank 1.9 (192.4k tok/s)
step   1200 loss 4.4320 [ntp=1.876 backchain=2.556 bc_g=2.186 bc_m=2.807 bc_a=0.119] path_acc 0.000 decision_acc 0.035 erank 1.6 (194.1k tok/s)
step   1400 loss 4.1864 [ntp=1.707 backchain=2.480 bc_g=2.006 bc_m=2.830 bc_a=0.124] path_acc 0.004 decision_acc 0.121 erank 1.5 (195.4k tok/s)
step   1600 loss 1.9204 [ntp=0.425 backchain=1.495 bc_g=0.028 bc_m=2.851 bc_a=0.111] path_acc 0.172 decision_acc 0.180 erank 2.9 (196.4k tok/s)
step   1800 loss 1.7998 [ntp=0.358 backchain=1.442 bc_g=0.014 bc_m=2.767 bc_a=0.103] path_acc 0.230 decision_acc 0.230 erank 2.3 (197.0k tok/s)
step   2000 loss 1.7165 [ntp=0.333 backchain=1.384 bc_g=0.010 bc_m=2.666 bc_a=0.092] path_acc 0.207 decision_acc 0.207 erank 2.0 (197.7k tok/s)
step   2200 loss 1.6026 [ntp=0.328 backchain=1.275 bc_g=0.008 bc_m=2.450 bc_a=0.091] path_acc 0.184 decision_acc 0.184 erank 1.8 (198.3k tok/s)
step   2400 loss 1.4349 [ntp=0.322 backchain=1.113 bc_g=0.002 bc_m=2.127 bc_a=0.098] path_acc 0.156 decision_acc 0.156 erank 1.9 (198.7k tok/s)
step   2600 loss 1.3550 [ntp=0.287 backchain=1.068 bc_g=0.002 bc_m=2.030 bc_a=0.104] path_acc 0.160 decision_acc 0.160 erank 1.7 (199.0k tok/s)
step   2800 loss 1.2825 [ntp=0.273 backchain=1.009 bc_g=0.007 bc_m=1.905 bc_a=0.107] path_acc 0.141 decision_acc 0.141 erank 1.7 (195.3k tok/s)
step   3000 loss 1.1980 [ntp=0.267 backchain=0.931 bc_g=0.002 bc_m=1.750 bc_a=0.110] path_acc 0.188 decision_acc 0.188 erank 1.7 (195.8k tok/s)
step   3200 loss 1.1506 [ntp=0.260 backchain=0.891 bc_g=0.001 bc_m=1.671 bc_a=0.110] path_acc 0.234 decision_acc 0.234 erank 1.8 (196.2k tok/s)
step   3400 loss 1.1278 [ntp=0.257 backchain=0.871 bc_g=0.001 bc_m=1.635 bc_a=0.105] path_acc 0.223 decision_acc 0.223 erank 1.7 (196.6k tok/s)
step   3600 loss 1.0867 [ntp=0.240 backchain=0.846 bc_g=0.001 bc_m=1.589 bc_a=0.103] path_acc 0.203 decision_acc 0.203 erank 1.7 (196.8k tok/s)
step   3800 loss 1.0893 [ntp=0.249 backchain=0.840 bc_g=0.001 bc_m=1.581 bc_a=0.098] path_acc 0.242 decision_acc 0.242 erank 1.6 (197.2k tok/s)
step   4000 loss 1.0696 [ntp=0.243 backchain=0.827 bc_g=0.001 bc_m=1.556 bc_a=0.097] path_acc 0.234 decision_acc 0.234 erank 1.6 (197.5k tok/s)
SUMMARY {"run": "abl_sg_bc_seed0", "config": "configs/ablation/abl_sg_bc.yaml", "device": "cuda", "params": 5099008, "steps": 4000, "final": {"path_acc": 0.234375, "decision_acc": 0.234375}, "best": {"path_acc": 0.2421875, "decision_acc": 0.2421875}, "eranks": {"erank_0": 38.62, "erank_1": 3.95, "erank_2": 1.36, "erank_3": 1.18, "erank_4": 1.3, "erank_5": 1.38, "erank_6": 1.6}, "wall_s": 225.5}
[abl_sg_bc_seed1] device=cuda params=5.10M vocab=56 seq_len=87
step    200 loss 5.4133 [ntp=2.211 backchain=3.202 bc_g=2.577 bc_m=3.707 bc_a=0.120] path_acc 0.000 decision_acc 0.055 erank 14.0 (128.7k tok/s)
step    400 loss 4.9611 [ntp=2.068 backchain=2.893 bc_g=2.423 bc_m=3.241 bc_a=0.122] path_acc 0.000 decision_acc 0.047 erank 4.4 (134.6k tok/s)
step    600 loss 4.6904 [ntp=1.967 backchain=2.723 bc_g=2.300 bc_m=3.017 bc_a=0.129] path_acc 0.000 decision_acc 0.051 erank 3.6 (134.0k tok/s)
step    800 loss 4.5733 [ntp=1.928 backchain=2.645 bc_g=2.254 bc_m=2.918 bc_a=0.118] path_acc 0.000 decision_acc 0.047 erank 2.9 (133.9k tok/s)
step   1000 loss 4.3980 [ntp=1.852 backchain=2.546 bc_g=2.173 bc_m=2.810 bc_a=0.108] path_acc 0.000 decision_acc 0.055 erank 2.0 (134.7k tok/s)
step   1200 loss 4.3688 [ntp=1.851 backchain=2.518 bc_g=2.159 bc_m=2.779 bc_a=0.097] path_acc 0.000 decision_acc 0.055 erank 1.7 (135.2k tok/s)
step   1400 loss 4.3233 [ntp=1.832 backchain=2.491 bc_g=2.144 bc_m=2.744 bc_a=0.095] path_acc 0.000 decision_acc 0.039 erank 1.5 (135.2k tok/s)
step   1600 loss 4.2581 [ntp=1.800 backchain=2.458 bc_g=2.110 bc_m=2.713 bc_a=0.093] path_acc 0.000 decision_acc 0.039 erank 1.3 (137.9k tok/s)
step   1800 loss 4.1871 [ntp=1.772 backchain=2.415 bc_g=2.084 bc_m=2.654 bc_a=0.093] path_acc 0.000 decision_acc 0.039 erank 1.2 (141.6k tok/s)
step   2000 loss 4.2274 [ntp=1.798 backchain=2.429 bc_g=2.098 bc_m=2.670 bc_a=0.090] path_acc 0.000 decision_acc 0.055 erank 1.2 (144.8k tok/s)
step   2200 loss 4.1403 [ntp=1.763 backchain=2.378 bc_g=2.045 bc_m=2.618 bc_a=0.092] path_acc 0.000 decision_acc 0.070 erank 1.2 (148.5k tok/s)
step   2400 loss 4.0772 [ntp=1.729 backchain=2.348 bc_g=2.018 bc_m=2.588 bc_a=0.089] path_acc 0.000 decision_acc 0.066 erank 1.2 (151.9k tok/s)
step   2600 loss 4.0644 [ntp=1.726 backchain=2.339 bc_g=2.012 bc_m=2.578 bc_a=0.087] path_acc 0.000 decision_acc 0.062 erank 1.2 (155.0k tok/s)
step   2800 loss 3.9899 [ntp=1.692 backchain=2.298 bc_g=1.950 bc_m=2.559 bc_a=0.088] path_acc 0.000 decision_acc 0.082 erank 1.1 (157.6k tok/s)
step   3000 loss 2.9447 [ntp=1.046 backchain=1.899 bc_g=0.957 bc_m=2.710 bc_a=0.131] path_acc 0.027 decision_acc 0.141 erank 1.1 (156.8k tok/s)
step   3200 loss 1.9058 [ntp=0.440 backchain=1.466 bc_g=0.148 bc_m=2.678 bc_a=0.107] path_acc 0.180 decision_acc 0.191 erank 1.1 (155.4k tok/s)
step   3400 loss 1.8184 [ntp=0.397 backchain=1.422 bc_g=0.111 bc_m=2.636 bc_a=0.096] path_acc 0.145 decision_acc 0.156 erank 1.1 (154.1k tok/s)
step   3600 loss 1.7720 [ntp=0.394 backchain=1.378 bc_g=0.058 bc_m=2.609 bc_a=0.088] path_acc 0.160 decision_acc 0.168 erank 1.1 (154.3k tok/s)
step   3800 loss 1.7306 [ntp=0.370 backchain=1.361 bc_g=0.050 bc_m=2.582 bc_a=0.091] path_acc 0.168 decision_acc 0.172 erank 1.1 (156.3k tok/s)
step   4000 loss 1.7161 [ntp=0.348 backchain=1.368 bc_g=0.065 bc_m=2.577 bc_a=0.094] path_acc 0.156 decision_acc 0.160 erank 1.1 (158.1k tok/s)
SUMMARY {"run": "abl_sg_bc_seed1", "config": "configs/ablation/abl_sg_bc.yaml", "device": "cuda", "params": 5099008, "steps": 4000, "final": {"path_acc": 0.15625, "decision_acc": 0.16015625}, "best": {"path_acc": 0.1796875, "decision_acc": 0.19140625}, "eranks": {"erank_0": 38.39, "erank_1": 4.34, "erank_2": 1.4, "erank_3": 1.07, "erank_4": 1.06, "erank_5": 1.07, "erank_6": 1.07}, "wall_s": 281.8}
[abl_sg_bc_seed2] device=cuda params=5.10M vocab=56 seq_len=87
step    200 loss 5.4372 [ntp=2.225 backchain=3.212 bc_g=2.591 bc_m=3.712 bc_a=0.121] path_acc 0.000 decision_acc 0.039 erank 15.0 (151.2k tok/s)
step    400 loss 4.9499 [ntp=2.048 backchain=2.902 bc_g=2.416 bc_m=3.280 bc_a=0.108] path_acc 0.000 decision_acc 0.055 erank 3.5 (146.3k tok/s)
step    600 loss 4.7616 [ntp=2.008 backchain=2.754 bc_g=2.342 bc_m=3.057 bc_a=0.110] path_acc 0.000 decision_acc 0.035 erank 2.1 (142.1k tok/s)
step    800 loss 4.5577 [ntp=1.919 backchain=2.638 bc_g=2.245 bc_m=2.928 bc_a=0.103] path_acc 0.000 decision_acc 0.043 erank 1.7 (139.2k tok/s)
step   1000 loss 4.5192 [ntp=1.910 backchain=2.609 bc_g=2.233 bc_m=2.885 bc_a=0.100] path_acc 0.000 decision_acc 0.051 erank 1.5 (137.7k tok/s)
step   1200 loss 4.4028 [ntp=1.867 backchain=2.536 bc_g=2.163 bc_m=2.812 bc_a=0.096] path_acc 0.000 decision_acc 0.066 erank 1.4 (136.5k tok/s)
step   1400 loss 4.3346 [ntp=1.833 backchain=2.502 bc_g=2.143 bc_m=2.767 bc_a=0.093] path_acc 0.000 decision_acc 0.043 erank 1.3 (135.8k tok/s)
step   1600 loss 2.3687 [ntp=0.578 backchain=1.791 bc_g=0.487 bc_m=2.966 bc_a=0.129] path_acc 0.129 decision_acc 0.207 erank 1.4 (135.2k tok/s)
step   1800 loss 1.8146 [ntp=0.352 backchain=1.463 bc_g=0.020 bc_m=2.819 bc_a=0.087] path_acc 0.180 decision_acc 0.184 erank 1.3 (134.9k tok/s)
step   2000 loss 1.7255 [ntp=0.326 backchain=1.399 bc_g=0.007 bc_m=2.723 bc_a=0.069] path_acc 0.219 decision_acc 0.219 erank 1.3 (134.5k tok/s)
step   2200 loss 1.6680 [ntp=0.310 backchain=1.358 bc_g=0.006 bc_m=2.649 bc_a=0.061] path_acc 0.160 decision_acc 0.160 erank 1.2 (134.2k tok/s)
step   2400 loss 1.6449 [ntp=0.299 backchain=1.346 bc_g=0.003 bc_m=2.630 bc_a=0.058] path_acc 0.203 decision_acc 0.203 erank 1.2 (134.0k tok/s)
step   2600 loss 1.5287 [ntp=0.274 backchain=1.255 bc_g=0.000 bc_m=2.450 bc_a=0.060] path_acc 0.191 decision_acc 0.191 erank 1.2 (133.8k tok/s)
step   2800 loss 1.4101 [ntp=0.266 backchain=1.144 bc_g=0.000 bc_m=2.224 bc_a=0.064] path_acc 0.199 decision_acc 0.199 erank 1.2 (133.6k tok/s)
step   3000 loss 1.3718 [ntp=0.259 backchain=1.113 bc_g=0.000 bc_m=2.159 bc_a=0.067] path_acc 0.211 decision_acc 0.211 erank 1.2 (133.5k tok/s)
step   3200 loss 1.3706 [ntp=0.262 backchain=1.108 bc_g=0.000 bc_m=2.148 bc_a=0.068] path_acc 0.230 decision_acc 0.230 erank 1.2 (133.4k tok/s)
step   3400 loss 1.3474 [ntp=0.251 backchain=1.097 bc_g=0.000 bc_m=2.123 bc_a=0.069] path_acc 0.203 decision_acc 0.203 erank 1.2 (135.8k tok/s)
step   3600 loss 1.3218 [ntp=0.241 backchain=1.080 bc_g=0.000 bc_m=2.093 bc_a=0.067] path_acc 0.234 decision_acc 0.234 erank 1.2 (138.3k tok/s)
step   3800 loss 1.3251 [ntp=0.244 backchain=1.081 bc_g=0.000 bc_m=2.093 bc_a=0.069] path_acc 0.172 decision_acc 0.172 erank 1.2 (140.7k tok/s)
step   4000 loss 1.3171 [ntp=0.242 backchain=1.075 bc_g=0.000 bc_m=2.084 bc_a=0.065] path_acc 0.195 decision_acc 0.195 erank 1.2 (142.8k tok/s)
SUMMARY {"run": "abl_sg_bc_seed2", "config": "configs/ablation/abl_sg_bc.yaml", "device": "cuda", "params": 5099008, "steps": 4000, "final": {"path_acc": 0.1953125, "decision_acc": 0.1953125}, "best": {"path_acc": 0.234375, "decision_acc": 0.234375}, "eranks": {"erank_0": 37.96, "erank_1": 17.5, "erank_2": 1.15, "erank_3": 1.08, "erank_4": 1.07, "erank_5": 1.08, "erank_6": 1.16}, "wall_s": 311.8}
[abl_sg_bc_noalign_seed0] device=cuda params=5.10M vocab=56 seq_len=87
step    200 loss 5.3977 [ntp=2.242 backchain=3.155 bc_g=2.661 bc_m=3.649] path_acc 0.000 decision_acc 0.031 erank 17.1 (129.1k tok/s)
step    400 loss 4.9432 [ntp=2.074 backchain=2.869 bc_g=2.460 bc_m=3.279] path_acc 0.000 decision_acc 0.039 erank 8.9 (131.9k tok/s)
step    600 loss 4.6881 [ntp=2.001 backchain=2.687 bc_g=2.337 bc_m=3.036] path_acc 0.000 decision_acc 0.035 erank 4.0 (133.5k tok/s)
step    800 loss 4.5278 [ntp=1.941 backchain=2.587 bc_g=2.259 bc_m=2.914] path_acc 0.000 decision_acc 0.055 erank 2.4 (137.5k tok/s)
step   1000 loss 4.4742 [ntp=1.923 backchain=2.552 bc_g=2.244 bc_m=2.859] path_acc 0.000 decision_acc 0.027 erank 1.6 (147.5k tok/s)
step   1200 loss 4.4296 [ntp=1.902 backchain=2.527 bc_g=2.207 bc_m=2.848] path_acc 0.000 decision_acc 0.043 erank 1.5 (152.8k tok/s)
step   1400 loss 4.3486 [ntp=1.868 backchain=2.481 bc_g=2.186 bc_m=2.776] path_acc 0.000 decision_acc 0.078 erank 1.3 (158.9k tok/s)
step   1600 loss 4.2358 [ntp=1.813 backchain=2.422 bc_g=2.129 bc_m=2.716] path_acc 0.000 decision_acc 0.051 erank 1.2 (156.0k tok/s)
step   1800 loss 4.2157 [ntp=1.812 backchain=2.404 bc_g=2.117 bc_m=2.690] path_acc 0.000 decision_acc 0.074 erank 1.2 (154.4k tok/s)
step   2000 loss 4.1632 [ntp=1.790 backchain=2.373 bc_g=2.096 bc_m=2.649] path_acc 0.000 decision_acc 0.043 erank 1.2 (153.8k tok/s)
step   2200 loss 4.1263 [ntp=1.779 backchain=2.347 bc_g=2.082 bc_m=2.612] path_acc 0.000 decision_acc 0.047 erank 1.2 (154.1k tok/s)
step   2400 loss 4.0779 [ntp=1.762 backchain=2.315 bc_g=2.054 bc_m=2.577] path_acc 0.000 decision_acc 0.043 erank 1.2 (157.6k tok/s)
step   2600 loss 4.0937 [ntp=1.767 backchain=2.327 bc_g=2.072 bc_m=2.582] path_acc 0.000 decision_acc 0.051 erank 1.2 (160.8k tok/s)
step   2800 loss 4.0249 [ntp=1.740 backchain=2.285 bc_g=2.022 bc_m=2.547] path_acc 0.000 decision_acc 0.066 erank 1.2 (162.7k tok/s)
step   3000 loss 3.9993 [ntp=1.725 backchain=2.274 bc_g=2.018 bc_m=2.530] path_acc 0.000 decision_acc 0.090 erank 1.2 (161.0k tok/s)
step   3200 loss 3.5639 [ntp=1.442 backchain=2.122 bc_g=1.594 bc_m=2.651] path_acc 0.000 decision_acc 0.141 erank 1.2 (161.0k tok/s)
step   3400 loss 1.9921 [ntp=0.511 backchain=1.481 bc_g=0.212 bc_m=2.749] path_acc 0.168 decision_acc 0.195 erank 1.2 (159.8k tok/s)
step   3600 loss 1.7433 [ntp=0.379 backchain=1.364 bc_g=0.101 bc_m=2.628] path_acc 0.188 decision_acc 0.188 erank 1.2 (158.8k tok/s)
step   3800 loss 1.6699 [ntp=0.365 backchain=1.304 bc_g=0.078 bc_m=2.531] path_acc 0.191 decision_acc 0.195 erank 1.2 (157.9k tok/s)
step   4000 loss 1.5615 [ntp=0.325 backchain=1.236 bc_g=0.010 bc_m=2.462] path_acc 0.207 decision_acc 0.207 erank 1.3 (157.0k tok/s)
SUMMARY {"run": "abl_sg_bc_noalign_seed0", "config": "configs/ablation/abl_sg_bc_noalign.yaml", "device": "cuda", "params": 5099008, "steps": 4000, "final": {"path_acc": 0.20703125, "decision_acc": 0.20703125}, "best": {"path_acc": 0.20703125, "decision_acc": 0.20703125}, "eranks": {"erank_0": 40.02, "erank_1": 4.49, "erank_2": 1.25, "erank_3": 1.12, "erank_4": 1.19, "erank_5": 1.23, "erank_6": 1.3}, "wall_s": 283.7}
[abl_sg_bc_noalign_seed1] device=cuda params=5.10M vocab=56 seq_len=87
step    200 loss 5.3448 [ntp=2.209 backchain=3.136 bc_g=2.578 bc_m=3.694] path_acc 0.000 decision_acc 0.047 erank 13.7 (138.6k tok/s)
step    400 loss 4.9452 [ntp=2.066 backchain=2.880 bc_g=2.440 bc_m=3.320] path_acc 0.000 decision_acc 0.055 erank 9.1 (136.3k tok/s)
step    600 loss 4.6765 [ntp=1.978 backchain=2.699 bc_g=2.319 bc_m=3.078] path_acc 0.000 decision_acc 0.047 erank 3.7 (136.4k tok/s)
step    800 loss 4.5213 [ntp=1.914 backchain=2.607 bc_g=2.250 bc_m=2.964] path_acc 0.000 decision_acc 0.047 erank 2.4 (135.5k tok/s)
step   1000 loss 4.4349 [ntp=1.888 backchain=2.547 bc_g=2.204 bc_m=2.891] path_acc 0.000 decision_acc 0.043 erank 1.9 (134.9k tok/s)
step   1200 loss 4.3450 [ntp=1.855 backchain=2.490 bc_g=2.166 bc_m=2.814] path_acc 0.000 decision_acc 0.043 erank 1.8 (134.2k tok/s)
step   1400 loss 4.2946 [ntp=1.836 backchain=2.459 bc_g=2.143 bc_m=2.776] path_acc 0.000 decision_acc 0.020 erank 1.5 (133.7k tok/s)
step   1600 loss 4.2225 [ntp=1.802 backchain=2.420 bc_g=2.109 bc_m=2.731] path_acc 0.000 decision_acc 0.059 erank 1.5 (133.6k tok/s)
step   1800 loss 4.1643 [ntp=1.788 backchain=2.376 bc_g=2.091 bc_m=2.661] path_acc 0.000 decision_acc 0.051 erank 1.3 (133.9k tok/s)
step   2000 loss 4.2103 [ntp=1.807 backchain=2.404 bc_g=2.111 bc_m=2.696] path_acc 0.000 decision_acc 0.051 erank 1.3 (134.1k tok/s)
step   2200 loss 4.1045 [ntp=1.764 backchain=2.340 bc_g=2.053 bc_m=2.627] path_acc 0.000 decision_acc 0.066 erank 1.3 (134.0k tok/s)
step   2400 loss 4.0809 [ntp=1.758 backchain=2.323 bc_g=2.055 bc_m=2.591] path_acc 0.000 decision_acc 0.082 erank 1.3 (134.0k tok/s)
step   2600 loss 4.0644 [ntp=1.752 backchain=2.312 bc_g=2.058 bc_m=2.566] path_acc 0.000 decision_acc 0.051 erank 1.3 (135.2k tok/s)
step   2800 loss 4.0346 [ntp=1.741 backchain=2.293 bc_g=2.031 bc_m=2.555] path_acc 0.000 decision_acc 0.062 erank 1.3 (138.5k tok/s)
step   3000 loss 3.9520 [ntp=1.706 backchain=2.246 bc_g=1.995 bc_m=2.498] path_acc 0.000 decision_acc 0.047 erank 1.3 (141.5k tok/s)
step   3200 loss 3.9014 [ntp=1.679 backchain=2.222 bc_g=1.954 bc_m=2.490] path_acc 0.000 decision_acc 0.059 erank 1.3 (144.2k tok/s)
step   3400 loss 3.8499 [ntp=1.652 backchain=2.198 bc_g=1.924 bc_m=2.471] path_acc 0.000 decision_acc 0.074 erank 1.4 (146.7k tok/s)
step   3600 loss 3.8752 [ntp=1.669 backchain=2.206 bc_g=1.950 bc_m=2.462] path_acc 0.000 decision_acc 0.043 erank 1.4 (148.9k tok/s)
step   3800 loss 3.8187 [ntp=1.634 backchain=2.184 bc_g=1.890 bc_m=2.479] path_acc 0.000 decision_acc 0.082 erank 1.4 (151.0k tok/s)
step   4000 loss 3.7526 [ntp=1.611 backchain=2.142 bc_g=1.822 bc_m=2.461] path_acc 0.000 decision_acc 0.109 erank 1.4 (151.5k tok/s)
SUMMARY {"run": "abl_sg_bc_noalign_seed1", "config": "configs/ablation/abl_sg_bc_noalign.yaml", "device": "cuda", "params": 5099008, "steps": 4000, "final": {"path_acc": 0.0, "decision_acc": 0.109375}, "best": {"path_acc": 0.0, "decision_acc": 0.109375}, "eranks": {"erank_0": 40.24, "erank_1": 6.59, "erank_2": 1.64, "erank_3": 1.17, "erank_4": 1.18, "erank_5": 1.32, "erank_6": 1.44}, "wall_s": 294.1}
[abl_sg_bc_noalign_seed2] device=cuda params=5.10M vocab=56 seq_len=87
step    200 loss 5.5075 [ntp=2.327 backchain=3.181 bc_g=2.665 bc_m=3.697] path_acc 0.000 decision_acc 0.047 erank 12.0 (131.8k tok/s)
step    400 loss 4.8753 [ntp=2.054 backchain=2.821 bc_g=2.392 bc_m=3.250] path_acc 0.000 decision_acc 0.039 erank 6.3 (132.7k tok/s)
step    600 loss 4.6980 [ntp=2.007 backchain=2.691 bc_g=2.337 bc_m=3.045] path_acc 0.000 decision_acc 0.047 erank 3.3 (133.4k tok/s)
step    800 loss 4.4906 [ntp=1.915 backchain=2.576 bc_g=2.242 bc_m=2.909] path_acc 0.000 decision_acc 0.043 erank 2.4 (133.7k tok/s)
step   1000 loss 4.4461 [ntp=1.905 backchain=2.541 bc_g=2.217 bc_m=2.865] path_acc 0.000 decision_acc 0.062 erank 2.0 (134.0k tok/s)
step   1200 loss 4.3509 [ntp=1.861 backchain=2.490 bc_g=2.174 bc_m=2.807] path_acc 0.000 decision_acc 0.039 erank 1.8 (137.2k tok/s)
step   1400 loss 4.2909 [ntp=1.832 backchain=2.459 bc_g=2.150 bc_m=2.768] path_acc 0.000 decision_acc 0.047 erank 1.4 (139.8k tok/s)
step   1600 loss 4.2479 [ntp=1.830 backchain=2.418 bc_g=2.123 bc_m=2.713] path_acc 0.000 decision_acc 0.086 erank 1.3 (141.0k tok/s)
step   1800 loss 4.2310 [ntp=1.819 backchain=2.412 bc_g=2.137 bc_m=2.687] path_acc 0.000 decision_acc 0.051 erank 1.3 (144.9k tok/s)
step   2000 loss 4.1860 [ntp=1.807 backchain=2.379 bc_g=2.107 bc_m=2.651] path_acc 0.000 decision_acc 0.047 erank 1.3 (149.5k tok/s)
step   2200 loss 4.1117 [ntp=1.770 backchain=2.342 bc_g=2.066 bc_m=2.618] path_acc 0.000 decision_acc 0.051 erank 1.2 (152.3k tok/s)
step   2400 loss 4.1485 [ntp=1.793 backchain=2.355 bc_g=2.086 bc_m=2.624] path_acc 0.000 decision_acc 0.047 erank 1.2 (151.5k tok/s)
step   2600 loss 4.0701 [ntp=1.753 backchain=2.317 bc_g=2.053 bc_m=2.582] path_acc 0.000 decision_acc 0.055 erank 1.2 (150.7k tok/s)
step   2800 loss 4.0301 [ntp=1.745 backchain=2.285 bc_g=2.033 bc_m=2.537] path_acc 0.000 decision_acc 0.043 erank 1.2 (149.9k tok/s)
step   3000 loss 4.0267 [ntp=1.747 backchain=2.280 bc_g=2.046 bc_m=2.514] path_acc 0.000 decision_acc 0.059 erank 1.2 (149.1k tok/s)
step   3200 loss 3.9823 [ntp=1.730 backchain=2.252 bc_g=2.007 bc_m=2.497] path_acc 0.000 decision_acc 0.062 erank 1.2 (150.4k tok/s)
step   3400 loss 3.9414 [ntp=1.715 backchain=2.227 bc_g=1.999 bc_m=2.455] path_acc 0.000 decision_acc 0.047 erank 1.2 (150.1k tok/s)
step   3600 loss 3.9518 [ntp=1.717 backchain=2.235 bc_g=2.010 bc_m=2.459] path_acc 0.000 decision_acc 0.043 erank 1.2 (152.0k tok/s)
step   3800 loss 3.9510 [ntp=1.724 backchain=2.227 bc_g=2.007 bc_m=2.446] path_acc 0.000 decision_acc 0.062 erank 1.2 (154.1k tok/s)
step   4000 loss 3.9553 [ntp=1.719 backchain=2.237 bc_g=2.011 bc_m=2.462] path_acc 0.000 decision_acc 0.047 erank 1.2 (156.2k tok/s)
SUMMARY {"run": "abl_sg_bc_noalign_seed2", "config": "configs/ablation/abl_sg_bc_noalign.yaml", "device": "cuda", "params": 5099008, "steps": 4000, "final": {"path_acc": 0.0, "decision_acc": 0.046875}, "best": {"path_acc": 0.0, "decision_acc": 0.0859375}, "eranks": {"erank_0": 40.5, "erank_1": 8.96, "erank_2": 1.21, "erank_3": 1.09, "erank_4": 1.1, "erank_5": 1.13, "erank_6": 1.16}, "wall_s": 285.2}
[abl_sg_bc_nomtp_seed0] device=cuda params=5.10M vocab=56 seq_len=87
step    200 loss 3.6048 [ntp=2.227 backchain=1.378 bc_g=2.596 bc_a=0.160] path_acc 0.000 decision_acc 0.047 erank 6.0 (165.7k tok/s)
step    400 loss 3.4113 [ntp=2.092 backchain=1.319 bc_g=2.440 bc_a=0.198] path_acc 0.000 decision_acc 0.035 erank 10.8 (189.6k tok/s)
step    600 loss 3.2645 [ntp=2.003 backchain=1.262 bc_g=2.340 bc_a=0.184] path_acc 0.000 decision_acc 0.066 erank 18.5 (199.5k tok/s)
step    800 loss 3.1645 [ntp=1.957 backchain=1.208 bc_g=2.278 bc_a=0.138] path_acc 0.000 decision_acc 0.074 erank 18.1 (204.8k tok/s)
step   1000 loss 3.0985 [ntp=1.926 backchain=1.173 bc_g=2.226 bc_a=0.119] path_acc 0.000 decision_acc 0.055 erank 19.5 (208.3k tok/s)
step   1200 loss 3.0647 [ntp=1.901 backchain=1.164 bc_g=2.219 bc_a=0.108] path_acc 0.000 decision_acc 0.051 erank 11.0 (210.5k tok/s)
step   1400 loss 3.0017 [ntp=1.864 backchain=1.138 bc_g=2.176 bc_a=0.099] path_acc 0.000 decision_acc 0.062 erank 4.8 (212.1k tok/s)
step   1600 loss 2.9310 [ntp=1.823 backchain=1.108 bc_g=2.128 bc_a=0.087] path_acc 0.000 decision_acc 0.074 erank 4.8 (213.5k tok/s)
step   1800 loss 2.9030 [ntp=1.813 backchain=1.090 bc_g=2.095 bc_a=0.086] path_acc 0.000 decision_acc 0.086 erank 5.4 (214.5k tok/s)
step   2000 loss 1.4228 [ntp=0.754 backchain=0.669 bc_g=1.198 bc_a=0.140] path_acc 0.078 decision_acc 0.137 erank 4.2 (215.3k tok/s)
step   2200 loss 0.5246 [ntp=0.415 backchain=0.109 bc_g=0.083 bc_a=0.135] path_acc 0.191 decision_acc 0.211 erank 3.3 (215.9k tok/s)
step   2400 loss 0.4438 [ntp=0.380 backchain=0.064 bc_g=0.020 bc_a=0.109] path_acc 0.238 decision_acc 0.238 erank 3.2 (216.5k tok/s)
step   2600 loss 0.3764 [ntp=0.328 backchain=0.049 bc_g=0.006 bc_a=0.091] path_acc 0.168 decision_acc 0.168 erank 2.9 (216.9k tok/s)
step   2800 loss 0.3497 [ntp=0.308 backchain=0.041 bc_g=0.004 bc_a=0.079] path_acc 0.188 decision_acc 0.188 erank 3.2 (217.3k tok/s)
step   3000 loss 0.3471 [ntp=0.310 backchain=0.037 bc_g=0.001 bc_a=0.074] path_acc 0.234 decision_acc 0.238 erank 2.7 (217.7k tok/s)
step   3200 loss 0.3382 [ntp=0.302 backchain=0.036 bc_g=0.003 bc_a=0.069] path_acc 0.191 decision_acc 0.191 erank 3.0 (218.0k tok/s)
step   3400 loss 0.3297 [ntp=0.298 backchain=0.032 bc_g=0.003 bc_a=0.061] path_acc 0.203 decision_acc 0.203 erank 2.8 (218.3k tok/s)
step   3600 loss 0.3073 [ntp=0.279 backchain=0.028 bc_g=0.000 bc_a=0.056] path_acc 0.223 decision_acc 0.223 erank 2.8 (218.5k tok/s)
step   3800 loss 0.3065 [ntp=0.280 backchain=0.026 bc_g=0.000 bc_a=0.053] path_acc 0.219 decision_acc 0.219 erank 2.8 (218.8k tok/s)
step   4000 loss 0.3074 [ntp=0.283 backchain=0.024 bc_g=0.000 bc_a=0.048] path_acc 0.191 decision_acc 0.191 erank 2.5 (219.0k tok/s)
SUMMARY {"run": "abl_sg_bc_nomtp_seed0", "config": "configs/ablation/abl_sg_bc_nomtp.yaml", "device": "cuda", "params": 5099008, "steps": 4000, "final": {"path_acc": 0.19140625, "decision_acc": 0.19140625}, "best": {"path_acc": 0.23828125, "decision_acc": 0.23828125}, "eranks": {"erank_0": 36.8, "erank_1": 16.66, "erank_2": 2.26, "erank_3": 1.95, "erank_4": 1.92, "erank_5": 2.0, "erank_6": 2.46}, "wall_s": 203.4}
[abl_sg_bc_nomtp_seed1] device=cuda params=5.10M vocab=56 seq_len=87
step    200 loss 3.5998 [ntp=2.236 backchain=1.363 bc_g=2.604 bc_a=0.123] path_acc 0.000 decision_acc 0.027 erank 11.7 (143.0k tok/s)
step    400 loss 3.3827 [ntp=2.085 backchain=1.298 bc_g=2.447 bc_a=0.148] path_acc 0.000 decision_acc 0.051 erank 17.3 (146.3k tok/s)
step    600 loss 3.2726 [ntp=2.011 backchain=1.261 bc_g=2.348 bc_a=0.174] path_acc 0.000 decision_acc 0.043 erank 15.6 (141.9k tok/s)
step    800 loss 1.6891 [ntp=0.806 backchain=0.883 bc_g=1.538 bc_a=0.229] path_acc 0.070 decision_acc 0.129 erank 39.6 (140.3k tok/s)
step   1000 loss 0.6094 [ntp=0.450 backchain=0.159 bc_g=0.167 bc_a=0.152] path_acc 0.160 decision_acc 0.188 erank 49.2 (138.6k tok/s)
step   1200 loss 0.4944 [ntp=0.407 backchain=0.088 bc_g=0.050 bc_a=0.126] path_acc 0.203 decision_acc 0.219 erank 45.7 (137.8k tok/s)
step   1400 loss 0.5094 [ntp=0.423 backchain=0.087 bc_g=0.054 bc_a=0.120] path_acc 0.207 decision_acc 0.219 erank 48.7 (137.1k tok/s)
step   1600 loss 0.4369 [ntp=0.382 backchain=0.055 bc_g=0.015 bc_a=0.096] path_acc 0.184 decision_acc 0.184 erank 45.4 (136.8k tok/s)
step   1800 loss 0.3949 [ntp=0.355 backchain=0.040 bc_g=0.007 bc_a=0.072] path_acc 0.160 decision_acc 0.160 erank 37.2 (138.6k tok/s)
step   2000 loss 0.3658 [ntp=0.335 backchain=0.031 bc_g=0.002 bc_a=0.060] path_acc 0.188 decision_acc 0.191 erank 46.9 (144.1k tok/s)
step   2200 loss 0.3434 [ntp=0.317 backchain=0.026 bc_g=0.001 bc_a=0.052] path_acc 0.203 decision_acc 0.203 erank 50.3 (149.0k tok/s)
step   2400 loss 0.3233 [ntp=0.298 backchain=0.025 bc_g=0.000 bc_a=0.050] path_acc 0.180 decision_acc 0.180 erank 41.0 (153.4k tok/s)
step   2600 loss 0.3051 [ntp=0.280 backchain=0.025 bc_g=0.000 bc_a=0.051] path_acc 0.188 decision_acc 0.188 erank 29.2 (157.3k tok/s)
step   2800 loss 0.3069 [ntp=0.282 backchain=0.025 bc_g=0.000 bc_a=0.050] path_acc 0.219 decision_acc 0.219 erank 35.1 (160.8k tok/s)
step   3000 loss 0.3023 [ntp=0.278 backchain=0.025 bc_g=0.000 bc_a=0.049] path_acc 0.188 decision_acc 0.188 erank 35.2 (163.8k tok/s)
step   3200 loss 0.2897 [ntp=0.264 backchain=0.025 bc_g=0.001 bc_a=0.050] path_acc 0.164 decision_acc 0.164 erank 33.4 (166.6k tok/s)
step   3400 loss 0.2861 [ntp=0.261 backchain=0.025 bc_g=0.000 bc_a=0.051] path_acc 0.188 decision_acc 0.188 erank 33.0 (169.2k tok/s)
step   3600 loss 0.2830 [ntp=0.258 backchain=0.025 bc_g=0.000 bc_a=0.050] path_acc 0.215 decision_acc 0.215 erank 35.5 (168.5k tok/s)
step   3800 loss 0.2843 [ntp=0.260 backchain=0.025 bc_g=0.000 bc_a=0.049] path_acc 0.223 decision_acc 0.223 erank 34.4 (167.3k tok/s)
step   4000 loss 0.2762 [ntp=0.251 backchain=0.025 bc_g=0.000 bc_a=0.051] path_acc 0.211 decision_acc 0.211 erank 30.6 (169.3k tok/s)
SUMMARY {"run": "abl_sg_bc_nomtp_seed1", "config": "configs/ablation/abl_sg_bc_nomtp.yaml", "device": "cuda", "params": 5099008, "steps": 4000, "final": {"path_acc": 0.2109375, "decision_acc": 0.2109375}, "best": {"path_acc": 0.22265625, "decision_acc": 0.22265625}, "eranks": {"erank_0": 32.81, "erank_1": 16.57, "erank_2": 8.62, "erank_3": 12.74, "erank_4": 10.93, "erank_5": 11.96, "erank_6": 30.59}, "wall_s": 263.0}
[abl_sg_bc_nomtp_seed2] device=cuda params=5.10M vocab=56 seq_len=87
step    200 loss 4.0324 [ntp=2.636 backchain=1.396 bc_g=2.677 bc_a=0.115] path_acc 0.000 decision_acc 0.039 erank 10.0 (133.7k tok/s)
step    400 loss 3.4355 [ntp=2.125 backchain=1.310 bc_g=2.481 bc_a=0.140] path_acc 0.000 decision_acc 0.039 erank 18.3 (135.9k tok/s)
step    600 loss 3.3437 [ntp=2.067 backchain=1.277 bc_g=2.400 bc_a=0.154] path_acc 0.000 decision_acc 0.082 erank 22.0 (136.3k tok/s)
step    800 loss 3.1946 [ntp=1.968 backchain=1.227 bc_g=2.300 bc_a=0.154] path_acc 0.000 decision_acc 0.055 erank 17.0 (143.8k tok/s)
step   1000 loss 3.1019 [ntp=1.912 backchain=1.190 bc_g=2.231 bc_a=0.148] path_acc 0.000 decision_acc 0.039 erank 14.1 (154.4k tok/s)
step   1200 loss 3.0189 [ntp=1.864 backchain=1.155 bc_g=2.170 bc_a=0.141] path_acc 0.000 decision_acc 0.070 erank 8.9 (154.9k tok/s)
step   1400 loss 3.0455 [ntp=1.882 backchain=1.163 bc_g=2.206 bc_a=0.121] path_acc 0.000 decision_acc 0.062 erank 7.8 (155.0k tok/s)
step   1600 loss 2.9681 [ntp=1.841 backchain=1.127 bc_g=2.149 bc_a=0.104] path_acc 0.000 decision_acc 0.055 erank 6.4 (155.2k tok/s)
step   1800 loss 2.9923 [ntp=1.862 backchain=1.130 bc_g=2.178 bc_a=0.083] path_acc 0.000 decision_acc 0.078 erank 3.4 (154.7k tok/s)
step   2000 loss 2.9319 [ntp=1.830 backchain=1.101 bc_g=2.138 bc_a=0.064] path_acc 0.000 decision_acc 0.047 erank 2.8 (158.9k tok/s)
step   2200 loss 2.8362 [ntp=1.774 backchain=1.063 bc_g=2.070 bc_a=0.056] path_acc 0.000 decision_acc 0.043 erank 2.5 (163.1k tok/s)
step   2400 loss 2.8772 [ntp=1.801 backchain=1.076 bc_g=2.100 bc_a=0.052] path_acc 0.000 decision_acc 0.031 erank 2.0 (166.9k tok/s)
step   2600 loss 2.8528 [ntp=1.785 backchain=1.068 bc_g=2.087 bc_a=0.048] path_acc 0.000 decision_acc 0.070 erank 2.0 (170.2k tok/s)
step   2800 loss 2.8058 [ntp=1.757 backchain=1.049 bc_g=2.052 bc_a=0.045] path_acc 0.000 decision_acc 0.051 erank 2.0 (173.1k tok/s)
step   3000 loss 2.8232 [ntp=1.768 backchain=1.056 bc_g=2.069 bc_a=0.043] path_acc 0.000 decision_acc 0.047 erank 1.9 (175.8k tok/s)
step   3200 loss 2.7903 [ntp=1.750 backchain=1.040 bc_g=2.040 bc_a=0.041] path_acc 0.000 decision_acc 0.066 erank 1.8 (178.2k tok/s)
step   3400 loss 2.7688 [ntp=1.736 backchain=1.033 bc_g=2.027 bc_a=0.038] path_acc 0.000 decision_acc 0.047 erank 1.9 (180.3k tok/s)
step   3600 loss 2.7709 [ntp=1.739 backchain=1.032 bc_g=2.025 bc_a=0.038] path_acc 0.000 decision_acc 0.043 erank 1.8 (182.3k tok/s)
step   3800 loss 2.7746 [ntp=1.741 backchain=1.034 bc_g=2.031 bc_a=0.037] path_acc 0.000 decision_acc 0.094 erank 1.7 (184.2k tok/s)
step   4000 loss 2.7643 [ntp=1.732 backchain=1.032 bc_g=2.025 bc_a=0.039] path_acc 0.000 decision_acc 0.051 erank 1.8 (185.9k tok/s)
SUMMARY {"run": "abl_sg_bc_nomtp_seed2", "config": "configs/ablation/abl_sg_bc_nomtp.yaml", "device": "cuda", "params": 5099008, "steps": 4000, "final": {"path_acc": 0.0, "decision_acc": 0.05078125}, "best": {"path_acc": 0.0, "decision_acc": 0.09375}, "eranks": {"erank_0": 38.83, "erank_1": 31.6, "erank_2": 3.18, "erank_3": 1.81, "erank_4": 1.65, "erank_5": 1.54, "erank_6": 1.82}, "wall_s": 239.6}
R9 ALL DONE
