[32mActivated conda/uv virtual environment at [36m/venv/main[0m
[abl_sg_bc_nce_seed0] device=cuda params=5.10M vocab=56 seq_len=87
step    200 loss 6.7776 [ntp=2.206 backchain=4.571 bc_g=2.606 bc_m=3.591 bc_a=2.946] path_acc 0.000 decision_acc 0.035 erank 30.5 (137.5k tok/s)
step    400 loss 5.9326 [ntp=2.052 backchain=3.881 bc_g=2.387 bc_m=3.217 bc_a=2.157] path_acc 0.000 decision_acc 0.035 erank 28.2 (139.8k tok/s)
step    600 loss 5.4070 [ntp=1.965 backchain=3.442 bc_g=2.307 bc_m=3.023 bc_a=1.553] path_acc 0.000 decision_acc 0.047 erank 17.8 (138.4k tok/s)
step    800 loss 5.1783 [ntp=1.956 backchain=3.222 bc_g=2.286 bc_m=2.918 bc_a=1.241] path_acc 0.000 decision_acc 0.035 erank 10.3 (140.2k tok/s)
step   1000 loss 2.6814 [ntp=0.473 backchain=2.208 bc_g=0.474 bc_m=2.980 bc_a=0.963] path_acc 0.121 decision_acc 0.129 erank 16.6 (148.9k tok/s)
step   1200 loss 2.1323 [ntp=0.378 backchain=1.755 bc_g=0.006 bc_m=2.710 bc_a=0.793] path_acc 0.160 decision_acc 0.160 erank 7.1 (153.5k tok/s)
step   1400 loss 1.9471 [ntp=0.372 backchain=1.575 bc_g=0.007 bc_m=2.467 bc_a=0.677] path_acc 0.152 decision_acc 0.152 erank 6.0 (156.3k tok/s)
step   1600 loss 1.7559 [ntp=0.341 backchain=1.415 bc_g=0.006 bc_m=2.206 bc_a=0.618] path_acc 0.176 decision_acc 0.176 erank 3.9 (153.5k tok/s)
step   1800 loss 1.6895 [ntp=0.323 backchain=1.366 bc_g=0.002 bc_m=2.127 bc_a=0.603] path_acc 0.184 decision_acc 0.184 erank 3.6 (152.3k tok/s)
step   2000 loss 1.6396 [ntp=0.317 backchain=1.322 bc_g=0.002 bc_m=2.047 bc_a=0.595] path_acc 0.238 decision_acc 0.238 erank 2.9 (150.6k tok/s)
step   2200 loss 1.5945 [ntp=0.304 backchain=1.290 bc_g=0.001 bc_m=2.002 bc_a=0.577] path_acc 0.176 decision_acc 0.176 erank 2.8 (149.2k tok/s)
step   2400 loss 1.5734 [ntp=0.287 backchain=1.286 bc_g=0.001 bc_m=1.989 bc_a=0.582] path_acc 0.168 decision_acc 0.168 erank 2.7 (148.7k tok/s)
step   2600 loss 1.5231 [ntp=0.252 backchain=1.271 bc_g=0.001 bc_m=1.947 bc_a=0.595] path_acc 0.168 decision_acc 0.168 erank 2.2 (147.5k tok/s)
step   2800 loss 1.5300 [ntp=0.259 backchain=1.271 bc_g=0.001 bc_m=1.913 bc_a=0.627] path_acc 0.191 decision_acc 0.191 erank 2.1 (149.4k tok/s)
step   3000 loss 1.5283 [ntp=0.254 backchain=1.275 bc_g=0.001 bc_m=1.883 bc_a=0.665] path_acc 0.180 decision_acc 0.180 erank 2.3 (148.3k tok/s)
step   3200 loss 1.5355 [ntp=0.259 backchain=1.277 bc_g=0.001 bc_m=1.867 bc_a=0.687] path_acc 0.191 decision_acc 0.191 erank 2.1 (148.4k tok/s)
step   3400 loss 1.5391 [ntp=0.247 backchain=1.292 bc_g=0.001 bc_m=1.855 bc_a=0.728] path_acc 0.191 decision_acc 0.191 erank 2.2 (147.4k tok/s)
step   3600 loss 1.5285 [ntp=0.241 backchain=1.288 bc_g=0.001 bc_m=1.836 bc_a=0.739] path_acc 0.203 decision_acc 0.203 erank 2.1 (147.5k tok/s)
step   3800 loss 1.5225 [ntp=0.247 backchain=1.276 bc_g=0.001 bc_m=1.811 bc_a=0.739] path_acc 0.180 decision_acc 0.180 erank 2.3 (149.7k tok/s)
step   4000 loss 1.5490 [ntp=0.249 backchain=1.300 bc_g=0.001 bc_m=1.826 bc_a=0.774] path_acc 0.227 decision_acc 0.227 erank 2.1 (151.8k tok/s)
SUMMARY {"run": "abl_sg_bc_nce_seed0", "config": "configs/ablation/abl_sg_bc_nce.yaml", "device": "cuda", "params": 5099008, "steps": 4000, "final": {"path_acc": 0.2265625, "decision_acc": 0.2265625}, "best": {"path_acc": 0.23828125, "decision_acc": 0.23828125}, "eranks": {"erank_0": 40.26, "erank_1": 6.81, "erank_2": 2.0, "erank_3": 1.66, "erank_4": 1.7, "erank_5": 2.01, "erank_6": 2.06}, "wall_s": 293.5}
[abl_sg_bc_nce_seed1] device=cuda params=5.10M vocab=56 seq_len=87
step    200 loss 7.0622 [ntp=2.309 backchain=4.754 bc_g=2.599 bc_m=3.631 bc_a=3.278] path_acc 0.000 decision_acc 0.027 erank 32.3 (131.1k tok/s)
step    400 loss 6.0099 [ntp=2.061 backchain=3.949 bc_g=2.411 bc_m=3.200 bc_a=2.287] path_acc 0.000 decision_acc 0.059 erank 7.1 (134.3k tok/s)
step    600 loss 5.6615 [ntp=1.989 backchain=3.672 bc_g=2.324 bc_m=3.067 bc_a=1.954] path_acc 0.000 decision_acc 0.023 erank 3.7 (135.0k tok/s)
step    800 loss 2.6371 [ntp=0.418 backchain=2.219 bc_g=0.086 bc_m=3.010 bc_a=1.342] path_acc 0.160 decision_acc 0.168 erank 15.3 (135.6k tok/s)
step   1000 loss 2.3377 [ntp=0.385 backchain=1.952 bc_g=0.036 bc_m=2.880 bc_a=0.989] path_acc 0.184 decision_acc 0.184 erank 7.1 (135.4k tok/s)
step   1200 loss 2.1665 [ntp=0.359 backchain=1.807 bc_g=0.014 bc_m=2.763 bc_a=0.837] path_acc 0.207 decision_acc 0.207 erank 5.4 (135.7k tok/s)
step   1400 loss 2.0719 [ntp=0.329 backchain=1.743 bc_g=0.004 bc_m=2.696 bc_a=0.785] path_acc 0.242 decision_acc 0.242 erank 3.8 (135.3k tok/s)
step   1600 loss 2.0418 [ntp=0.324 backchain=1.717 bc_g=0.004 bc_m=2.626 bc_a=0.804] path_acc 0.188 decision_acc 0.188 erank 4.1 (136.4k tok/s)
step   1800 loss 2.0125 [ntp=0.306 backchain=1.707 bc_g=0.003 bc_m=2.592 bc_a=0.819] path_acc 0.156 decision_acc 0.156 erank 3.0 (135.8k tok/s)
step   2000 loss 1.9088 [ntp=0.294 backchain=1.615 bc_g=0.001 bc_m=2.436 bc_a=0.792] path_acc 0.191 decision_acc 0.191 erank 2.7 (137.3k tok/s)
step   2200 loss 1.8444 [ntp=0.272 backchain=1.572 bc_g=0.002 bc_m=2.330 bc_a=0.812] path_acc 0.191 decision_acc 0.191 erank 2.3 (137.1k tok/s)
step   2400 loss 1.7217 [ntp=0.268 backchain=1.454 bc_g=0.001 bc_m=2.068 bc_a=0.839] path_acc 0.211 decision_acc 0.211 erank 2.2 (137.0k tok/s)
step   2600 loss 1.6934 [ntp=0.252 backchain=1.441 bc_g=0.001 bc_m=1.998 bc_a=0.883] path_acc 0.184 decision_acc 0.184 erank 2.1 (137.2k tok/s)
step   2800 loss 1.5861 [ntp=0.250 backchain=1.336 bc_g=0.002 bc_m=1.740 bc_a=0.931] path_acc 0.176 decision_acc 0.176 erank 2.2 (137.2k tok/s)
step   3000 loss 1.5502 [ntp=0.246 backchain=1.304 bc_g=0.001 bc_m=1.666 bc_a=0.940] path_acc 0.219 decision_acc 0.219 erank 2.0 (137.0k tok/s)
step   3200 loss 1.5530 [ntp=0.249 backchain=1.304 bc_g=0.001 bc_m=1.659 bc_a=0.949] path_acc 0.199 decision_acc 0.199 erank 2.2 (136.9k tok/s)
step   3400 loss 1.5405 [ntp=0.238 backchain=1.302 bc_g=0.001 bc_m=1.636 bc_a=0.968] path_acc 0.188 decision_acc 0.188 erank 2.0 (136.9k tok/s)
step   3600 loss 1.4852 [ntp=0.237 backchain=1.248 bc_g=0.001 bc_m=1.514 bc_a=0.982] path_acc 0.227 decision_acc 0.227 erank 2.1 (136.7k tok/s)
step   3800 loss 1.4687 [ntp=0.239 backchain=1.230 bc_g=0.001 bc_m=1.477 bc_a=0.982] path_acc 0.203 decision_acc 0.203 erank 2.3 (136.7k tok/s)
step   4000 loss 1.4598 [ntp=0.243 backchain=1.217 bc_g=0.001 bc_m=1.446 bc_a=0.987] path_acc 0.203 decision_acc 0.203 erank 2.3 (136.8k tok/s)
SUMMARY {"run": "abl_sg_bc_nce_seed1", "config": "configs/ablation/abl_sg_bc_nce.yaml", "device": "cuda", "params": 5099008, "steps": 4000, "final": {"path_acc": 0.203125, "decision_acc": 0.203125}, "best": {"path_acc": 0.2421875, "decision_acc": 0.2421875}, "eranks": {"erank_0": 38.67, "erank_1": 2.11, "erank_2": 1.24, "erank_3": 1.28, "erank_4": 1.3, "erank_5": 1.52, "erank_6": 2.33}, "wall_s": 325.6}
[abl_sg_bc_nce_seed2] device=cuda params=5.10M vocab=56 seq_len=87
step    200 loss 7.4363 [ntp=2.670 backchain=4.766 bc_g=2.638 bc_m=3.580 bc_a=3.315] path_acc 0.000 decision_acc 0.039 erank 30.8 (127.4k tok/s)
step    400 loss 6.0870 [ntp=2.064 backchain=4.023 bc_g=2.397 bc_m=3.209 bc_a=2.439] path_acc 0.000 decision_acc 0.047 erank 44.9 (142.1k tok/s)
step    600 loss 5.6035 [ntp=1.999 backchain=3.605 bc_g=2.344 bc_m=3.071 bc_a=1.795] path_acc 0.000 decision_acc 0.062 erank 27.9 (158.1k tok/s)
step    800 loss 2.6429 [ntp=0.459 backchain=2.184 bc_g=0.096 bc_m=3.035 bc_a=1.237] path_acc 0.152 decision_acc 0.191 erank 24.9 (156.9k tok/s)
step   1000 loss 2.3275 [ntp=0.388 backchain=1.940 bc_g=0.015 bc_m=2.893 bc_a=0.971] path_acc 0.148 decision_acc 0.148 erank 7.0 (154.5k tok/s)
step   1200 loss 2.1841 [ntp=0.351 backchain=1.833 bc_g=0.008 bc_m=2.777 bc_a=0.881] path_acc 0.223 decision_acc 0.223 erank 3.3 (151.8k tok/s)
step   1400 loss 2.0562 [ntp=0.327 backchain=1.729 bc_g=0.006 bc_m=2.651 bc_a=0.801] path_acc 0.211 decision_acc 0.211 erank 2.4 (149.2k tok/s)
step   1600 loss 1.9222 [ntp=0.293 backchain=1.629 bc_g=0.005 bc_m=2.518 bc_a=0.734] path_acc 0.230 decision_acc 0.230 erank 2.2 (148.2k tok/s)
step   1800 loss 1.7823 [ntp=0.298 backchain=1.485 bc_g=0.003 bc_m=2.277 bc_a=0.689] path_acc 0.207 decision_acc 0.207 erank 2.1 (147.0k tok/s)
step   2000 loss 1.6643 [ntp=0.281 backchain=1.383 bc_g=0.002 bc_m=2.122 bc_a=0.642] path_acc 0.246 decision_acc 0.246 erank 1.9 (145.8k tok/s)
step   2200 loss 1.6084 [ntp=0.273 backchain=1.336 bc_g=0.002 bc_m=2.041 bc_a=0.628] path_acc 0.227 decision_acc 0.227 erank 2.0 (147.4k tok/s)
step   2400 loss 1.5560 [ntp=0.257 backchain=1.299 bc_g=0.002 bc_m=1.971 bc_a=0.625] path_acc 0.223 decision_acc 0.223 erank 1.8 (146.3k tok/s)
step   2600 loss 1.5256 [ntp=0.252 backchain=1.273 bc_g=0.002 bc_m=1.927 bc_a=0.617] path_acc 0.180 decision_acc 0.180 erank 1.8 (147.8k tok/s)
step   2800 loss 1.3571 [ntp=0.248 backchain=1.109 bc_g=0.001 bc_m=1.604 bc_a=0.614] path_acc 0.215 decision_acc 0.215 erank 1.8 (148.0k tok/s)
step   3000 loss 1.3302 [ntp=0.244 backchain=1.086 bc_g=0.001 bc_m=1.564 bc_a=0.607] path_acc 0.215 decision_acc 0.215 erank 1.7 (149.0k tok/s)
step   3200 loss 1.3162 [ntp=0.247 backchain=1.069 bc_g=0.001 bc_m=1.529 bc_a=0.609] path_acc 0.223 decision_acc 0.223 erank 1.7 (149.6k tok/s)
step   3400 loss 1.2886 [ntp=0.238 backchain=1.051 bc_g=0.001 bc_m=1.501 bc_a=0.600] path_acc 0.215 decision_acc 0.215 erank 1.7 (149.9k tok/s)
step   3600 loss 1.2902 [ntp=0.241 backchain=1.049 bc_g=0.001 bc_m=1.484 bc_a=0.613] path_acc 0.207 decision_acc 0.207 erank 1.6 (150.6k tok/s)
step   3800 loss 1.2892 [ntp=0.234 backchain=1.055 bc_g=0.001 bc_m=1.469 bc_a=0.640] path_acc 0.207 decision_acc 0.207 erank 1.6 (151.0k tok/s)
step   4000 loss 1.2928 [ntp=0.242 backchain=1.051 bc_g=0.001 bc_m=1.458 bc_a=0.644] path_acc 0.156 decision_acc 0.156 erank 1.6 (150.4k tok/s)
SUMMARY {"run": "abl_sg_bc_nce_seed2", "config": "configs/ablation/abl_sg_bc_nce.yaml", "device": "cuda", "params": 5099008, "steps": 4000, "final": {"path_acc": 0.15625, "decision_acc": 0.15625}, "best": {"path_acc": 0.24609375, "decision_acc": 0.24609375}, "eranks": {"erank_0": 40.86, "erank_1": 15.57, "erank_2": 1.48, "erank_3": 1.32, "erank_4": 1.3, "erank_5": 1.41, "erank_6": 1.57}, "wall_s": 296.2}
[abl_sg_bc_12k_seed0] device=cuda params=5.10M vocab=56 seq_len=87
step    400 loss 5.9116 [ntp=2.045 backchain=3.866 bc_g=2.388 bc_m=3.219 bc_a=2.125] path_acc 0.000 decision_acc 0.047 erank 28.5 (132.3k tok/s)
step    800 loss 4.1142 [ntp=1.051 backchain=3.063 bc_g=1.747 bc_m=3.047 bc_a=1.331] path_acc 0.070 decision_acc 0.180 erank 18.2 (135.8k tok/s)
step   1200 loss 1.9322 [ntp=0.378 backchain=1.555 bc_g=0.008 bc_m=2.347 bc_a=0.754] path_acc 0.203 decision_acc 0.203 erank 11.8 (137.5k tok/s)
step   1600 loss 1.7174 [ntp=0.344 backchain=1.374 bc_g=0.017 bc_m=2.060 bc_a=0.671] path_acc 0.168 decision_acc 0.168 erank 5.1 (138.2k tok/s)
step   2000 loss 1.5993 [ntp=0.308 backchain=1.291 bc_g=0.003 bc_m=1.890 bc_a=0.690] path_acc 0.223 decision_acc 0.223 erank 3.3 (138.7k tok/s)
step   2400 loss 1.5599 [ntp=0.297 backchain=1.263 bc_g=0.001 bc_m=1.835 bc_a=0.691] path_acc 0.184 decision_acc 0.184 erank 2.9 (139.0k tok/s)
step   2800 loss 1.5095 [ntp=0.272 backchain=1.237 bc_g=0.001 bc_m=1.664 bc_a=0.810] path_acc 0.234 decision_acc 0.234 erank 2.4 (138.7k tok/s)
step   3200 loss 1.4810 [ntp=0.260 backchain=1.221 bc_g=0.001 bc_m=1.556 bc_a=0.886] path_acc 0.195 decision_acc 0.195 erank 2.6 (138.9k tok/s)
step   3600 loss 1.4668 [ntp=0.250 backchain=1.216 bc_g=0.001 bc_m=1.494 bc_a=0.938] path_acc 0.195 decision_acc 0.195 erank 2.4 (138.9k tok/s)
step   4000 loss 1.4317 [ntp=0.251 backchain=1.181 bc_g=0.000 bc_m=1.334 bc_a=1.027] path_acc 0.262 decision_acc 0.262 erank 2.4 (138.8k tok/s)
step   4400 loss 1.4778 [ntp=0.244 backchain=1.234 bc_g=0.000 bc_m=1.316 bc_a=1.152] path_acc 0.203 decision_acc 0.203 erank 2.1 (138.9k tok/s)
step   4800 loss 1.4446 [ntp=0.243 backchain=1.201 bc_g=0.000 bc_m=1.163 bc_a=1.239] path_acc 0.188 decision_acc 0.188 erank 2.2 (139.0k tok/s)
step   5200 loss 1.4508 [ntp=0.242 backchain=1.209 bc_g=0.001 bc_m=1.122 bc_a=1.295] path_acc 0.203 decision_acc 0.203 erank 2.1 (139.0k tok/s)
step   5600 loss 1.3580 [ntp=0.128 backchain=1.230 bc_g=0.001 bc_m=1.107 bc_a=1.353] path_acc 0.672 decision_acc 0.672 erank 2.0 (139.1k tok/s)
step   6000 loss 1.3334 [ntp=0.096 backchain=1.237 bc_g=0.000 bc_m=1.051 bc_a=1.423] path_acc 0.773 decision_acc 0.773 erank 1.9 (138.8k tok/s)
step   6400 loss 1.2788 [ntp=0.061 backchain=1.217 bc_g=0.000 bc_m=0.982 bc_a=1.453] path_acc 0.801 decision_acc 0.801 erank 1.8 (138.5k tok/s)
step   6800 loss 1.2902 [ntp=0.073 backchain=1.217 bc_g=0.000 bc_m=0.990 bc_a=1.444] path_acc 0.781 decision_acc 0.781 erank 1.8 (138.1k tok/s)
step   7200 loss 1.2417 [ntp=0.035 backchain=1.207 bc_g=0.000 bc_m=0.958 bc_a=1.456] path_acc 0.895 decision_acc 0.895 erank 2.0 (137.8k tok/s)
step   7600 loss 1.1801 [ntp=0.000 backchain=1.180 bc_g=0.000 bc_m=0.949 bc_a=1.410] path_acc 0.992 decision_acc 0.992 erank 1.9 (137.6k tok/s)
step   8000 loss 1.1441 [ntp=0.001 backchain=1.143 bc_g=0.000 bc_m=0.902 bc_a=1.383] path_acc 1.000 decision_acc 1.000 erank 1.8 (137.3k tok/s)
step   8400 loss 1.1016 [ntp=0.000 backchain=1.101 bc_g=0.000 bc_m=0.873 bc_a=1.330] path_acc 1.000 decision_acc 1.000 erank 1.9 (137.1k tok/s)
step   8800 loss 1.0512 [ntp=0.002 backchain=1.050 bc_g=0.000 bc_m=0.817 bc_a=1.282] path_acc 1.000 decision_acc 1.000 erank 1.9 (136.9k tok/s)
step   9200 loss 1.0292 [ntp=0.000 backchain=1.029 bc_g=0.000 bc_m=0.780 bc_a=1.278] path_acc 1.000 decision_acc 1.000 erank 1.8 (136.7k tok/s)
step   9600 loss 1.0105 [ntp=0.000 backchain=1.010 bc_g=0.000 bc_m=0.769 bc_a=1.252] path_acc 1.000 decision_acc 1.000 erank 1.8 (136.5k tok/s)
step  10000 loss 0.9997 [ntp=0.000 backchain=1.000 bc_g=0.000 bc_m=0.748 bc_a=1.252] path_acc 1.000 decision_acc 1.000 erank 1.8 (136.4k tok/s)
step  10400 loss 1.0044 [ntp=0.000 backchain=1.004 bc_g=0.000 bc_m=0.719 bc_a=1.290] path_acc 1.000 decision_acc 1.000 erank 1.8 (136.4k tok/s)
step  10800 loss 1.0040 [ntp=0.000 backchain=1.004 bc_g=0.000 bc_m=0.729 bc_a=1.279] path_acc 1.000 decision_acc 1.000 erank 1.7 (136.3k tok/s)
step  11200 loss 1.0038 [ntp=0.000 backchain=1.004 bc_g=0.000 bc_m=0.717 bc_a=1.291] path_acc 1.000 decision_acc 1.000 erank 1.8 (136.2k tok/s)
step  11600 loss 1.0020 [ntp=0.000 backchain=1.002 bc_g=0.000 bc_m=0.715 bc_a=1.289] path_acc 1.000 decision_acc 1.000 erank 1.7 (136.1k tok/s)
step  12000 loss 1.0129 [ntp=0.000 backchain=1.013 bc_g=0.000 bc_m=0.724 bc_a=1.301] path_acc 1.000 decision_acc 1.000 erank 1.7 (136.0k tok/s)
SUMMARY {"run": "abl_sg_bc_12k_seed0", "config": "configs/ablation/abl_sg_bc_12k.yaml", "device": "cuda", "params": 5099008, "steps": 12000, "final": {"path_acc": 1.0, "decision_acc": 1.0}, "best": {"path_acc": 1.0, "decision_acc": 1.0}, "eranks": {"erank_0": 40.5, "erank_1": 1.69, "erank_2": 1.23, "erank_3": 1.16, "erank_4": 1.2, "erank_5": 1.37, "erank_6": 1.68}, "wall_s": 982.6}
[abl_sg_bc_12k_seed1] device=cuda params=5.10M vocab=56 seq_len=87
step    400 loss 6.0169 [ntp=2.066 backchain=3.950 bc_g=2.416 bc_m=3.203 bc_a=2.282] path_acc 0.000 decision_acc 0.051 erank 8.5 (128.1k tok/s)
step    800 loss 2.6642 [ntp=0.441 backchain=2.224 bc_g=0.085 bc_m=3.009 bc_a=1.353] path_acc 0.180 decision_acc 0.195 erank 18.0 (130.5k tok/s)
step   1200 loss 2.0702 [ntp=0.372 backchain=1.698 bc_g=0.019 bc_m=2.506 bc_a=0.872] path_acc 0.203 decision_acc 0.211 erank 4.3 (131.4k tok/s)
step   1600 loss 1.8198 [ntp=0.309 backchain=1.511 bc_g=0.005 bc_m=2.211 bc_a=0.806] path_acc 0.199 decision_acc 0.203 erank 2.3 (131.9k tok/s)
step   2000 loss 1.7245 [ntp=0.301 backchain=1.424 bc_g=0.002 bc_m=2.154 bc_a=0.691] path_acc 0.199 decision_acc 0.199 erank 1.9 (132.3k tok/s)
step   2400 loss 1.6611 [ntp=0.269 backchain=1.392 bc_g=0.002 bc_m=1.996 bc_a=0.787] path_acc 0.191 decision_acc 0.191 erank 1.6 (132.5k tok/s)
step   2800 loss 1.6246 [ntp=0.257 backchain=1.367 bc_g=0.001 bc_m=1.797 bc_a=0.937] path_acc 0.191 decision_acc 0.191 erank 1.4 (132.7k tok/s)
step   3200 loss 1.6320 [ntp=0.259 backchain=1.373 bc_g=0.001 bc_m=1.661 bc_a=1.084] path_acc 0.148 decision_acc 0.148 erank 1.4 (132.8k tok/s)
step   3600 loss 1.6814 [ntp=0.249 backchain=1.432 bc_g=0.001 bc_m=1.567 bc_a=1.296] path_acc 0.211 decision_acc 0.211 erank 1.3 (132.9k tok/s)
step   4000 loss 1.7854 [ntp=0.258 backchain=1.527 bc_g=0.000 bc_m=1.506 bc_a=1.548] path_acc 0.211 decision_acc 0.211 erank 1.3 (133.0k tok/s)
step   4400 loss 1.8724 [ntp=0.252 backchain=1.621 bc_g=0.000 bc_m=1.465 bc_a=1.776] path_acc 0.191 decision_acc 0.191 erank 1.3 (133.0k tok/s)
step   4800 loss 1.9149 [ntp=0.239 backchain=1.676 bc_g=0.001 bc_m=1.380 bc_a=1.972] path_acc 0.191 decision_acc 0.191 erank 1.3 (133.0k tok/s)
step   5200 loss 1.9010 [ntp=0.242 backchain=1.659 bc_g=0.001 bc_m=1.285 bc_a=2.031] path_acc 0.199 decision_acc 0.199 erank 1.3 (133.0k tok/s)
step   5600 loss 1.8221 [ntp=0.237 backchain=1.585 bc_g=0.000 bc_m=1.244 bc_a=1.926] path_acc 0.172 decision_acc 0.172 erank 1.3 (133.0k tok/s)
step   6000 loss 1.7769 [ntp=0.236 backchain=1.541 bc_g=0.000 bc_m=1.224 bc_a=1.859] path_acc 0.188 decision_acc 0.188 erank 1.2 (133.1k tok/s)
step   6400 loss 1.7217 [ntp=0.244 backchain=1.478 bc_g=0.000 bc_m=1.136 bc_a=1.820] path_acc 0.184 decision_acc 0.184 erank 1.3 (133.2k tok/s)
step   6800 loss 1.6605 [ntp=0.234 backchain=1.427 bc_g=0.000 bc_m=1.105 bc_a=1.748] path_acc 0.180 decision_acc 0.180 erank 1.3 (133.3k tok/s)
step   7200 loss 1.6136 [ntp=0.229 backchain=1.385 bc_g=0.000 bc_m=1.050 bc_a=1.719] path_acc 0.168 decision_acc 0.168 erank 1.3 (134.9k tok/s)
step   7600 loss 1.6102 [ntp=0.233 backchain=1.377 bc_g=0.000 bc_m=1.047 bc_a=1.708] path_acc 0.211 decision_acc 0.211 erank 1.3 (135.5k tok/s)
step   8000 loss 1.6149 [ntp=0.229 backchain=1.386 bc_g=0.000 bc_m=1.021 bc_a=1.751] path_acc 0.207 decision_acc 0.207 erank 1.3 (135.4k tok/s)
step   8400 loss 1.6141 [ntp=0.241 backchain=1.373 bc_g=0.000 bc_m=0.981 bc_a=1.765] path_acc 0.191 decision_acc 0.191 erank 1.3 (135.3k tok/s)
step   8800 loss 1.6264 [ntp=0.236 backchain=1.390 bc_g=0.000 bc_m=0.980 bc_a=1.799] path_acc 0.207 decision_acc 0.207 erank 1.3 (135.2k tok/s)
step   9200 loss 1.6279 [ntp=0.232 backchain=1.396 bc_g=0.000 bc_m=0.930 bc_a=1.863] path_acc 0.184 decision_acc 0.184 erank 1.3 (135.1k tok/s)
step   9600 loss 1.6689 [ntp=0.236 backchain=1.433 bc_g=0.000 bc_m=0.958 bc_a=1.907] path_acc 0.227 decision_acc 0.227 erank 1.3 (135.0k tok/s)
step  10000 loss 1.6598 [ntp=0.224 backchain=1.435 bc_g=0.000 bc_m=0.932 bc_a=1.939] path_acc 0.262 decision_acc 0.262 erank 1.3 (135.0k tok/s)
step  10400 loss 1.6871 [ntp=0.235 backchain=1.452 bc_g=0.000 bc_m=0.943 bc_a=1.960] path_acc 0.223 decision_acc 0.223 erank 1.3 (134.9k tok/s)
step  10800 loss 1.6750 [ntp=0.231 backchain=1.444 bc_g=0.000 bc_m=0.909 bc_a=1.978] path_acc 0.238 decision_acc 0.238 erank 1.3 (134.9k tok/s)
step  11200 loss 1.6574 [ntp=0.233 backchain=1.424 bc_g=0.000 bc_m=0.889 bc_a=1.959] path_acc 0.250 decision_acc 0.250 erank 1.3 (134.8k tok/s)
step  11600 loss 1.6671 [ntp=0.233 backchain=1.434 bc_g=0.000 bc_m=0.912 bc_a=1.956] path_acc 0.234 decision_acc 0.234 erank 1.3 (134.8k tok/s)
step  12000 loss 1.6589 [ntp=0.234 backchain=1.425 bc_g=0.000 bc_m=0.899 bc_a=1.951] path_acc 0.223 decision_acc 0.223 erank 1.3 (134.7k tok/s)
SUMMARY {"run": "abl_sg_bc_12k_seed1", "config": "configs/ablation/abl_sg_bc_12k.yaml", "device": "cuda", "params": 5099008, "steps": 12000, "final": {"path_acc": 0.22265625, "decision_acc": 0.22265625}, "best": {"path_acc": 0.26171875, "decision_acc": 0.26171875}, "eranks": {"erank_0": 40.73, "erank_1": 1.2, "erank_2": 1.06, "erank_3": 1.12, "erank_4": 1.16, "erank_5": 1.15, "erank_6": 1.3}, "wall_s": 992.1}
[abl_sg_bc_12k_seed2] device=cuda params=5.10M vocab=56 seq_len=87
step    400 loss 6.1085 [ntp=2.059 backchain=4.049 bc_g=2.390 bc_m=3.200 bc_a=2.508] path_acc 0.000 decision_acc 0.047 erank 44.5 (138.4k tok/s)
step    800 loss 5.2658 [ntp=1.937 backchain=3.329 bc_g=2.273 bc_m=2.948 bc_a=1.437] path_acc 0.000 decision_acc 0.074 erank 11.2 (140.7k tok/s)
step   1200 loss 2.2175 [ntp=0.350 backchain=1.868 bc_g=0.009 bc_m=2.821 bc_a=0.905] path_acc 0.195 decision_acc 0.195 erank 3.4 (138.7k tok/s)
step   1600 loss 1.8214 [ntp=0.288 backchain=1.534 bc_g=0.004 bc_m=2.305 bc_a=0.759] path_acc 0.199 decision_acc 0.199 erank 2.0 (138.1k tok/s)
step   2000 loss 1.5480 [ntp=0.273 backchain=1.275 bc_g=0.002 bc_m=1.840 bc_a=0.708] path_acc 0.188 decision_acc 0.188 erank 1.5 (137.3k tok/s)
step   2400 loss 1.4089 [ntp=0.254 backchain=1.155 bc_g=0.001 bc_m=1.572 bc_a=0.737] path_acc 0.215 decision_acc 0.215 erank 1.4 (136.8k tok/s)
step   2800 loss 1.4049 [ntp=0.254 backchain=1.151 bc_g=0.001 bc_m=1.518 bc_a=0.782] path_acc 0.180 decision_acc 0.180 erank 1.3 (142.9k tok/s)
step   3200 loss 1.3924 [ntp=0.264 backchain=1.129 bc_g=0.001 bc_m=1.479 bc_a=0.778] path_acc 0.219 decision_acc 0.219 erank 1.2 (148.5k tok/s)
step   3600 loss 1.3743 [ntp=0.250 backchain=1.124 bc_g=0.001 bc_m=1.433 bc_a=0.814] path_acc 0.234 decision_acc 0.234 erank 1.2 (151.4k tok/s)
step   4000 loss 1.3641 [ntp=0.248 backchain=1.116 bc_g=0.000 bc_m=1.401 bc_a=0.832] path_acc 0.191 decision_acc 0.191 erank 1.1 (149.4k tok/s)
step   4400 loss 1.3506 [ntp=0.248 backchain=1.103 bc_g=0.001 bc_m=1.336 bc_a=0.869] path_acc 0.160 decision_acc 0.160 erank 1.1 (147.8k tok/s)
step   4800 loss 1.3493 [ntp=0.245 backchain=1.104 bc_g=0.000 bc_m=1.277 bc_a=0.931] path_acc 0.203 decision_acc 0.203 erank 1.1 (146.5k tok/s)
step   5200 loss 1.3580 [ntp=0.246 backchain=1.112 bc_g=0.001 bc_m=1.225 bc_a=0.999] path_acc 0.203 decision_acc 0.203 erank 1.1 (145.7k tok/s)
step   5600 loss 1.3664 [ntp=0.240 backchain=1.126 bc_g=0.000 bc_m=1.208 bc_a=1.044] path_acc 0.211 decision_acc 0.211 erank 1.1 (144.7k tok/s)
step   6000 loss 1.3503 [ntp=0.246 backchain=1.105 bc_g=0.001 bc_m=1.153 bc_a=1.056] path_acc 0.234 decision_acc 0.234 erank 1.1 (144.2k tok/s)
step   6400 loss 1.3499 [ntp=0.237 backchain=1.113 bc_g=0.000 bc_m=1.151 bc_a=1.073] path_acc 0.207 decision_acc 0.207 erank 1.1 (146.9k tok/s)
step   6800 loss 1.3407 [ntp=0.239 backchain=1.101 bc_g=0.000 bc_m=1.114 bc_a=1.088] path_acc 0.195 decision_acc 0.195 erank 1.1 (149.3k tok/s)
step   7200 loss 1.3555 [ntp=0.245 backchain=1.111 bc_g=0.000 bc_m=1.114 bc_a=1.107] path_acc 0.207 decision_acc 0.207 erank 1.1 (151.6k tok/s)
step   7600 loss 1.3318 [ntp=0.231 backchain=1.101 bc_g=0.000 bc_m=1.067 bc_a=1.134] path_acc 0.191 decision_acc 0.191 erank 1.1 (151.1k tok/s)
step   8000 loss 1.3517 [ntp=0.238 backchain=1.114 bc_g=0.000 bc_m=1.096 bc_a=1.132] path_acc 0.246 decision_acc 0.246 erank 1.0 (150.1k tok/s)
step   8400 loss 1.3207 [ntp=0.228 backchain=1.093 bc_g=0.000 bc_m=1.061 bc_a=1.124] path_acc 0.234 decision_acc 0.234 erank 1.0 (149.3k tok/s)
step   8800 loss 1.3315 [ntp=0.234 backchain=1.098 bc_g=0.000 bc_m=1.080 bc_a=1.115] path_acc 0.203 decision_acc 0.203 erank 1.1 (148.6k tok/s)
step   9200 loss 1.3129 [ntp=0.236 backchain=1.077 bc_g=0.000 bc_m=1.035 bc_a=1.119] path_acc 0.227 decision_acc 0.227 erank 1.0 (147.8k tok/s)
step   9600 loss 1.2899 [ntp=0.230 backchain=1.060 bc_g=0.000 bc_m=1.012 bc_a=1.108] path_acc 0.219 decision_acc 0.219 erank 1.1 (147.2k tok/s)
step  10000 loss 1.3269 [ntp=0.239 backchain=1.088 bc_g=0.000 bc_m=1.032 bc_a=1.143] path_acc 0.227 decision_acc 0.227 erank 1.0 (146.8k tok/s)
step  10400 loss 1.3087 [ntp=0.233 backchain=1.075 bc_g=0.000 bc_m=1.018 bc_a=1.133] path_acc 0.223 decision_acc 0.223 erank 1.0 (146.3k tok/s)
step  10800 loss 1.3076 [ntp=0.235 backchain=1.073 bc_g=0.000 bc_m=1.001 bc_a=1.145] path_acc 0.215 decision_acc 0.215 erank 1.0 (145.7k tok/s)
step  11200 loss 1.3298 [ntp=0.234 backchain=1.096 bc_g=0.000 bc_m=1.026 bc_a=1.166] path_acc 0.215 decision_acc 0.215 erank 1.1 (145.2k tok/s)
step  11600 loss 1.3022 [ntp=0.234 backchain=1.068 bc_g=0.000 bc_m=0.977 bc_a=1.160] path_acc 0.230 decision_acc 0.230 erank 1.1 (144.8k tok/s)
step  12000 loss 1.3050 [ntp=0.233 backchain=1.072 bc_g=0.000 bc_m=0.984 bc_a=1.160] path_acc 0.195 decision_acc 0.195 erank 1.1 (144.4k tok/s)
SUMMARY {"run": "abl_sg_bc_12k_seed2", "config": "configs/ablation/abl_sg_bc_12k.yaml", "device": "cuda", "params": 5099008, "steps": 12000, "final": {"path_acc": 0.1953125, "decision_acc": 0.1953125}, "best": {"path_acc": 0.24609375, "decision_acc": 0.24609375}, "eranks": {"erank_0": 39.38, "erank_1": 20.37, "erank_2": 1.02, "erank_3": 1.02, "erank_4": 1.03, "erank_5": 1.04, "erank_6": 1.06}, "wall_s": 925.4}
R9B ALL DONE
