[32mActivated conda/uv virtual environment at [36m/venv/main[0m
wrote 46 configs to configs/ablation/
=== abl_attn_ema_tgt4_seed0 (done, skipping) ===
=== abl_attn_ema_tgt4_seed1 (done, skipping) ===
=== abl_attn_ema_tgt4_seed2 (done, skipping) ===
=== abl_attnc8_ema_tgt4_seed0 (done, skipping) ===
=== abl_attnc8_ema_tgt4_seed1 (done, skipping) ===
=== abl_attnc8_ema_tgt4_seed2 (done, skipping) ===
=== abl_c4_ema_tgt4_seed0 (done, skipping) ===
=== abl_c4_ema_tgt4_seed1 (done, skipping) ===
=== abl_c4_ema_tgt4_seed2 (done, skipping) ===
=== abl_c8_ema_tgt4_seed0 (done, skipping) ===
=== abl_c8_ema_tgt4_seed1 (done, skipping) ===
=== abl_c8_ema_tgt4_seed2 (done, skipping) ===
=== abl_d2p_src2_seed0 (done, skipping) ===
=== abl_d2p_src2_seed1 (done, skipping) ===
=== abl_d2p_src2_seed2 (done, skipping) ===
=== abl_d2p_src4_seed0 (done, skipping) ===
=== abl_d2p_src4_seed1 (done, skipping) ===
=== abl_d2p_src4_seed2 (done, skipping) ===
=== abl_d2p_src4_w25_seed0 (done, skipping) ===
=== abl_d2p_src4_w25_seed1 (done, skipping) ===
=== abl_d2p_src4_w25_seed2 (done, skipping) ===
=== abl_ema_tgt1_seed0 (done, skipping) ===
=== abl_ema_tgt1_seed1 (done, skipping) ===
=== abl_ema_tgt1_seed2 (done, skipping) ===
=== abl_ema_tgt2_seed0 (done, skipping) ===
=== abl_ema_tgt2_seed1 (done, skipping) ===
=== abl_ema_tgt2_seed2 (done, skipping) ===
=== abl_ema_tgt6_seed0 (done, skipping) ===
=== abl_ema_tgt6_seed1 (done, skipping) ===
=== abl_ema_tgt6_seed2 (done, skipping) ===
=== abl_h_d2v25_seed0 (done, skipping) ===
=== abl_h_d2v25_seed1 (done, skipping) ===
=== abl_h_d2v25_seed2 (done, skipping) ===
=== abl_h_d2v25c_seed0 (done, skipping) ===
=== abl_h_d2v25c_seed1 (done, skipping) ===
=== abl_h_d2v25c_seed2 (done, skipping) ===
=== abl_h_d2v25m_seed0 (done, skipping) ===
=== abl_h_d2v25m_seed1 (done, skipping) ===
=== abl_h_d2v25m_seed2 (done, skipping) ===
=== abl_h_d2v50_seed0 (done, skipping) ===
=== abl_h_d2v50_seed1 (done, skipping) ===
=== abl_h_d2v50_seed2 (done, skipping) ===
=== abl_h_d2vctl25_seed0 (done, skipping) ===
=== abl_h_d2vctl25_seed1 (done, skipping) ===
=== abl_h_d2vctl25_seed2 (done, skipping) ===
=== abl_h_d2vctl50_seed0 (done, skipping) ===
=== abl_h_d2vctl50_seed1 (done, skipping) ===
=== abl_h_d2vctl50_seed2 (done, skipping) ===
=== abl_h_entw_seed0 (done, skipping) ===
=== abl_h_entw_seed1 (done, skipping) ===
=== abl_h_entw_seed2 (done, skipping) ===
=== abl_h_gap16_seed0 (done, skipping) ===
=== abl_h_gap16_seed1 (done, skipping) ===
=== abl_h_gap16_seed2 (done, skipping) ===
=== abl_h_gap8_seed0 (done, skipping) ===
=== abl_h_gap8_seed1 (done, skipping) ===
=== abl_h_gap8_seed2 (done, skipping) ===
=== abl_h_lsh_seed0 (done, skipping) ===
=== abl_h_lsh_seed1 (done, skipping) ===
=== abl_h_lsh_seed2 (done, skipping) ===
=== abl_h_nceh_seed0 (done, skipping) ===
=== abl_h_nceh_seed1 (done, skipping) ===
=== abl_h_nceh_seed2 (done, skipping) ===
=== abl_h_noisytgt50_seed0 (done, skipping) ===
=== abl_h_noisytgt50_seed1 (done, skipping) ===
=== abl_h_noisytgt50_seed2 (done, skipping) ===
=== abl_infonce_ema_tgt4_seed0 (done, skipping) ===
=== abl_infonce_ema_tgt4_seed1 (done, skipping) ===
=== abl_infonce_ema_tgt4_seed2 (done, skipping) ===
=== abl_k16_ema_tgt4_seed0 (done, skipping) ===
=== abl_k16_ema_tgt4_seed1 (done, skipping) ===
=== abl_k16_ema_tgt4_seed2 (done, skipping) ===
=== abl_k32_ema_tgt4_seed0 (done, skipping) ===
=== abl_k32_ema_tgt4_seed1 (done, skipping) ===
=== abl_k32_ema_tgt4_seed2 (done, skipping) ===
=== abl_k4_ema_tgt4_seed0 (done, skipping) ===
=== abl_k4_ema_tgt4_seed1 (done, skipping) ===
=== abl_k4_ema_tgt4_seed2 (done, skipping) ===
=== abl_l2_ema_tgt4_seed0 (done, skipping) ===
=== abl_l2_ema_tgt4_seed1 (done, skipping) ===
=== abl_l2_ema_tgt4_seed2 (done, skipping) ===
=== abl_m16_ema_tgt4_seed0 (done, skipping) ===
=== abl_m16_ema_tgt4_seed1 (done, skipping) ===
=== abl_m16_ema_tgt4_seed2 (done, skipping) ===
=== abl_m8_ema_tgt4_seed0 (done, skipping) ===
=== abl_m8_ema_tgt4_seed1 (done, skipping) ===
=== abl_m8_ema_tgt4_seed2 (done, skipping) ===
=== abl_mtp_k8_seed0 (done, skipping) ===
=== abl_mtp_k8_seed1 (done, skipping) ===
=== abl_mtp_k8_seed2 (done, skipping) ===
=== abl_s2_combo_seed0 (done, skipping) ===
=== abl_s2_combo_seed1 (done, skipping) ===
=== abl_s2_combo_seed2 (done, skipping) ===
=== abl_s2_mtp8jepa_seed0 (done, skipping) ===
=== abl_s2_mtp8jepa_seed1 (done, skipping) ===
=== abl_s2_mtp8jepa_seed2 (done, skipping) ===
=== abl_s2_sg_combo_seed0 (done, skipping) ===
=== abl_s2_sg_combo_seed1 (done, skipping) ===
=== abl_s2_sg_combo_seed2 (done, skipping) ===
=== abl_s2_sg_mtp8_seed0 (done, skipping) ===
=== abl_s2_sg_mtp8_seed1 (done, skipping) ===
=== abl_s2_sg_mtp8_seed2 (done, skipping) ===
=== abl_same_tgt2_seed0 (done, skipping) ===
=== abl_same_tgt2_seed1 (done, skipping) ===
=== abl_same_tgt2_seed2 (done, skipping) ===
=== abl_same_tgt4_seed0 (done, skipping) ===
=== abl_same_tgt4_seed1 (done, skipping) ===
=== abl_same_tgt4_seed2 (done, skipping) ===
=== abl_same_tgt6_seed0 (done, skipping) ===
=== abl_same_tgt6_seed1 (done, skipping) ===
=== abl_same_tgt6_seed2 (done, skipping) ===
=== abl_sigreg_ema_tgt4_seed0 (done, skipping) ===
=== abl_sigreg_ema_tgt4_seed1 (done, skipping) ===
=== abl_sigreg_ema_tgt4_seed2 (done, skipping) ===
=== abl_src2_ema_tgt4_seed0 (done, skipping) ===
=== abl_src2_ema_tgt4_seed1 (done, skipping) ===
=== abl_src2_ema_tgt4_seed2 (done, skipping) ===
=== abl_src4_ema_tgt4_seed0 (done, skipping) ===
=== abl_src4_ema_tgt4_seed1 (done, skipping) ===
=== abl_src4_ema_tgt4_seed2 (done, skipping) ===
=== abl_syn16_jepa_seed0 ===
step   4000 loss 2.6961 [ntp=2.636 jepa_pooled=0.060] path_acc 0.637 decision_acc 0.719 syn_cos_within 0.911 syn_cos_between -0.012 erank 24.3 (213.8k tok/s)
SUMMARY {"run": "abl_syn16_jepa_seed0", "config": "configs/ablation/abl_syn16_jepa.yaml", "device": "cuda", "params": 5133312, "steps": 4000, "final": {"path_acc": 0.63671875, "decision_acc": 0.7188755020080321, "syn_cos_within": 0.9108285307884216, "syn_cos_between": -0.012451660819351673}, "best": {"path_acc": 0.64453125, "decision_acc": 0.7309236947791165, "syn_cos_within": 0.9108285307884216, "syn_cos_between": -0.008539199829101562}, "eranks": {"erank_0": 25.79, "erank_1": 13.62, "erank_2": 21.4, "erank_3": 24.29, "erank_4": 26.53, "erank_5": 30.72, "erank_6": 24.28}, "wall_s": 352.1}
=== abl_syn16_jepa_seed1 ===
step   4000 loss 2.7075 [ntp=2.639 jepa_pooled=0.068] path_acc 0.621 decision_acc 0.697 syn_cos_within 0.911 syn_cos_between -0.014 erank 22.3 (211.6k tok/s)
SUMMARY {"run": "abl_syn16_jepa_seed1", "config": "configs/ablation/abl_syn16_jepa.yaml", "device": "cuda", "params": 5133312, "steps": 4000, "final": {"path_acc": 0.62109375, "decision_acc": 0.6968503937007874, "syn_cos_within": 0.9111009240150452, "syn_cos_between": -0.013608605600893497}, "best": {"path_acc": 0.66796875, "decision_acc": 0.7322834645669292, "syn_cos_within": 0.9111009240150452, "syn_cos_between": -0.008299353532493114}, "eranks": {"erank_0": 23.4, "erank_1": 11.25, "erank_2": 15.43, "erank_3": 19.83, "erank_4": 22.0, "erank_5": 27.32, "erank_6": 22.28}, "wall_s": 355.8}
=== abl_syn16_jepa_seed2 ===
step   4000 loss 2.6924 [ntp=2.628 jepa_pooled=0.064] path_acc 0.680 decision_acc 0.756 syn_cos_within 0.911 syn_cos_between -0.011 erank 25.3 (213.8k tok/s)
SUMMARY {"run": "abl_syn16_jepa_seed2", "config": "configs/ablation/abl_syn16_jepa.yaml", "device": "cuda", "params": 5133312, "steps": 4000, "final": {"path_acc": 0.6796875, "decision_acc": 0.7559055118110236, "syn_cos_within": 0.9113272428512573, "syn_cos_between": -0.010744900442659855}, "best": {"path_acc": 0.6796875, "decision_acc": 0.7559055118110236, "syn_cos_within": 0.9113272428512573, "syn_cos_between": -0.0066474429331719875}, "eranks": {"erank_0": 24.36, "erank_1": 12.81, "erank_2": 19.31, "erank_3": 22.92, "erank_4": 24.68, "erank_5": 29.42, "erank_6": 25.28}, "wall_s": 352.0}
=== abl_syn16_mtp8_seed0 ===
step   4000 loss 4.3616 [ntp=2.615 mtp=1.747] path_acc 0.836 decision_acc 0.863 syn_cos_within 0.931 syn_cos_between -0.004 erank 5.9 (212.6k tok/s)
SUMMARY {"run": "abl_syn16_mtp8_seed0", "config": "configs/ablation/abl_syn16_mtp8.yaml", "device": "cuda", "params": 5914112, "steps": 4000, "final": {"path_acc": 0.8359375, "decision_acc": 0.8634538152610441, "syn_cos_within": 0.9305180311203003, "syn_cos_between": -0.004360381979495287}, "best": {"path_acc": 0.8359375, "decision_acc": 0.8674698795180723, "syn_cos_within": 0.9305180311203003, "syn_cos_between": -0.004360381979495287}, "eranks": {"erank_0": 28.23, "erank_1": 9.06, "erank_2": 6.32, "erank_3": 6.06, "erank_4": 2.67, "erank_5": 2.81, "erank_6": 5.88}, "wall_s": 354.0}
=== abl_syn16_mtp8_seed1 ===
step   4000 loss 4.3811 [ntp=2.623 mtp=1.759] path_acc 0.832 decision_acc 0.854 syn_cos_within 0.931 syn_cos_between -0.005 erank 40.8 (213.7k tok/s)
SUMMARY {"run": "abl_syn16_mtp8_seed1", "config": "configs/ablation/abl_syn16_mtp8.yaml", "device": "cuda", "params": 5914112, "steps": 4000, "final": {"path_acc": 0.83203125, "decision_acc": 0.8543307086614174, "syn_cos_within": 0.9306043982505798, "syn_cos_between": -0.004842593800276518}, "best": {"path_acc": 0.83203125, "decision_acc": 0.8543307086614174, "syn_cos_within": 0.9306043982505798, "syn_cos_between": -0.004842593800276518}, "eranks": {"erank_0": 27.62, "erank_1": 10.75, "erank_2": 13.3, "erank_3": 16.91, "erank_4": 24.13, "erank_5": 28.49, "erank_6": 40.82}, "wall_s": 352.2}
=== abl_syn16_mtp8_seed2 ===
step   4000 loss 4.4118 [ntp=2.598 mtp=1.813] path_acc 0.793 decision_acc 0.819 syn_cos_within 0.932 syn_cos_between -0.002 erank 36.4 (213.8k tok/s)
SUMMARY {"run": "abl_syn16_mtp8_seed2", "config": "configs/ablation/abl_syn16_mtp8.yaml", "device": "cuda", "params": 5914112, "steps": 4000, "final": {"path_acc": 0.79296875, "decision_acc": 0.8188976377952756, "syn_cos_within": 0.9316211938858032, "syn_cos_between": -0.0016990711446851492}, "best": {"path_acc": 0.81640625, "decision_acc": 0.8346456692913385, "syn_cos_within": 0.9316211938858032, "syn_cos_between": -0.0016990711446851492}, "eranks": {"erank_0": 27.3, "erank_1": 11.99, "erank_2": 15.88, "erank_3": 14.75, "erank_4": 18.42, "erank_5": 23.21, "erank_6": 36.38}, "wall_s": 352.0}
=== abl_syn16_ntp_seed0 ===
step   4000 loss 2.6413 [ntp=2.641] path_acc 0.637 decision_acc 0.699 syn_cos_within 0.907 syn_cos_between -0.012 erank 21.5 (238.1k tok/s)
SUMMARY {"run": "abl_syn16_ntp_seed0", "config": "configs/ablation/abl_syn16_ntp.yaml", "device": "cuda", "params": 4871168, "steps": 4000, "final": {"path_acc": 0.63671875, "decision_acc": 0.6987951807228916, "syn_cos_within": 0.9073867797851562, "syn_cos_between": -0.012359730899333954}, "best": {"path_acc": 0.63671875, "decision_acc": 0.7188755020080321, "syn_cos_within": 0.9073867797851562, "syn_cos_between": -0.011008571833372116}, "eranks": {"erank_0": 23.26, "erank_1": 10.87, "erank_2": 17.36, "erank_3": 21.51, "erank_4": 26.63, "erank_5": 28.26, "erank_6": 21.48}, "wall_s": 316.1}
=== abl_syn16_ntp_seed1 ===
step   4000 loss 2.6373 [ntp=2.637] path_acc 0.594 decision_acc 0.685 syn_cos_within 0.908 syn_cos_between -0.009 erank 21.8 (238.1k tok/s)
SUMMARY {"run": "abl_syn16_ntp_seed1", "config": "configs/ablation/abl_syn16_ntp.yaml", "device": "cuda", "params": 4871168, "steps": 4000, "final": {"path_acc": 0.59375, "decision_acc": 0.6850393700787402, "syn_cos_within": 0.9078412055969238, "syn_cos_between": -0.009130002930760384}, "best": {"path_acc": 0.59375, "decision_acc": 0.6850393700787402, "syn_cos_within": 0.9078412055969238, "syn_cos_between": -0.009130002930760384}, "eranks": {"erank_0": 24.29, "erank_1": 9.51, "erank_2": 14.95, "erank_3": 20.42, "erank_4": 23.3, "erank_5": 23.33, "erank_6": 21.82}, "wall_s": 316.1}
=== abl_syn16_ntp_seed2 ===
step   4000 loss 2.6349 [ntp=2.635] path_acc 0.582 decision_acc 0.661 syn_cos_within 0.911 syn_cos_between -0.009 erank 19.1 (231.7k tok/s)
SUMMARY {"run": "abl_syn16_ntp_seed2", "config": "configs/ablation/abl_syn16_ntp.yaml", "device": "cuda", "params": 4871168, "steps": 4000, "final": {"path_acc": 0.58203125, "decision_acc": 0.6614173228346457, "syn_cos_within": 0.9114648103713989, "syn_cos_between": -0.0090903015807271}, "best": {"path_acc": 0.5859375, "decision_acc": 0.6771653543307087, "syn_cos_within": 0.9114648103713989, "syn_cos_between": -0.007065955549478531}, "eranks": {"erank_0": 22.15, "erank_1": 10.57, "erank_2": 15.83, "erank_3": 16.98, "erank_4": 22.85, "erank_5": 25.95, "erank_6": 19.13}, "wall_s": 324.8}
=== abl_syn16a_jepa_seed0 ===
step   4000 loss 2.7058 [ntp=2.639 jepa_pooled=0.066] path_acc 0.625 decision_acc 0.713 syn_cos_within 0.873 syn_cos_between -0.010 erank 30.3 (269.8k tok/s)
SUMMARY {"run": "abl_syn16a_jepa_seed0", "config": "configs/ablation/abl_syn16a_jepa.yaml", "device": "cuda", "params": 5133312, "steps": 4000, "final": {"path_acc": 0.625, "decision_acc": 0.7125984251968503, "syn_cos_within": 0.8734117150306702, "syn_cos_between": -0.009968509897589684}, "best": {"path_acc": 0.6484375, "decision_acc": 0.7480314960629921, "syn_cos_within": 0.8734117150306702, "syn_cos_between": -0.0064828707836568356}, "eranks": {"erank_0": 26.3, "erank_1": 15.51, "erank_2": 19.45, "erank_3": 21.71, "erank_4": 27.96, "erank_5": 31.38, "erank_6": 30.33}, "wall_s": 278.9}
=== abl_syn16a_jepa_seed1 ===
step   4000 loss 2.7247 [ntp=2.651 jepa_pooled=0.074] path_acc 0.672 decision_acc 0.737 syn_cos_within 0.880 syn_cos_between -0.013 erank 27.4 (268.0k tok/s)
SUMMARY {"run": "abl_syn16a_jepa_seed1", "config": "configs/ablation/abl_syn16a_jepa.yaml", "device": "cuda", "params": 5133312, "steps": 4000, "final": {"path_acc": 0.671875, "decision_acc": 0.7370517928286853, "syn_cos_within": 0.8803194761276245, "syn_cos_between": -0.012788264080882072}, "best": {"path_acc": 0.671875, "decision_acc": 0.749003984063745, "syn_cos_within": 0.8803194761276245, "syn_cos_between": -0.006874104030430317}, "eranks": {"erank_0": 26.4, "erank_1": 15.71, "erank_2": 16.92, "erank_3": 20.38, "erank_4": 22.96, "erank_5": 28.46, "erank_6": 27.43}, "wall_s": 280.9}
=== abl_syn16a_jepa_seed2 ===
step   4000 loss 2.7115 [ntp=2.647 jepa_pooled=0.065] path_acc 0.660 decision_acc 0.738 syn_cos_within 0.882 syn_cos_between -0.012 erank 28.6 (260.0k tok/s)
SUMMARY {"run": "abl_syn16a_jepa_seed2", "config": "configs/ablation/abl_syn16a_jepa.yaml", "device": "cuda", "params": 5133312, "steps": 4000, "final": {"path_acc": 0.66015625, "decision_acc": 0.7380952380952381, "syn_cos_within": 0.8819089531898499, "syn_cos_between": -0.012400737963616848}, "best": {"path_acc": 0.66015625, "decision_acc": 0.7380952380952381, "syn_cos_within": 0.8819089531898499, "syn_cos_between": -0.006427195854485035}, "eranks": {"erank_0": 23.94, "erank_1": 11.88, "erank_2": 16.7, "erank_3": 21.4, "erank_4": 24.58, "erank_5": 29.1, "erank_6": 28.58}, "wall_s": 289.5}
=== abl_syn16a_mtp8_seed0 ===
step   4000 loss 4.3730 [ntp=2.610 mtp=1.763] path_acc 0.844 decision_acc 0.878 syn_cos_within 0.909 syn_cos_between -0.003 erank 32.0 (267.2k tok/s)
SUMMARY {"run": "abl_syn16a_mtp8_seed0", "config": "configs/ablation/abl_syn16a_mtp8.yaml", "device": "cuda", "params": 5914112, "steps": 4000, "final": {"path_acc": 0.84375, "decision_acc": 0.8779527559055118, "syn_cos_within": 0.9093812108039856, "syn_cos_between": -0.003161792643368244}, "best": {"path_acc": 0.86328125, "decision_acc": 0.8976377952755905, "syn_cos_within": 0.9093812108039856, "syn_cos_between": -0.003161792643368244}, "eranks": {"erank_0": 27.37, "erank_1": 13.24, "erank_2": 11.2, "erank_3": 13.09, "erank_4": 14.26, "erank_5": 17.57, "erank_6": 31.97}, "wall_s": 281.7}
=== abl_syn16a_mtp8_seed1 ===
step   4000 loss 4.3439 [ntp=2.624 mtp=1.720] path_acc 0.859 decision_acc 0.880 syn_cos_within 0.907 syn_cos_between -0.004 erank 32.2 (271.1k tok/s)
SUMMARY {"run": "abl_syn16a_mtp8_seed1", "config": "configs/ablation/abl_syn16a_mtp8.yaml", "device": "cuda", "params": 5914112, "steps": 4000, "final": {"path_acc": 0.859375, "decision_acc": 0.8804780876494024, "syn_cos_within": 0.9073004126548767, "syn_cos_between": -0.003638234920799732}, "best": {"path_acc": 0.859375, "decision_acc": 0.8804780876494024, "syn_cos_within": 0.9073004126548767, "syn_cos_between": -0.003638234920799732}, "eranks": {"erank_0": 25.34, "erank_1": 10.04, "erank_2": 10.7, "erank_3": 15.65, "erank_4": 19.28, "erank_5": 20.57, "erank_6": 32.24}, "wall_s": 277.6}
=== abl_syn16a_mtp8_seed2 ===
step   4000 loss 4.4398 [ntp=2.637 mtp=1.803] path_acc 0.723 decision_acc 0.790 syn_cos_within 0.904 syn_cos_between -0.000 erank 23.0 (264.0k tok/s)
SUMMARY {"run": "abl_syn16a_mtp8_seed2", "config": "configs/ablation/abl_syn16a_mtp8.yaml", "device": "cuda", "params": 5914112, "steps": 4000, "final": {"path_acc": 0.72265625, "decision_acc": 0.7896825396825397, "syn_cos_within": 0.9038490653038025, "syn_cos_between": -0.0003628516860771924}, "best": {"path_acc": 0.7421875, "decision_acc": 0.8015873015873016, "syn_cos_within": 0.9038490653038025, "syn_cos_between": -0.0003628516860771924}, "eranks": {"erank_0": 24.5, "erank_1": 11.98, "erank_2": 8.87, "erank_3": 7.06, "erank_4": 7.67, "erank_5": 9.44, "erank_6": 23.01}, "wall_s": 285.1}
=== abl_syn16a_ntp_seed0 ===
step   4000 loss 2.6487 [ntp=2.649] path_acc 0.574 decision_acc 0.665 syn_cos_within 0.885 syn_cos_between -0.015 erank 23.4 (295.8k tok/s)
SUMMARY {"run": "abl_syn16a_ntp_seed0", "config": "configs/ablation/abl_syn16a_ntp.yaml", "device": "cuda", "params": 4871168, "steps": 4000, "final": {"path_acc": 0.57421875, "decision_acc": 0.6653543307086615, "syn_cos_within": 0.8848822712898254, "syn_cos_between": -0.01497808936983347}, "best": {"path_acc": 0.58984375, "decision_acc": 0.6850393700787402, "syn_cos_within": 0.8848822712898254, "syn_cos_between": -0.009957012720406055}, "eranks": {"erank_0": 22.15, "erank_1": 8.71, "erank_2": 13.7, "erank_3": 18.51, "erank_4": 21.81, "erank_5": 24.67, "erank_6": 23.38}, "wall_s": 254.4}
=== abl_syn16a_ntp_seed1 ===
step   4000 loss 2.6459 [ntp=2.646] path_acc 0.602 decision_acc 0.685 syn_cos_within 0.883 syn_cos_between -0.014 erank 20.2 (301.1k tok/s)
SUMMARY {"run": "abl_syn16a_ntp_seed1", "config": "configs/ablation/abl_syn16a_ntp.yaml", "device": "cuda", "params": 4871168, "steps": 4000, "final": {"path_acc": 0.6015625, "decision_acc": 0.6852589641434262, "syn_cos_within": 0.8831890821456909, "syn_cos_between": -0.013680786825716496}, "best": {"path_acc": 0.625, "decision_acc": 0.7051792828685259, "syn_cos_within": 0.8831890821456909, "syn_cos_between": -0.007463732268661261}, "eranks": {"erank_0": 21.54, "erank_1": 7.06, "erank_2": 10.5, "erank_3": 13.59, "erank_4": 15.49, "erank_5": 20.03, "erank_6": 20.19}, "wall_s": 250.0}
=== abl_syn16a_ntp_seed2 ===
step   4000 loss 2.6526 [ntp=2.653] path_acc 0.594 decision_acc 0.694 syn_cos_within 0.885 syn_cos_between -0.011 erank 20.5 (305.0k tok/s)
SUMMARY {"run": "abl_syn16a_ntp_seed2", "config": "configs/ablation/abl_syn16a_ntp.yaml", "device": "cuda", "params": 4871168, "steps": 4000, "final": {"path_acc": 0.59375, "decision_acc": 0.6944444444444444, "syn_cos_within": 0.8854921460151672, "syn_cos_between": -0.010594460181891918}, "best": {"path_acc": 0.61328125, "decision_acc": 0.7103174603174603, "syn_cos_within": 0.8854921460151672, "syn_cos_between": -0.006724268198013306}, "eranks": {"erank_0": 20.58, "erank_1": 7.7, "erank_2": 11.16, "erank_3": 13.82, "erank_4": 16.69, "erank_5": 21.47, "erank_6": 20.5}, "wall_s": 246.8}
=== abl_syn4_jepa_seed0 ===
step   4000 loss 1.3793 [ntp=1.339 jepa_pooled=0.041] path_acc 0.664 decision_acc 0.739 syn_cos_within 0.983 syn_cos_between -0.009 erank 25.8 (210.4k tok/s)
SUMMARY {"run": "abl_syn4_jepa_seed0", "config": "configs/ablation/abl_syn4_jepa.yaml", "device": "cuda", "params": 5022720, "steps": 4000, "final": {"path_acc": 0.6640625, "decision_acc": 0.7389558232931727, "syn_cos_within": 0.9833126068115234, "syn_cos_between": -0.008582964539527893}, "best": {"path_acc": 0.66796875, "decision_acc": 0.751004016064257, "syn_cos_within": 0.9833126068115234, "syn_cos_between": -0.008582964539527893}, "eranks": {"erank_0": 20.95, "erank_1": 14.38, "erank_2": 16.27, "erank_3": 19.86, "erank_4": 21.57, "erank_5": 24.7, "erank_6": 25.8}, "wall_s": 357.8}
=== abl_syn4_jepa_seed1 ===
step   4000 loss 1.4080 [ntp=1.346 jepa_pooled=0.062] path_acc 0.605 decision_acc 0.681 syn_cos_within 0.985 syn_cos_between -0.014 erank 29.8 (206.1k tok/s)
SUMMARY {"run": "abl_syn4_jepa_seed1", "config": "configs/ablation/abl_syn4_jepa.yaml", "device": "cuda", "params": 5022720, "steps": 4000, "final": {"path_acc": 0.60546875, "decision_acc": 0.6811023622047244, "syn_cos_within": 0.984525203704834, "syn_cos_between": -0.01384784746915102}, "best": {"path_acc": 0.65625, "decision_acc": 0.7283464566929134, "syn_cos_within": 0.984525203704834, "syn_cos_between": -0.013159508816897869}, "eranks": {"erank_0": 21.25, "erank_1": 13.76, "erank_2": 20.88, "erank_3": 24.39, "erank_4": 29.68, "erank_5": 34.27, "erank_6": 29.79}, "wall_s": 365.2}
=== abl_syn4_jepa_seed2 ===
step   4000 loss 1.4081 [ntp=1.344 jepa_pooled=0.064] path_acc 0.656 decision_acc 0.736 syn_cos_within 0.985 syn_cos_between -0.011 erank 30.5 (199.8k tok/s)
SUMMARY {"run": "abl_syn4_jepa_seed2", "config": "configs/ablation/abl_syn4_jepa.yaml", "device": "cuda", "params": 5022720, "steps": 4000, "final": {"path_acc": 0.65625, "decision_acc": 0.7362204724409449, "syn_cos_within": 0.9849305152893066, "syn_cos_between": -0.010554809123277664}, "best": {"path_acc": 0.65625, "decision_acc": 0.7401574803149606, "syn_cos_within": 0.9849305152893066, "syn_cos_between": -0.010526204481720924}, "eranks": {"erank_0": 23.38, "erank_1": 16.13, "erank_2": 24.84, "erank_3": 27.94, "erank_4": 32.34, "erank_5": 35.35, "erank_6": 30.47}, "wall_s": 376.7}
=== abl_syn4_mtp8_seed0 ===
step   4000 loss 2.4061 [ntp=1.316 mtp=1.090] path_acc 0.816 decision_acc 0.855 syn_cos_within 0.986 syn_cos_between -0.008 erank 26.4 (194.5k tok/s)
SUMMARY {"run": "abl_syn4_mtp8_seed0", "config": "configs/ablation/abl_syn4_mtp8.yaml", "device": "cuda", "params": 5029376, "steps": 4000, "final": {"path_acc": 0.81640625, "decision_acc": 0.8554216867469879, "syn_cos_within": 0.9863583445549011, "syn_cos_between": -0.007806119043380022}, "best": {"path_acc": 0.83984375, "decision_acc": 0.8835341365461847, "syn_cos_within": 0.9863583445549011, "syn_cos_between": -0.007806119043380022}, "eranks": {"erank_0": 24.6, "erank_1": 10.64, "erank_2": 17.02, "erank_3": 25.25, "erank_4": 22.58, "erank_5": 14.4, "erank_6": 26.42}, "wall_s": 387.0}
=== abl_syn4_mtp8_seed1 ===
step   4000 loss 2.4380 [ntp=1.325 mtp=1.113] path_acc 0.723 decision_acc 0.772 syn_cos_within 0.987 syn_cos_between -0.011 erank 59.3 (190.5k tok/s)
SUMMARY {"run": "abl_syn4_mtp8_seed1", "config": "configs/ablation/abl_syn4_mtp8.yaml", "device": "cuda", "params": 5029376, "steps": 4000, "final": {"path_acc": 0.72265625, "decision_acc": 0.7716535433070866, "syn_cos_within": 0.9874186515808105, "syn_cos_between": -0.010950197465717793}, "best": {"path_acc": 0.76171875, "decision_acc": 0.7992125984251969, "syn_cos_within": 0.9874186515808105, "syn_cos_between": -0.010938500054180622}, "eranks": {"erank_0": 24.46, "erank_1": 11.94, "erank_2": 19.85, "erank_3": 28.05, "erank_4": 39.29, "erank_5": 45.69, "erank_6": 59.33}, "wall_s": 395.0}
=== abl_syn4_mtp8_seed2 ===
step   4000 loss 2.4223 [ntp=1.317 mtp=1.105] path_acc 0.883 decision_acc 0.906 syn_cos_within 0.986 syn_cos_between -0.008 erank 18.7 (208.6k tok/s)
SUMMARY {"run": "abl_syn4_mtp8_seed2", "config": "configs/ablation/abl_syn4_mtp8.yaml", "device": "cuda", "params": 5029376, "steps": 4000, "final": {"path_acc": 0.8828125, "decision_acc": 0.905511811023622, "syn_cos_within": 0.9863357543945312, "syn_cos_between": -0.008314494974911213}, "best": {"path_acc": 0.8828125, "decision_acc": 0.905511811023622, "syn_cos_within": 0.9863357543945312, "syn_cos_between": -0.008314494974911213}, "eranks": {"erank_0": 24.5, "erank_1": 6.43, "erank_2": 12.01, "erank_3": 17.8, "erank_4": 24.97, "erank_5": 9.59, "erank_6": 18.66}, "wall_s": 360.8}
=== abl_syn4_ntp_seed0 ===
step   4000 loss 1.3395 [ntp=1.340] path_acc 0.676 decision_acc 0.731 syn_cos_within 0.985 syn_cos_between -0.010 erank 22.3 (228.6k tok/s)
SUMMARY {"run": "abl_syn4_ntp_seed0", "config": "configs/ablation/abl_syn4_ntp.yaml", "device": "cuda", "params": 4760576, "steps": 4000, "final": {"path_acc": 0.67578125, "decision_acc": 0.7309236947791165, "syn_cos_within": 0.9850043654441833, "syn_cos_between": -0.010089004412293434}, "best": {"path_acc": 0.67578125, "decision_acc": 0.7309236947791165, "syn_cos_within": 0.9850043654441833, "syn_cos_between": -0.010089004412293434}, "eranks": {"erank_0": 19.7, "erank_1": 10.58, "erank_2": 17.97, "erank_3": 24.09, "erank_4": 26.97, "erank_5": 28.67, "erank_6": 22.28}, "wall_s": 329.2}
=== abl_syn4_ntp_seed1 ===
step   4000 loss 1.3486 [ntp=1.349] path_acc 0.621 decision_acc 0.713 syn_cos_within 0.985 syn_cos_between -0.011 erank 24.1 (230.2k tok/s)
SUMMARY {"run": "abl_syn4_ntp_seed1", "config": "configs/ablation/abl_syn4_ntp.yaml", "device": "cuda", "params": 4760576, "steps": 4000, "final": {"path_acc": 0.62109375, "decision_acc": 0.7125984251968503, "syn_cos_within": 0.9851337671279907, "syn_cos_between": -0.011273806914687157}, "best": {"path_acc": 0.62109375, "decision_acc": 0.7125984251968503, "syn_cos_within": 0.9851337671279907, "syn_cos_between": -0.011273806914687157}, "eranks": {"erank_0": 19.65, "erank_1": 7.91, "erank_2": 13.62, "erank_3": 18.57, "erank_4": 21.98, "erank_5": 23.38, "erank_6": 24.12}, "wall_s": 326.9}
=== abl_syn4_ntp_seed2 ===
step   4000 loss 1.3420 [ntp=1.342] path_acc 0.641 decision_acc 0.720 syn_cos_within 0.984 syn_cos_between -0.012 erank 22.7 (228.4k tok/s)
SUMMARY {"run": "abl_syn4_ntp_seed2", "config": "configs/ablation/abl_syn4_ntp.yaml", "device": "cuda", "params": 4760576, "steps": 4000, "final": {"path_acc": 0.640625, "decision_acc": 0.7204724409448819, "syn_cos_within": 0.9843398332595825, "syn_cos_between": -0.012460430152714252}, "best": {"path_acc": 0.640625, "decision_acc": 0.7204724409448819, "syn_cos_within": 0.9843398332595825, "syn_cos_between": -0.012460430152714252}, "eranks": {"erank_0": 20.25, "erank_1": 8.9, "erank_2": 15.49, "erank_3": 19.14, "erank_4": 22.38, "erank_5": 25.05, "erank_6": 22.66}, "wall_s": 329.5}
=== abl_vicreg_ema_tgt4_seed0 (done, skipping) ===
=== abl_vicreg_ema_tgt4_seed1 (done, skipping) ===
=== abl_vicreg_ema_tgt4_seed2 (done, skipping) ===
--- results ---
method                        n     decision_acc        len_ratio         path_acc       path_valid          set_acc  syn_cos_between   syn_cos_within         val_loss          val_ppl  erank_last  wall_s
abl_attn_ema_tgt4             3    0.725 ±0.034                     0.639 ±0.023                                                                                                              39.0     264
abl_attnc8_ema_tgt4           3    0.706 ±0.011                     0.607 ±0.016                                                                                                              32.5     271
abl_c4_ema_tgt4               3    0.746 ±0.015                     0.676 ±0.022                                                                                                              35.7     245
abl_c8_ema_tgt4               3    0.744 ±0.026                     0.667 ±0.008                                                                                                              31.0     259
abl_d2p_src2                  3    0.787 ±0.035                     0.714 ±0.021                                                                                                              37.4     287
abl_d2p_src4                  3    0.790 ±0.021                     0.730 ±0.023                                                                                                              64.2     289
abl_d2p_src4_w25              3    0.812 ±0.018                     0.759 ±0.016                                                                                                              47.0     286
abl_ema_tgt1                  3    0.725 ±0.010                     0.635 ±0.010                                                                                                              55.0     254
abl_ema_tgt2                  3    0.733 ±0.027                     0.667 ±0.016                                                                                                              48.7     255
abl_ema_tgt6                  3    0.729 ±0.022                     0.641 ±0.006                                                                                                              55.0     263
abl_h_d2v25                   3    0.589 ±0.028                     0.458 ±0.056                                                                                                              20.2     248
abl_h_d2v25c                  3    0.733 ±0.044                     0.652 ±0.031                                                                                                              40.8     343
abl_h_d2v25m                  3    0.583 ±0.007                     0.458 ±0.013                                                                                                              27.2     258
abl_h_d2v50                   3    0.428 ±0.045                     0.092 ±0.073                                                                                                              13.3     258
abl_h_d2vctl25                3    0.603 ±0.015                     0.479 ±0.010                                                                                                              20.8     222
abl_h_d2vctl50                3    0.536 ±0.012                     0.367 ±0.018                                                                                                              21.9     226
abl_h_entw                    3    0.737 ±0.037                     0.664 ±0.022                                                                                                              54.0     268
abl_h_gap16                   3    0.735 ±0.015                     0.638 ±0.012                                                                                                              33.4     259
abl_h_gap8                    3    0.745 ±0.030                     0.659 ±0.013                                                                                                              45.5     250
abl_h_lsh                     3    0.745 ±0.021                     0.672 ±0.006                                                                                                              56.6     259
abl_h_nceh                    3    0.745 ±0.016                     0.676 ±0.008                                                                                                              75.0     257
abl_h_noisytgt50              3    0.715 ±0.017                     0.624 ±0.018                                                                                                              37.8     261
abl_infonce_ema_tgt4          3    0.750 ±0.037                     0.667 ±0.029                                                                                                              85.1     254
abl_k16_ema_tgt4              3    0.745 ±0.027                     0.660 ±0.015                                                                                                              49.4     253
abl_k32_ema_tgt4              3    0.740 ±0.031                     0.650 ±0.024                                                                                                              41.1     256
abl_k4_ema_tgt4               3    0.732 ±0.018                     0.645 ±0.010                                                                                                              53.4     256
abl_l2_ema_tgt4               3    0.742 ±0.033                     0.673 ±0.024                                                                                                              52.0     253
abl_m16_ema_tgt4              3    0.729 ±0.021                     0.647 ±0.021                                                                                                              36.0     344
abl_m8_ema_tgt4               3    0.738 ±0.022                     0.654 ±0.010                                                                                                              45.5     300
abl_mtp_k8                    3    0.845 ±0.025                     0.811 ±0.018                                                                                                              20.7     250
abl_s2_combo                  3    0.746 ±0.027                     0.673 ±0.018                                                                                                              52.4     265
abl_s2_mtp8jepa               3    0.795 ±0.009                     0.747 ±0.019                                                                                                              27.5     289
abl_s2_sg_combo               3    0.198 ±0.026                     0.198 ±0.026                                                                                                               9.6     195
abl_s2_sg_mtp8                3    0.190 ±0.019                     0.190 ±0.019                                                                                                              30.0     204
abl_same_tgt2                 3    0.723 ±0.023                     0.648 ±0.021                                                                                                              32.2     236
abl_same_tgt4                 3    0.692 ±0.025                     0.608 ±0.040                                                                                                              37.8     231
abl_same_tgt6                 3    0.686 ±0.034                     0.599 ±0.037                                                                                                              24.3     228
abl_sigreg_ema_tgt4           3    0.706 ±0.029                     0.621 ±0.028                                                                                                              54.7     261
abl_src2_ema_tgt4             3    0.729 ±0.024                     0.646 ±0.018                                                                                                              37.8     261
abl_src4_ema_tgt4             3    0.732 ±0.038                     0.645 ±0.022                                                                                                              36.1     266
abl_syn16_jepa                3    0.724 ±0.024                     0.646 ±0.025                                     -0.012 ±0.001    0.911 ±0.000                                          23.9     353
abl_syn16_mtp8                3    0.846 ±0.019                     0.820 ±0.019                                     -0.004 ±0.001    0.931 ±0.001                                          27.7     353
abl_syn16_ntp                 3    0.682 ±0.015                     0.604 ±0.024                                     -0.010 ±0.002    0.909 ±0.002                                          20.8     319
abl_syn16a_jepa               3    0.729 ±0.012                     0.652 ±0.020                                     -0.012 ±0.001    0.879 ±0.004                                          28.8     283
abl_syn16a_mtp8               3    0.849 ±0.042                     0.809 ±0.061                                     -0.002 ±0.001    0.907 ±0.002                                          29.1     281
abl_syn16a_ntp                3    0.682 ±0.012                     0.590 ±0.011                                     -0.013 ±0.002    0.885 ±0.001                                          21.4     250
abl_syn4_jepa                 3    0.719 ±0.027                     0.642 ±0.026                                     -0.011 ±0.002    0.984 ±0.001                                          28.7     367
abl_syn4_mtp8                 3    0.844 ±0.055                     0.807 ±0.066                                     -0.009 ±0.001    0.987 ±0.001                                          34.8     381
abl_syn4_ntp                  3    0.721 ±0.008                     0.646 ±0.023                                     -0.011 ±0.001    0.985 ±0.000                                          23.0     329
abl_tp3_jepa                  3                     0.999 ±0.000                     0.951 ±0.006    0.793 ±0.017                                                                            67.5     585
abl_tp3_mtp8                  1                     0.999 ±0.000                     0.958 ±0.000    0.844 ±0.000                                                                            67.1     592
abl_vicreg_ema_tgt4           3    0.729 ±0.020                     0.652 ±0.010                                                                                                              57.7     272
maze10_infonce_ema_tgt4       3    0.605 ±0.011                     0.289 ±0.014                                                                                                              78.0     580
maze10_mtp_k8                 3    0.654 ±0.002                     0.430 ±0.015                                                                                                              28.8     512
maze10_ntp                    3    0.593 ±0.020                     0.314 ±0.023                                                                                                              32.8     483
maze20_infonce_ema_tgt4       3    0.396 ±0.044                     0.000 ±0.000                                                                                                              70.8    3705
maze20_mtp_k8                 3    0.568 ±0.030                     0.124 ±0.009                                                                                                              39.0    3319
maze20_ntp                    3    0.391 ±0.274                     0.072 ±0.051                                                                                                              19.0    3200
maze2_jepa_ans                3    0.736 ±0.040                     0.645 ±0.031                                                                                                              24.9     386
maze2_jepa_ema                3    0.744 ±0.020                     0.663 ±0.018                                                                                                              51.1     446
maze2_jepa_k16                3    0.714 ±0.021                     0.629 ±0.017                                                                                                              36.1     382
maze2_pyramid_hi              3    0.720 ±0.024                     0.639 ±0.037                                                                                                              55.1     465
maze_jepa                     3    0.712 ±0.009                     0.639 ±0.013                                                                                                              39.7     233
maze_mtp                      3    0.821 ±0.014                     0.780 ±0.016                                                                                                              16.3     234
maze_nitp                     3    0.709 ±0.025                     0.637 ±0.025                                                                                                              43.7     218
maze_ntp                      3    0.696 ±0.043                     0.605 ±0.031                                                                                                              27.4     222
maze_pertoken                 3    0.712 ±0.029                     0.643 ±0.023                                                                                                              37.1     240
maze_pyramid                  3    0.731 ±0.025                     0.656 ±0.016                                                                                                              44.6     249
pilot_tp1_5x5_ntp             1                     0.985 ±0.000                     0.996 ±0.000    0.941 ±0.000                                                                            38.3     501
pilot_tp1_6x6_ntp             1                     0.959 ±0.000                     0.988 ±0.000    0.840 ±0.000                                                                            55.9     774
pilot_tp3_5x5_ntp             1                     0.999 ±0.000                     0.958 ±0.000    0.809 ±0.000                                                                            46.5     528
stargraph_jepa                3    0.094 ±0.072                     0.065 ±0.092                                                                                                              40.3     175
stargraph_mtp                 3    0.185 ±0.040                     0.185 ±0.040                                                                                                               3.4     182
stargraph_nitp                3    0.049 ±0.013                     0.000 ±0.000                                                                                                              24.1     170
stargraph_ntp                 3    0.076 ±0.057                     0.052 ±0.074                                                                                                              17.7     167
stargraph_pertoken            3    0.134 ±0.079                     0.125 ±0.091                                                                                                              17.6     193
stargraph_pyramid             3    0.109 ±0.081                     0.074 ±0.105                                                                                                              34.2     213
tinystories_jepa              2                                                                                                                           1.295 ±0.011    3.649 ±0.040       187.1    3626
tinystories_mtp               3                                                                                                                           1.310 ±0.008    3.706 ±0.030       239.4    4194
tinystories_nitp              1                                                                                                                           1.306 ±0.000    3.692 ±0.000       190.4    3632
tinystories_ntp               3                                                                                                                           1.297 ±0.010    3.660 ±0.037       185.0    4229
tinystories_pertoken          1                                                                                                                           1.302 ±0.000    3.678 ±0.000       193.3    3871
tinystories_pyramid           1                                                                                                                           1.306 ±0.000    3.690 ±0.000       196.6    3991
